MPLINK 3.80.03, Linker
Linker Map File - Created Tue Dec 07 15:34:32 2004

                                 Section Info
                  Section       Type    Address   Location Size(Bytes)
                ---------  ---------  ---------  ---------  ---------
                   .org_0       code   0x000000    program   0x000006
                   .org_1       code   0x000004    program   0x000002
                   .org_2       code   0x000005    program   0x000f3a
                   .cinit    romdata   0x0007a2    program   0x000004
                    .code       code   0x0007a4    program   0x000000
                  .config       code   0x002007    program   0x000002
                   .org_3       code   0x002100    program   0x000004
                   .org_4       code   0x002102    program   0x000004
                   .org_5       code   0x002104    program   0x000004
                   .org_6       code   0x002106    program   0x000004
                   .org_7       code   0x002108    program   0x000004
                   .org_8       code   0x00210a    program   0x000010
                   .org_9       code   0x002112    program   0x000010
                  .org_10       code   0x00211a    program   0x000010
                  .org_11       code   0x002122    program   0x000010
                  .org_12       code   0x00212a    program   0x000002
                  .org_13       code   0x00212b    program   0x000002
                  .org_14       code   0x00212c    program   0x000004
                  .org_15       code   0x00212e    program   0x000004
                  .org_16       code   0x002130    program   0x000002
                  .org_17       code   0x002131    program   0x000002
                  .org_18       code   0x002132    program   0x000004
                  .org_19       code   0x002134    program   0x000140
                  .org_20       code   0x0021d4    program   0x000004
                  .org_21       code   0x0021d6    program   0x000004
                  .org_22       code   0x0021d8    program   0x000004
                  .org_23       code   0x0021da    program   0x000004
                  .org_24       code   0x0021dc    program   0x000004
                Bank1Data      udata   0x000020       data   0x00004e
               .udata_shr      udata   0x000070       data   0x00000d
                   .udata      udata   0x0000a0       data   0x000048
                Bank2Data      udata   0x000110       data   0x000030



                              Program Memory Usage 
                               Start         End      
                           ---------   ---------      
                            0x000000    0x000002      
                            0x000004    0x0007a3      
                            0x002007    0x002007      
                            0x002100    0x0021dd      
            2178 out of 8453 program addresses used, program memory utilization is 25%



                              Symbols - Sorted by Name
                     Name    Address   Location    Storage File                     
                ---------  ---------  ---------  --------- ---------                
                 CALC_AVG   0x000350    program     static C:\Embedded\GMB\GMB Analogue\GMB_analogue.asm
                  CALC_CS   0x0005d1    program     static C:\Embedded\GMB\GMB Analogue\GMB_analogue.asm
             CHECK_SERIAL   0x000624    program     static C:\Embedded\GMB\GMB Analogue\GMB_analogue.asm
             COPY_FROM_RX   0x0003e9    program     static C:\Embedded\GMB\GMB Analogue\GMB_analogue.asm
           COPY_TO_EEPROM   0x000772    program     static C:\Embedded\GMB\GMB Analogue\GMB_analogue.asm
               COPY_TO_RX   0x000651    program     static C:\Embedded\GMB\GMB Analogue\GMB_analogue.asm
               COPY_TO_TX   0x000662    program     static C:\Embedded\GMB\GMB Analogue\GMB_analogue.asm
            ERROR_HANDLER   0x000682    program     static C:\Embedded\GMB\GMB Analogue\GMB_analogue.asm
          FIND_EMPTY_RX_Q   0x00063c    program     static C:\Embedded\GMB\GMB Analogue\GMB_analogue.asm
          FIND_EMPTY_TX_Q   0x00062a    program     static C:\Embedded\GMB\GMB Analogue\GMB_analogue.asm
          FUNC_A_THR_XING   0x000170    program     static C:\Embedded\GMB\GMB Analogue\GMB_analogue.asm
          FUNC_B_THR_XING   0x0001a9    program     static C:\Embedded\GMB\GMB Analogue\GMB_analogue.asm
            FUNZ_INGRESSO   0x0000d9    program     static C:\Embedded\GMB\GMB Analogue\GMB_analogue.asm
                  GENERAL   0x000685    program     static C:\Embedded\GMB\GMB Analogue\GMB_analogue.asm
              GET_SAMPLES   0x000335    program     static C:\Embedded\GMB\GMB Analogue\GMB_analogue.asm
                  GO_HIGH   0x00061a    program     static C:\Embedded\GMB\GMB Analogue\GMB_analogue.asm
                   GO_LOW   0x00061f    program     static C:\Embedded\GMB\GMB Analogue\GMB_analogue.asm
                 INGRESSI   0x0006d4    program     static C:\Embedded\GMB\GMB Analogue\GMB_analogue.asm
                 MSG_SEND   0x000551    program     static C:\Embedded\GMB\GMB Analogue\GMB_analogue.asm
              READ_EEPROM   0x000791    program     static C:\Embedded\GMB\GMB Analogue\GMB_analogue.asm
         READ_STABLE_DATA   0x000685    program     static C:\Embedded\GMB\GMB Analogue\GMB_analogue.asm
              RECEIVE_BIT   0x000608    program     static C:\Embedded\GMB\GMB Analogue\GMB_analogue.asm
             RECEIVE_BYTE   0x0005e9    program     static C:\Embedded\GMB\GMB Analogue\GMB_analogue.asm
        RECEIVE_START_BIT   0x0005a7    program     static C:\Embedded\GMB\GMB Analogue\GMB_analogue.asm
        SAVE_OUTPUT_VALUE   0x000754    program     static C:\Embedded\GMB\GMB Analogue\GMB_analogue.asm
     SAVE_STATE_DIRECTION   0x000760    program     static C:\Embedded\GMB\GMB Analogue\GMB_analogue.asm
             SCAN_DIMMERS   0x000109    program     static C:\Embedded\GMB\GMB Analogue\GMB_analogue.asm
             SCAN_RX_QUEU   0x0003d9    program     static C:\Embedded\GMB\GMB Analogue\GMB_analogue.asm
             SCAN_TX_QUEU   0x000522    program     static C:\Embedded\GMB\GMB Analogue\GMB_analogue.asm
                SEND_BYTE   0x000557    program     static C:\Embedded\GMB\GMB Analogue\GMB_analogue.asm
          SEND_EEPROM_MSG   0x00072b    program     static C:\Embedded\GMB\GMB Analogue\GMB_analogue.asm
          SEND_PROG_REPLY   0x000516    program     static C:\Embedded\GMB\GMB Analogue\GMB_analogue.asm
             SEND_REF_MSG   0x000391    program     static C:\Embedded\GMB\GMB Analogue\GMB_analogue.asm
            SND_PORT_PARS   0x000372    program     static C:\Embedded\GMB\GMB Analogue\GMB_analogue.asm
        Service_Interrupt   0x00057f    program     static C:\Embedded\GMB\GMB Analogue\GMB_analogue.asm
                    Start   0x000005    program     static C:\Embedded\GMB\GMB Analogue\GMB_analogue.asm
                 TAKE_BUS   0x00053b    program     static C:\Embedded\GMB\GMB Analogue\GMB_analogue.asm
       THRESHOLD_A_PERIOD   0x000292    program     static C:\Embedded\GMB\GMB Analogue\GMB_analogue.asm
       THRESHOLD_B_PERIOD   0x0002bc    program     static C:\Embedded\GMB\GMB Analogue\GMB_analogue.asm
                   USCITE   0x000698    program     static C:\Embedded\GMB\GMB Analogue\GMB_analogue.asm
           WRITE_OUT_PORT   0x0003b2    program     static C:\Embedded\GMB\GMB Analogue\GMB_analogue.asm
             _.org_2_00E9   0x0000e9    program     static C:\Embedded\GMB\GMB Analogue\GMB_analogue.asm
             _.org_2_00EB   0x0000eb    program     static C:\Embedded\GMB\GMB Analogue\GMB_analogue.asm
             _.org_2_0186   0x000186    program     static C:\Embedded\GMB\GMB Analogue\GMB_analogue.asm
             _.org_2_018B   0x00018b    program     static C:\Embedded\GMB\GMB Analogue\GMB_analogue.asm
             _.org_2_018D   0x00018d    program     static C:\Embedded\GMB\GMB Analogue\GMB_analogue.asm
             _.org_2_0195   0x000195    program     static C:\Embedded\GMB\GMB Analogue\GMB_analogue.asm
             _.org_2_033F   0x00033f    program     static C:\Embedded\GMB\GMB Analogue\GMB_analogue.asm
             _.org_2_0341   0x000341    program     static C:\Embedded\GMB\GMB Analogue\GMB_analogue.asm
             _.org_2_0349   0x000349    program     static C:\Embedded\GMB\GMB Analogue\GMB_analogue.asm
             _.org_2_034C   0x00034c    program     static C:\Embedded\GMB\GMB Analogue\GMB_analogue.asm
             _.org_2_0364   0x000364    program     static C:\Embedded\GMB\GMB Analogue\GMB_analogue.asm
             _.org_2_0366   0x000366    program     static C:\Embedded\GMB\GMB Analogue\GMB_analogue.asm
             _.org_2_038C   0x00038c    program     static C:\Embedded\GMB\GMB Analogue\GMB_analogue.asm
             _.org_2_03A5   0x0003a5    program     static C:\Embedded\GMB\GMB Analogue\GMB_analogue.asm
             _.org_2_03A7   0x0003a7    program     static C:\Embedded\GMB\GMB Analogue\GMB_analogue.asm
             _.org_2_045C   0x00045c    program     static C:\Embedded\GMB\GMB Analogue\GMB_analogue.asm
             _.org_2_045E   0x00045e    program     static C:\Embedded\GMB\GMB Analogue\GMB_analogue.asm
             _.org_2_046D   0x00046d    program     static C:\Embedded\GMB\GMB Analogue\GMB_analogue.asm
             _.org_2_046F   0x00046f    program     static C:\Embedded\GMB\GMB Analogue\GMB_analogue.asm
             _.org_2_0483   0x000483    program     static C:\Embedded\GMB\GMB Analogue\GMB_analogue.asm
             _.org_2_0485   0x000485    program     static C:\Embedded\GMB\GMB Analogue\GMB_analogue.asm
             _.org_2_04AA   0x0004aa    program     static C:\Embedded\GMB\GMB Analogue\GMB_analogue.asm
             _.org_2_04BC   0x0004bc    program     static C:\Embedded\GMB\GMB Analogue\GMB_analogue.asm
             _.org_2_04BE   0x0004be    program     static C:\Embedded\GMB\GMB Analogue\GMB_analogue.asm
             _.org_2_04C5   0x0004c5    program     static C:\Embedded\GMB\GMB Analogue\GMB_analogue.asm
             _.org_2_04C7   0x0004c7    program     static C:\Embedded\GMB\GMB Analogue\GMB_analogue.asm
             _.org_2_0509   0x000509    program     static C:\Embedded\GMB\GMB Analogue\GMB_analogue.asm
             _.org_2_0536   0x000536    program     static C:\Embedded\GMB\GMB Analogue\GMB_analogue.asm
             _.org_2_053F   0x00053f    program     static C:\Embedded\GMB\GMB Analogue\GMB_analogue.asm
             _.org_2_0543   0x000543    program     static C:\Embedded\GMB\GMB Analogue\GMB_analogue.asm
             _.org_2_05BC   0x0005bc    program     static C:\Embedded\GMB\GMB Analogue\GMB_analogue.asm
             _.org_2_05D5   0x0005d5    program     static C:\Embedded\GMB\GMB Analogue\GMB_analogue.asm
             _.org_2_0633   0x000633    program     static C:\Embedded\GMB\GMB Analogue\GMB_analogue.asm
             _.org_2_06F9   0x0006f9    program     static C:\Embedded\GMB\GMB Analogue\GMB_analogue.asm
             _.org_2_0724   0x000724    program     static C:\Embedded\GMB\GMB Analogue\GMB_analogue.asm
             _.org_2_074F   0x00074f    program     static C:\Embedded\GMB\GMB Analogue\GMB_analogue.asm
             _.org_2_0756   0x000756    program     static C:\Embedded\GMB\GMB Analogue\GMB_analogue.asm
             _.org_2_0758   0x000758    program     static C:\Embedded\GMB\GMB Analogue\GMB_analogue.asm
             _.org_2_0775   0x000775    program     static C:\Embedded\GMB\GMB Analogue\GMB_analogue.asm
             _.org_2_0794   0x000794    program     static C:\Embedded\GMB\GMB Analogue\GMB_analogue.asm
         _ACTIVATE_OUTPUT   0x00045a    program     static C:\Embedded\GMB\GMB Analogue\GMB_analogue.asm
                _ADCON_GO   0x00034a    program     static C:\Embedded\GMB\GMB Analogue\GMB_analogue.asm
               _ADCON_RDY   0x00034d    program     static C:\Embedded\GMB\GMB Analogue\GMB_analogue.asm
                  _B0_DWN   0x0001f8    program     static C:\Embedded\GMB\GMB Analogue\GMB_analogue.asm
              _B0_DWN_CNT   0x0001fb    program     static C:\Embedded\GMB\GMB Analogue\GMB_analogue.asm
                 _B0_SAME   0x0001c9    program     static C:\Embedded\GMB\GMB Analogue\GMB_analogue.asm
                   _B0_UP   0x0001cc    program     static C:\Embedded\GMB\GMB Analogue\GMB_analogue.asm
                  _B1_DWN   0x00025d    program     static C:\Embedded\GMB\GMB Analogue\GMB_analogue.asm
              _B1_DWN_CNT   0x000260    program     static C:\Embedded\GMB\GMB Analogue\GMB_analogue.asm
                 _B1_SAME   0x00022e    program     static C:\Embedded\GMB\GMB Analogue\GMB_analogue.asm
                   _B1_UP   0x000231    program     static C:\Embedded\GMB\GMB Analogue\GMB_analogue.asm
         _CANDIDATE_FOUND   0x000529    program     static C:\Embedded\GMB\GMB Analogue\GMB_analogue.asm
             _CHECK_OUT_0   0x000493    program     static C:\Embedded\GMB\GMB Analogue\GMB_analogue.asm
             _CHECK_OUT_1   0x000496    program     static C:\Embedded\GMB\GMB Analogue\GMB_analogue.asm
                 _CHK_BUS   0x000542    program     static C:\Embedded\GMB\GMB Analogue\GMB_analogue.asm
                _CHK_TIME   0x0002a4    program     static C:\Embedded\GMB\GMB Analogue\GMB_analogue.asm
              _CLEAR_DISC   0x000514    program     static C:\Embedded\GMB\GMB Analogue\GMB_analogue.asm
                  _CLR_RX   0x00002d    program     static C:\Embedded\GMB\GMB Analogue\GMB_analogue.asm
                  _CLR_TX   0x000024    program     static C:\Embedded\GMB\GMB Analogue\GMB_analogue.asm
        _COPY_INVIO_STATO   0x000447    program     static C:\Embedded\GMB\GMB Analogue\GMB_analogue.asm
                 _CPU_FIN   0x00043e    program     static C:\Embedded\GMB\GMB Analogue\GMB_analogue.asm
                 _CS_DONE   0x0005d9    program     static C:\Embedded\GMB\GMB Analogue\GMB_analogue.asm
               _DEC_DIM_0   0x000134    program     static C:\Embedded\GMB\GMB Analogue\GMB_analogue.asm
               _DEC_DIM_1   0x000165    program     static C:\Embedded\GMB\GMB Analogue\GMB_analogue.asm
               _DELAY_INI   0x00003f    program     static C:\Embedded\GMB\GMB Analogue\GMB_analogue.asm
              _DELETE_MSG   0x000504    program     static C:\Embedded\GMB\GMB Analogue\GMB_analogue.asm
               _DIMMING_0   0x000117    program     static C:\Embedded\GMB\GMB Analogue\GMB_analogue.asm
               _DIMMING_1   0x000148    program     static C:\Embedded\GMB\GMB Analogue\GMB_analogue.asm
                  _DIMM_0   0x0006ac    program     static C:\Embedded\GMB\GMB Analogue\GMB_analogue.asm
               _DIMM_0_ON   0x000124    program     static C:\Embedded\GMB\GMB Analogue\GMB_analogue.asm
                  _DIMM_1   0x0006ca    program     static C:\Embedded\GMB\GMB Analogue\GMB_analogue.asm
               _DIMM_1_ON   0x000155    program     static C:\Embedded\GMB\GMB Analogue\GMB_analogue.asm
                _DIMM_JOB   0x0000a6    program     static C:\Embedded\GMB\GMB Analogue\GMB_analogue.asm
              _DIM_0_CONT   0x00012a    program     static C:\Embedded\GMB\GMB Analogue\GMB_analogue.asm
              _DIM_1_CONT   0x00015b    program     static C:\Embedded\GMB\GMB Analogue\GMB_analogue.asm
                _DIM_CONT   0x0004b0    program     static C:\Embedded\GMB\GMB Analogue\GMB_analogue.asm
                 _DIM_END   0x00016f    program     static C:\Embedded\GMB\GMB Analogue\GMB_analogue.asm
                 _DISCARD   0x00050e    program     static C:\Embedded\GMB\GMB Analogue\GMB_analogue.asm
                 _DISCESA   0x0004a4    program     static C:\Embedded\GMB\GMB Analogue\GMB_analogue.asm
              _EE_MSG_SND   0x00074d    program     static C:\Embedded\GMB\GMB Analogue\GMB_analogue.asm
                _ENABL_WR   0x0003d7    program     static C:\Embedded\GMB\GMB Analogue\GMB_analogue.asm
              _END_RX_BIT   0x000619    program     static C:\Embedded\GMB\GMB Analogue\GMB_analogue.asm
             _END_RX_BIT2   0x0005fd    program     static C:\Embedded\GMB\GMB Analogue\GMB_analogue.asm
                _END_SMPL   0x000108    program     static C:\Embedded\GMB\GMB Analogue\GMB_analogue.asm
               _END_THR_B   0x000334    program     static C:\Embedded\GMB\GMB Analogue\GMB_analogue.asm
               _ERROR_OUT   0x0003a2    program     static C:\Embedded\GMB\GMB Analogue\GMB_analogue.asm
               _FIND_E_TX   0x00062f    program     static C:\Embedded\GMB\GMB Analogue\GMB_analogue.asm
                 _FIND_RX   0x00058e    program     static C:\Embedded\GMB\GMB Analogue\GMB_analogue.asm
               _FIND_RX_Q   0x0003de    program     static C:\Embedded\GMB\GMB Analogue\GMB_analogue.asm
                 _FIND_TX   0x000526    program     static C:\Embedded\GMB\GMB Analogue\GMB_analogue.asm
                 _FND_QRX   0x000642    program     static C:\Embedded\GMB\GMB Analogue\GMB_analogue.asm
         _FUNCT_SND_THR_0   0x0006ea    program     static C:\Embedded\GMB\GMB Analogue\GMB_analogue.asm
         _FUNCT_SND_THR_1   0x000715    program     static C:\Embedded\GMB\GMB Analogue\GMB_analogue.asm
             _FUNC_B0_THR   0x0000f9    program     static C:\Embedded\GMB\GMB Analogue\GMB_analogue.asm
             _FUNC_B1_THR   0x000104    program     static C:\Embedded\GMB\GMB Analogue\GMB_analogue.asm
               _FUNC_CONT   0x00017c    program     static C:\Embedded\GMB\GMB Analogue\GMB_analogue.asm
       _FUNZIONAMENTO_DIG   0x000478    program     static C:\Embedded\GMB\GMB Analogue\GMB_analogue.asm
           _FUNZ_DIG_DONE   0x0004ea    program     static C:\Embedded\GMB\GMB Analogue\GMB_analogue.asm
               _FUN_A_USC   0x0003a3    program     static C:\Embedded\GMB\GMB Analogue\GMB_analogue.asm
                    _HERE   0x000008    program     static C:\Embedded\GMB\GMB Analogue\GMB_analogue.asm
               _HOLD_HIGH   0x00061c    program     static C:\Embedded\GMB\GMB Analogue\GMB_analogue.asm
                _HOLD_LOW   0x000621    program     static C:\Embedded\GMB\GMB Analogue\GMB_analogue.asm
                    _IDLE   0x0000d1    program     static C:\Embedded\GMB\GMB Analogue\GMB_analogue.asm
               _IDLE_CONT   0x0000d8    program     static C:\Embedded\GMB\GMB Analogue\GMB_analogue.asm
                _IDLE_ERR   0x0000d6    program     static C:\Embedded\GMB\GMB Analogue\GMB_analogue.asm
           _IMPOST_USCITA   0x000466    program     static C:\Embedded\GMB\GMB Analogue\GMB_analogue.asm
                _IMP_DONE   0x000477    program     static C:\Embedded\GMB\GMB Analogue\GMB_analogue.asm
              _INGRESSO_0   0x0006d4    program     static C:\Embedded\GMB\GMB Analogue\GMB_analogue.asm
              _INGRESSO_1   0x0006fe    program     static C:\Embedded\GMB\GMB Analogue\GMB_analogue.asm
              _INIT_PORT1   0x00006b    program     static C:\Embedded\GMB\GMB Analogue\GMB_analogue.asm
            _INI_USCITA_0   0x000698    program     static C:\Embedded\GMB\GMB Analogue\GMB_analogue.asm
            _INI_USCITA_1   0x0006b6    program     static C:\Embedded\GMB\GMB Analogue\GMB_analogue.asm
          _INTERROG_PROGR   0x00043f    program     static C:\Embedded\GMB\GMB Analogue\GMB_analogue.asm
           _INTERROG_STAT   0x000443    program     static C:\Embedded\GMB\GMB Analogue\GMB_analogue.asm
                 _ISR_END   0x0005e0    program     static C:\Embedded\GMB\GMB Analogue\GMB_analogue.asm
          _LISTEN_OTHER_0   0x0006a4    program     static C:\Embedded\GMB\GMB Analogue\GMB_analogue.asm
          _LISTEN_OTHER_1   0x0006c2    program     static C:\Embedded\GMB\GMB Analogue\GMB_analogue.asm
                 _LOOP_CS   0x0005d3    program     static C:\Embedded\GMB\GMB Analogue\GMB_analogue.asm
               _MAIN_LOOP   0x00009a    program     static C:\Embedded\GMB\GMB Analogue\GMB_analogue.asm
             _MAX_RETRIES   0x000748    program     static C:\Embedded\GMB\GMB Analogue\GMB_analogue.asm
             _MIN_RETRIES   0x00074b    program     static C:\Embedded\GMB\GMB Analogue\GMB_analogue.asm
              _MOD_DIM_EE   0x00016c    program     static C:\Embedded\GMB\GMB Analogue\GMB_analogue.asm
                _MSG_DONE   0x000576    program     static C:\Embedded\GMB\GMB Analogue\GMB_analogue.asm
               _MSG_FOUND   0x00053b    program     static C:\Embedded\GMB\GMB Analogue\GMB_analogue.asm
              _NEXT_R_BIT   0x0005ec    program     static C:\Embedded\GMB\GMB Analogue\GMB_analogue.asm
              _NEXT_T_BIT   0x000560    program     static C:\Embedded\GMB\GMB Analogue\GMB_analogue.asm
             _NEXT_USCITA   0x000449    program     static C:\Embedded\GMB\GMB Analogue\GMB_analogue.asm
              _NOFREESLOT   0x00063b    program     static C:\Embedded\GMB\GMB Analogue\GMB_analogue.asm
            _NOT_THIS_MSG   0x000508    program     static C:\Embedded\GMB\GMB Analogue\GMB_analogue.asm
                 _NOT_YET   0x0002bb    program     static C:\Embedded\GMB\GMB Analogue\GMB_analogue.asm
               _NO_HI_THR   0x000191    program     static C:\Embedded\GMB\GMB Analogue\GMB_analogue.asm
              _NO_IDL_ERR   0x0000c7    program     static C:\Embedded\GMB\GMB Analogue\GMB_analogue.asm
             _NO_MORE_MSG   0x00057c    program     static C:\Embedded\GMB\GMB Analogue\GMB_analogue.asm
                _NO_RESET   0x000078    program     static C:\Embedded\GMB\GMB Analogue\GMB_analogue.asm
                _NXT_BYTE   0x000730    program     static C:\Embedded\GMB\GMB Analogue\GMB_analogue.asm
             _NXT_FIND_TX   0x000535    program     static C:\Embedded\GMB\GMB Analogue\GMB_analogue.asm
                _NXT_HIGH   0x000613    program     static C:\Embedded\GMB\GMB Analogue\GMB_analogue.asm
               _NXT_HIGH2   0x0005f7    program     static C:\Embedded\GMB\GMB Analogue\GMB_analogue.asm
            _NXT_PORT_NBR   0x0002b8    program     static C:\Embedded\GMB\GMB Analogue\GMB_analogue.asm
          _NXT_PORT_TIMER   0x000293    program     static C:\Embedded\GMB\GMB Analogue\GMB_analogue.asm
              _NXT_R_BYTE   0x0005a7    program     static C:\Embedded\GMB\GMB Analogue\GMB_analogue.asm
                 _NXT_SUM   0x00035b    program     static C:\Embedded\GMB\GMB Analogue\GMB_analogue.asm
              _NXT_T_BYTE   0x000555    program     static C:\Embedded\GMB\GMB Analogue\GMB_analogue.asm
           _OUTPUT_DIMM_0   0x000138    program     static C:\Embedded\GMB\GMB Analogue\GMB_analogue.asm
           _OUTPUT_DIMM_1   0x000169    program     static C:\Embedded\GMB\GMB Analogue\GMB_analogue.asm
                  _PORTS1   0x00037b    program     static C:\Embedded\GMB\GMB Analogue\GMB_analogue.asm
                _PORT_0_B   0x0001af    program     static C:\Embedded\GMB\GMB Analogue\GMB_analogue.asm
              _PORT_0_TIM   0x000296    program     static C:\Embedded\GMB\GMB Analogue\GMB_analogue.asm
          _PORT_1B_PERIOD   0x0002ec    program     static C:\Embedded\GMB\GMB Analogue\GMB_analogue.asm
                _PORT_1_B   0x000214    program     static C:\Embedded\GMB\GMB Analogue\GMB_analogue.asm
              _PORT_1_DIM   0x00013a    program     static C:\Embedded\GMB\GMB Analogue\GMB_analogue.asm
             _PORT_1_THRS   0x0000fd    program     static C:\Embedded\GMB\GMB Analogue\GMB_analogue.asm
              _PORT_1_TIM   0x00029d    program     static C:\Embedded\GMB\GMB Analogue\GMB_analogue.asm
              _PORT_ERROR   0x000384    program     static C:\Embedded\GMB\GMB Analogue\GMB_analogue.asm
           _PORT_PARS_FIN   0x000390    program     static C:\Embedded\GMB\GMB Analogue\GMB_analogue.asm
             _POR_0_THR_A   0x000173    program     static C:\Embedded\GMB\GMB Analogue\GMB_analogue.asm
             _POR_1_THR_A   0x000178    program     static C:\Embedded\GMB\GMB Analogue\GMB_analogue.asm
          _PROGRAMMAZIONE   0x000426    program     static C:\Embedded\GMB\GMB Analogue\GMB_analogue.asm
              _RD_EE_THR0   0x0006f5    program     static C:\Embedded\GMB\GMB Analogue\GMB_analogue.asm
              _RD_EE_THR1   0x000720    program     static C:\Embedded\GMB\GMB Analogue\GMB_analogue.asm
              _READ_DELAY   0x000343    program     static C:\Embedded\GMB\GMB Analogue\GMB_analogue.asm
                 _REF_OUT   0x0003b1    program     static C:\Embedded\GMB\GMB Analogue\GMB_analogue.asm
          _REPLY_FUNZ_DIG   0x0004e3    program     static C:\Embedded\GMB\GMB Analogue\GMB_analogue.asm
            _REPLY_TO_CPU   0x000431    program     static C:\Embedded\GMB\GMB Analogue\GMB_analogue.asm
         _REPLY_TO_MY_MSG   0x0004eb    program     static C:\Embedded\GMB\GMB Analogue\GMB_analogue.asm
             _RESET_RXMIT   0x000574    program     static C:\Embedded\GMB\GMB Analogue\GMB_analogue.asm
                    _RET1   0x0000a4    program     static C:\Embedded\GMB\GMB Analogue\GMB_analogue.asm
                    _RET2   0x0000ae    program     static C:\Embedded\GMB\GMB Analogue\GMB_analogue.asm
                    _RET3   0x0000b3    program     static C:\Embedded\GMB\GMB Analogue\GMB_analogue.asm
                   _RET_5   0x0000cf    program     static C:\Embedded\GMB\GMB Analogue\GMB_analogue.asm
                   _RET_6   0x0000d0    program     static C:\Embedded\GMB\GMB Analogue\GMB_analogue.asm
                   _RET_7   0x0000a9    program     static C:\Embedded\GMB\GMB Analogue\GMB_analogue.asm
                _RISP_FIN   0x000521    program     static C:\Embedded\GMB\GMB Analogue\GMB_analogue.asm
                 _RXQ_FIN   0x000515    program     static C:\Embedded\GMB\GMB Analogue\GMB_analogue.asm
                _RX_ABORT   0x0005dc    program     static C:\Embedded\GMB\GMB Analogue\GMB_analogue.asm
              _RX_B_ABORT   0x000607    program     static C:\Embedded\GMB\GMB Analogue\GMB_analogue.asm
                _RX_CONT1   0x00059b    program     static C:\Embedded\GMB\GMB Analogue\GMB_analogue.asm
                   _RX_CS   0x0005c0    program     static C:\Embedded\GMB\GMB Analogue\GMB_analogue.asm
            _RX_MSG_FOUND   0x0003e7    program     static C:\Embedded\GMB\GMB Analogue\GMB_analogue.asm
              _RX_Q_FOUND   0x00064b    program     static C:\Embedded\GMB\GMB Analogue\GMB_analogue.asm
          _RX_Q_NOT_FOUND   0x00064f    program     static C:\Embedded\GMB\GMB Analogue\GMB_analogue.asm
                  _SALITA   0x00048f    program     static C:\Embedded\GMB\GMB Analogue\GMB_analogue.asm
              _SALIT_CONT   0x000498    program     static C:\Embedded\GMB\GMB Analogue\GMB_analogue.asm
               _SCAN_JOBS   0x0000b0    program     static C:\Embedded\GMB\GMB Analogue\GMB_analogue.asm
                 _SCAN_TX   0x0000ab    program     static C:\Embedded\GMB\GMB Analogue\GMB_analogue.asm
               _SEND_STAT   0x0000b5    program     static C:\Embedded\GMB\GMB Analogue\GMB_analogue.asm
                  _SET_D0   0x000210    program     static C:\Embedded\GMB\GMB Analogue\GMB_analogue.asm
                  _SET_D1   0x000275    program     static C:\Embedded\GMB\GMB Analogue\GMB_analogue.asm
           _SET_DWN_0_TMR   0x00020b    program     static C:\Embedded\GMB\GMB Analogue\GMB_analogue.asm
           _SET_DWN_1_TMR   0x000270    program     static C:\Embedded\GMB\GMB Analogue\GMB_analogue.asm
            _SET_UP_0_TMR   0x0001f0    program     static C:\Embedded\GMB\GMB Analogue\GMB_analogue.asm
            _SET_UP_1_TMR   0x000255    program     static C:\Embedded\GMB\GMB Analogue\GMB_analogue.asm
               _SFTY_CONT   0x0005a5    program     static C:\Embedded\GMB\GMB Analogue\GMB_analogue.asm
               _SFTY_HIGH   0x00059f    program     static C:\Embedded\GMB\GMB Analogue\GMB_analogue.asm
              _SLOT_FOUND   0x000638    program     static C:\Embedded\GMB\GMB Analogue\GMB_analogue.asm
            _SND_0_UP_MSG   0x0001e0    program     static C:\Embedded\GMB\GMB Analogue\GMB_analogue.asm
            _SND_1_UP_MSG   0x000245    program     static C:\Embedded\GMB\GMB Analogue\GMB_analogue.asm
                  _SND_PP   0x000386    program     static C:\Embedded\GMB\GMB Analogue\GMB_analogue.asm
             _STABLE_DONE   0x000729    program     static C:\Embedded\GMB\GMB Analogue\GMB_analogue.asm
                  _STEPA0   0x0006e2    program     static C:\Embedded\GMB\GMB Analogue\GMB_analogue.asm
                  _STEPA1   0x00070d    program     static C:\Embedded\GMB\GMB Analogue\GMB_analogue.asm
               _STP_BCK_0   0x00011f    program     static C:\Embedded\GMB\GMB Analogue\GMB_analogue.asm
               _STP_BCK_1   0x000150    program     static C:\Embedded\GMB\GMB Analogue\GMB_analogue.asm
              _THR_0_DOWN   0x0001bd    program     static C:\Embedded\GMB\GMB Analogue\GMB_analogue.asm
              _THR_1_DOWN   0x000222    program     static C:\Embedded\GMB\GMB Analogue\GMB_analogue.asm
               _THR_A_END   0x0001a8    program     static C:\Embedded\GMB\GMB Analogue\GMB_analogue.asm
               _THR_B_END   0x000279    program     static C:\Embedded\GMB\GMB Analogue\GMB_analogue.asm
          _THR_B_EPILOGUE   0x00031c    program     static C:\Embedded\GMB\GMB Analogue\GMB_analogue.asm
                 _THR_CHK   0x0000cd    program     static C:\Embedded\GMB\GMB Analogue\GMB_analogue.asm
                _THR_DONE   0x000291    program     static C:\Embedded\GMB\GMB Analogue\GMB_analogue.asm
              _THR_PASSED   0x00019c    program     static C:\Embedded\GMB\GMB Analogue\GMB_analogue.asm
             _TIME_0_DOWN   0x0002d9    program     static C:\Embedded\GMB\GMB Analogue\GMB_analogue.asm
             _TIME_1_DOWN   0x000309    program     static C:\Embedded\GMB\GMB Analogue\GMB_analogue.asm
                _TOGGLE_0   0x0004c6    program     static C:\Embedded\GMB\GMB Analogue\GMB_analogue.asm
                _TOGGLE_1   0x0004c8    program     static C:\Embedded\GMB\GMB Analogue\GMB_analogue.asm
              _TOGGLE_ACT   0x0004c3    program     static C:\Embedded\GMB\GMB Analogue\GMB_analogue.asm
            _TRY_NEXT_TXQ   0x0004f0    program     static C:\Embedded\GMB\GMB Analogue\GMB_analogue.asm
              _TXD_Q_SEAR   0x00050e    program     static C:\Embedded\GMB\GMB Analogue\GMB_analogue.asm
          _USC_INVIO_DONE   0x000465    program     static C:\Embedded\GMB\GMB Analogue\GMB_analogue.asm
                _WAI_HIGH   0x000611    program     static C:\Embedded\GMB\GMB Analogue\GMB_analogue.asm
               _WAI_HIGH2   0x0005f5    program     static C:\Embedded\GMB\GMB Analogue\GMB_analogue.asm
                 _WAI_LOW   0x00060b    program     static C:\Embedded\GMB\GMB Analogue\GMB_analogue.asm
                _WAI_LOW2   0x0005ef    program     static C:\Embedded\GMB\GMB Analogue\GMB_analogue.asm
               _WRI_PORT0   0x0003b8    program     static C:\Embedded\GMB\GMB Analogue\GMB_analogue.asm
               _WRI_PORT1   0x0003c8    program     static C:\Embedded\GMB\GMB Analogue\GMB_analogue.asm
                _WTP_CONT   0x00044c    program     static C:\Embedded\GMB\GMB Analogue\GMB_analogue.asm
                    BIT_0   0x0000c6       data     static C:\Embedded\GMB\GMB Analogue\GMB_analogue.asm
                 CURSOR_0   0x000114       data     static C:\Embedded\GMB\GMB Analogue\GMB_analogue.asm
                 CURSOR_1   0x000115       data     static C:\Embedded\GMB\GMB Analogue\GMB_analogue.asm
               DATA_TIMER   0x000076       data     static C:\Embedded\GMB\GMB Analogue\GMB_analogue.asm
             DATA_TIMER_1   0x000077       data     static C:\Embedded\GMB\GMB Analogue\GMB_analogue.asm
             DIMMER_TIMER   0x0000a4       data     static C:\Embedded\GMB\GMB Analogue\GMB_analogue.asm
            DIM_ACT_TIM_0   0x0000ad       data     static C:\Embedded\GMB\GMB Analogue\GMB_analogue.asm
            DIM_ACT_TIM_1   0x0000b2       data     static C:\Embedded\GMB\GMB Analogue\GMB_analogue.asm
                E2ADDRESS   0x0000da       data     static C:\Embedded\GMB\GMB Analogue\GMB_analogue.asm
                  E2VALUE   0x0000db       data     static C:\Embedded\GMB\GMB Analogue\GMB_analogue.asm
                   FLAGS0   0x0000c7       data     static C:\Embedded\GMB\GMB Analogue\GMB_analogue.asm
                   FLAGS1   0x0000c8       data     static C:\Embedded\GMB\GMB Analogue\GMB_analogue.asm
           FUNZIONE_ING_0   0x0000a9       data     static C:\Embedded\GMB\GMB Analogue\GMB_analogue.asm
           FUNZIONE_ING_1   0x0000aa       data     static C:\Embedded\GMB\GMB Analogue\GMB_analogue.asm
           FUNZIONE_USC_0   0x0000ab       data     static C:\Embedded\GMB\GMB Analogue\GMB_analogue.asm
           FUNZIONE_USC_1   0x0000b0       data     static C:\Embedded\GMB\GMB Analogue\GMB_analogue.asm
              GARBAGE_CAN   0x000136       data     static C:\Embedded\GMB\GMB Analogue\GMB_analogue.asm
              I_FREE_RX_Q   0x0000d9       data     static C:\Embedded\GMB\GMB Analogue\GMB_analogue.asm
               I_FSR_TEMP   0x0000d3       data     static C:\Embedded\GMB\GMB Analogue\GMB_analogue.asm
               I_NBR_BITS   0x0000d6       data     static C:\Embedded\GMB\GMB Analogue\GMB_analogue.asm
              I_NBR_BYTES   0x0000d7       data     static C:\Embedded\GMB\GMB Analogue\GMB_analogue.asm
            I_STATUS_TEMP   0x0000d2       data     static C:\Embedded\GMB\GMB Analogue\GMB_analogue.asm
            I_SUPERVISION   0x0000d8       data     static C:\Embedded\GMB\GMB Analogue\GMB_analogue.asm
               I_TEMP_BIT   0x0000d4       data     static C:\Embedded\GMB\GMB Analogue\GMB_analogue.asm
              I_TEMP_BYT0   0x0000d5       data     static C:\Embedded\GMB\GMB Analogue\GMB_analogue.asm
                 I_W_TEMP   0x000070       data     static C:\Embedded\GMB\GMB Analogue\GMB_analogue.asm
              KEY_TO_PORT   0x0000e5       data     static C:\Embedded\GMB\GMB Analogue\GMB_analogue.asm
           LISTEN_TO_PORT   0x0000c4       data     static C:\Embedded\GMB\GMB Analogue\GMB_analogue.asm
         LISTEN_TO_PORT_1   0x0000c5       data     static C:\Embedded\GMB\GMB Analogue\GMB_analogue.asm
            LISTEN_TO_SRL   0x0000c2       data     static C:\Embedded\GMB\GMB Analogue\GMB_analogue.asm
          LISTEN_TO_SRL_1   0x0000c3       data     static C:\Embedded\GMB\GMB Analogue\GMB_analogue.asm
                 MSG_ARGT   0x0000e3       data     static C:\Embedded\GMB\GMB Analogue\GMB_analogue.asm
                 MSG_DISC   0x0000e2       data     static C:\Embedded\GMB\GMB Analogue\GMB_analogue.asm
               MSG_EXPIRE   0x0000de       data     static C:\Embedded\GMB\GMB Analogue\GMB_analogue.asm
              MSG_HEAD_EE   0x0000cd       data     static C:\Embedded\GMB\GMB Analogue\GMB_analogue.asm
                 MSG_SERL   0x0000e1       data     static C:\Embedded\GMB\GMB Analogue\GMB_analogue.asm
                 MSG_SUBT   0x0000e0       data     static C:\Embedded\GMB\GMB Analogue\GMB_analogue.asm
                 MSG_TYPE   0x0000df       data     static C:\Embedded\GMB\GMB Analogue\GMB_analogue.asm
                 NBR_BITS   0x000072       data     static C:\Embedded\GMB\GMB Analogue\GMB_analogue.asm
                NBR_BYTES   0x000073       data     static C:\Embedded\GMB\GMB Analogue\GMB_analogue.asm
              NBR_ENTRIES   0x0000d0       data     static C:\Embedded\GMB\GMB Analogue\GMB_analogue.asm
           ON_OFF_TIMER_0   0x0000ac       data     static C:\Embedded\GMB\GMB Analogue\GMB_analogue.asm
           ON_OFF_TIMER_1   0x0000b1       data     static C:\Embedded\GMB\GMB Analogue\GMB_analogue.asm
                 OUT_VAL0   0x0000ae       data     static C:\Embedded\GMB\GMB Analogue\GMB_analogue.asm
                 OUT_VAL1   0x0000b3       data     static C:\Embedded\GMB\GMB Analogue\GMB_analogue.asm
              OWN_PROGRAM   0x0000cb       data     static C:\Embedded\GMB\GMB Analogue\GMB_analogue.asm
               OWN_SERIAL   0x0000ca       data     static C:\Embedded\GMB\GMB Analogue\GMB_analogue.asm
             PERIOD_AVG_0   0x000074       data     static C:\Embedded\GMB\GMB Analogue\GMB_analogue.asm
             PERIOD_AVG_1   0x000075       data     static C:\Embedded\GMB\GMB Analogue\GMB_analogue.asm
                  PORT_IN   0x0000ce       data     static C:\Embedded\GMB\GMB Analogue\GMB_analogue.asm
                 PORT_OUT   0x0000cf       data     static C:\Embedded\GMB\GMB Analogue\GMB_analogue.asm
         REFERENCE_SAMPLE   0x0000be       data     static C:\Embedded\GMB\GMB Analogue\GMB_analogue.asm
       REFERENCE_SAMPLE_1   0x0000bf       data     static C:\Embedded\GMB\GMB Analogue\GMB_analogue.asm
             RX_MSG_START   0x0000dd       data     static C:\Embedded\GMB\GMB Analogue\GMB_analogue.asm
                  RX_QUEU   0x000050       data     static C:\Embedded\GMB\GMB Analogue\GMB_analogue.asm
                  SAMPLES   0x0000b6       data     static C:\Embedded\GMB\GMB Analogue\GMB_analogue.asm
              SAMPLE_CNTR   0x0000b5       data     static C:\Embedded\GMB\GMB Analogue\GMB_analogue.asm
           SAMPLE_TIMER_1   0x0000a6       data     static C:\Embedded\GMB\GMB Analogue\GMB_analogue.asm
           SAMPLE_TIMER_2   0x0000a7       data     static C:\Embedded\GMB\GMB Analogue\GMB_analogue.asm
        SAVE_SAMPLE_TIM_1   0x0000e6       data     static C:\Embedded\GMB\GMB Analogue\GMB_analogue.asm
        SAVE_SAMPLE_TIM_2   0x0000e7       data     static C:\Embedded\GMB\GMB Analogue\GMB_analogue.asm
               SEND_FLAGS   0x0000c9       data     static C:\Embedded\GMB\GMB Analogue\GMB_analogue.asm
            SFTY_DIM_TIMR   0x0000a5       data     static C:\Embedded\GMB\GMB Analogue\GMB_analogue.asm
                SND_STATS   0x0000a3       data     static C:\Embedded\GMB\GMB Analogue\GMB_analogue.asm
                 STEPBACK   0x0000a8       data     static C:\Embedded\GMB\GMB Analogue\GMB_analogue.asm
           STEPBACK_TIM_0   0x0000af       data     static C:\Embedded\GMB\GMB Analogue\GMB_analogue.asm
           STEPBACK_TIM_1   0x0000b4       data     static C:\Embedded\GMB\GMB Analogue\GMB_analogue.asm
                   STEP_A   0x0000c0       data     static C:\Embedded\GMB\GMB Analogue\GMB_analogue.asm
                  STEP_A1   0x0000c1       data     static C:\Embedded\GMB\GMB Analogue\GMB_analogue.asm
            TEMPO_INVIO_0   0x000078       data     static C:\Embedded\GMB\GMB Analogue\GMB_analogue.asm
            TEMPO_INVIO_1   0x000079       data     static C:\Embedded\GMB\GMB Analogue\GMB_analogue.asm
                 TEMP_BIT   0x000071       data     static C:\Embedded\GMB\GMB Analogue\GMB_analogue.asm
                TEMP_BYT0   0x00007a       data     static C:\Embedded\GMB\GMB Analogue\GMB_analogue.asm
                TEMP_BYT1   0x00007b       data     static C:\Embedded\GMB\GMB Analogue\GMB_analogue.asm
                TEMP_BYT2   0x00007c       data     static C:\Embedded\GMB\GMB Analogue\GMB_analogue.asm
                  TEMP_SC   0x0000e4       data     static C:\Embedded\GMB\GMB Analogue\GMB_analogue.asm
             THRLD_B0_DWN   0x00011e       data     static C:\Embedded\GMB\GMB Analogue\GMB_analogue.asm
              THRLD_B0_UP   0x000116       data     static C:\Embedded\GMB\GMB Analogue\GMB_analogue.asm
             THRLD_B1_DWN   0x00012e       data     static C:\Embedded\GMB\GMB Analogue\GMB_analogue.asm
              THRLD_B1_UP   0x000126       data     static C:\Embedded\GMB\GMB Analogue\GMB_analogue.asm
         THRSHD_EX_PERIOD   0x0000cc       data     static C:\Embedded\GMB\GMB Analogue\GMB_analogue.asm
              TIMER_0_DWN   0x000111       data     static C:\Embedded\GMB\GMB Analogue\GMB_analogue.asm
               TIMER_0_UP   0x000110       data     static C:\Embedded\GMB\GMB Analogue\GMB_analogue.asm
              TIMER_1_DWN   0x000113       data     static C:\Embedded\GMB\GMB Analogue\GMB_analogue.asm
               TIMER_1_UP   0x000112       data     static C:\Embedded\GMB\GMB Analogue\GMB_analogue.asm
             TIME_SAMPLES   0x0000a2       data     static C:\Embedded\GMB\GMB Analogue\GMB_analogue.asm
             TIME_SCAN_RX   0x0000a1       data     static C:\Embedded\GMB\GMB Analogue\GMB_analogue.asm
             TIME_SCAN_TX   0x0000a0       data     static C:\Embedded\GMB\GMB Analogue\GMB_analogue.asm
             TX_MSG_START   0x0000dc       data     static C:\Embedded\GMB\GMB Analogue\GMB_analogue.asm
                  TX_QUEU   0x000020       data     static C:\Embedded\GMB\GMB Analogue\GMB_analogue.asm
           WAIT_BUS_CLEAR   0x0000d1       data     static C:\Embedded\GMB\GMB Analogue\GMB_analogue.asm



                              Symbols - Sorted by Address
                     Name    Address   Location    Storage File                     
                ---------  ---------  ---------  --------- ---------                
                    Start   0x000005    program     static C:\Embedded\GMB\GMB Analogue\GMB_analogue.asm
                    _HERE   0x000008    program     static C:\Embedded\GMB\GMB Analogue\GMB_analogue.asm
                  _CLR_TX   0x000024    program     static C:\Embedded\GMB\GMB Analogue\GMB_analogue.asm
                  _CLR_RX   0x00002d    program     static C:\Embedded\GMB\GMB Analogue\GMB_analogue.asm
               _DELAY_INI   0x00003f    program     static C:\Embedded\GMB\GMB Analogue\GMB_analogue.asm
              _INIT_PORT1   0x00006b    program     static C:\Embedded\GMB\GMB Analogue\GMB_analogue.asm
                _NO_RESET   0x000078    program     static C:\Embedded\GMB\GMB Analogue\GMB_analogue.asm
               _MAIN_LOOP   0x00009a    program     static C:\Embedded\GMB\GMB Analogue\GMB_analogue.asm
                    _RET1   0x0000a4    program     static C:\Embedded\GMB\GMB Analogue\GMB_analogue.asm
                _DIMM_JOB   0x0000a6    program     static C:\Embedded\GMB\GMB Analogue\GMB_analogue.asm
                   _RET_7   0x0000a9    program     static C:\Embedded\GMB\GMB Analogue\GMB_analogue.asm
                 _SCAN_TX   0x0000ab    program     static C:\Embedded\GMB\GMB Analogue\GMB_analogue.asm
                    _RET2   0x0000ae    program     static C:\Embedded\GMB\GMB Analogue\GMB_analogue.asm
               _SCAN_JOBS   0x0000b0    program     static C:\Embedded\GMB\GMB Analogue\GMB_analogue.asm
                    _RET3   0x0000b3    program     static C:\Embedded\GMB\GMB Analogue\GMB_analogue.asm
               _SEND_STAT   0x0000b5    program     static C:\Embedded\GMB\GMB Analogue\GMB_analogue.asm
              _NO_IDL_ERR   0x0000c7    program     static C:\Embedded\GMB\GMB Analogue\GMB_analogue.asm
                 _THR_CHK   0x0000cd    program     static C:\Embedded\GMB\GMB Analogue\GMB_analogue.asm
                   _RET_5   0x0000cf    program     static C:\Embedded\GMB\GMB Analogue\GMB_analogue.asm
                   _RET_6   0x0000d0    program     static C:\Embedded\GMB\GMB Analogue\GMB_analogue.asm
                    _IDLE   0x0000d1    program     static C:\Embedded\GMB\GMB Analogue\GMB_analogue.asm
                _IDLE_ERR   0x0000d6    program     static C:\Embedded\GMB\GMB Analogue\GMB_analogue.asm
               _IDLE_CONT   0x0000d8    program     static C:\Embedded\GMB\GMB Analogue\GMB_analogue.asm
            FUNZ_INGRESSO   0x0000d9    program     static C:\Embedded\GMB\GMB Analogue\GMB_analogue.asm
             _.org_2_00E9   0x0000e9    program     static C:\Embedded\GMB\GMB Analogue\GMB_analogue.asm
             _.org_2_00EB   0x0000eb    program     static C:\Embedded\GMB\GMB Analogue\GMB_analogue.asm
             _FUNC_B0_THR   0x0000f9    program     static C:\Embedded\GMB\GMB Analogue\GMB_analogue.asm
             _PORT_1_THRS   0x0000fd    program     static C:\Embedded\GMB\GMB Analogue\GMB_analogue.asm
             _FUNC_B1_THR   0x000104    program     static C:\Embedded\GMB\GMB Analogue\GMB_analogue.asm
                _END_SMPL   0x000108    program     static C:\Embedded\GMB\GMB Analogue\GMB_analogue.asm
             SCAN_DIMMERS   0x000109    program     static C:\Embedded\GMB\GMB Analogue\GMB_analogue.asm
               _DIMMING_0   0x000117    program     static C:\Embedded\GMB\GMB Analogue\GMB_analogue.asm
               _STP_BCK_0   0x00011f    program     static C:\Embedded\GMB\GMB Analogue\GMB_analogue.asm
               _DIMM_0_ON   0x000124    program     static C:\Embedded\GMB\GMB Analogue\GMB_analogue.asm
              _DIM_0_CONT   0x00012a    program     static C:\Embedded\GMB\GMB Analogue\GMB_analogue.asm
               _DEC_DIM_0   0x000134    program     static C:\Embedded\GMB\GMB Analogue\GMB_analogue.asm
           _OUTPUT_DIMM_0   0x000138    program     static C:\Embedded\GMB\GMB Analogue\GMB_analogue.asm
              _PORT_1_DIM   0x00013a    program     static C:\Embedded\GMB\GMB Analogue\GMB_analogue.asm
               _DIMMING_1   0x000148    program     static C:\Embedded\GMB\GMB Analogue\GMB_analogue.asm
               _STP_BCK_1   0x000150    program     static C:\Embedded\GMB\GMB Analogue\GMB_analogue.asm
               _DIMM_1_ON   0x000155    program     static C:\Embedded\GMB\GMB Analogue\GMB_analogue.asm
              _DIM_1_CONT   0x00015b    program     static C:\Embedded\GMB\GMB Analogue\GMB_analogue.asm
               _DEC_DIM_1   0x000165    program     static C:\Embedded\GMB\GMB Analogue\GMB_analogue.asm
           _OUTPUT_DIMM_1   0x000169    program     static C:\Embedded\GMB\GMB Analogue\GMB_analogue.asm
              _MOD_DIM_EE   0x00016c    program     static C:\Embedded\GMB\GMB Analogue\GMB_analogue.asm
                 _DIM_END   0x00016f    program     static C:\Embedded\GMB\GMB Analogue\GMB_analogue.asm
          FUNC_A_THR_XING   0x000170    program     static C:\Embedded\GMB\GMB Analogue\GMB_analogue.asm
             _POR_0_THR_A   0x000173    program     static C:\Embedded\GMB\GMB Analogue\GMB_analogue.asm
             _POR_1_THR_A   0x000178    program     static C:\Embedded\GMB\GMB Analogue\GMB_analogue.asm
               _FUNC_CONT   0x00017c    program     static C:\Embedded\GMB\GMB Analogue\GMB_analogue.asm
             _.org_2_0186   0x000186    program     static C:\Embedded\GMB\GMB Analogue\GMB_analogue.asm
             _.org_2_018B   0x00018b    program     static C:\Embedded\GMB\GMB Analogue\GMB_analogue.asm
             _.org_2_018D   0x00018d    program     static C:\Embedded\GMB\GMB Analogue\GMB_analogue.asm
               _NO_HI_THR   0x000191    program     static C:\Embedded\GMB\GMB Analogue\GMB_analogue.asm
             _.org_2_0195   0x000195    program     static C:\Embedded\GMB\GMB Analogue\GMB_analogue.asm
              _THR_PASSED   0x00019c    program     static C:\Embedded\GMB\GMB Analogue\GMB_analogue.asm
               _THR_A_END   0x0001a8    program     static C:\Embedded\GMB\GMB Analogue\GMB_analogue.asm
          FUNC_B_THR_XING   0x0001a9    program     static C:\Embedded\GMB\GMB Analogue\GMB_analogue.asm
                _PORT_0_B   0x0001af    program     static C:\Embedded\GMB\GMB Analogue\GMB_analogue.asm
              _THR_0_DOWN   0x0001bd    program     static C:\Embedded\GMB\GMB Analogue\GMB_analogue.asm
                 _B0_SAME   0x0001c9    program     static C:\Embedded\GMB\GMB Analogue\GMB_analogue.asm
                   _B0_UP   0x0001cc    program     static C:\Embedded\GMB\GMB Analogue\GMB_analogue.asm
            _SND_0_UP_MSG   0x0001e0    program     static C:\Embedded\GMB\GMB Analogue\GMB_analogue.asm
            _SET_UP_0_TMR   0x0001f0    program     static C:\Embedded\GMB\GMB Analogue\GMB_analogue.asm
                  _B0_DWN   0x0001f8    program     static C:\Embedded\GMB\GMB Analogue\GMB_analogue.asm
              _B0_DWN_CNT   0x0001fb    program     static C:\Embedded\GMB\GMB Analogue\GMB_analogue.asm
           _SET_DWN_0_TMR   0x00020b    program     static C:\Embedded\GMB\GMB Analogue\GMB_analogue.asm
                  _SET_D0   0x000210    program     static C:\Embedded\GMB\GMB Analogue\GMB_analogue.asm
                _PORT_1_B   0x000214    program     static C:\Embedded\GMB\GMB Analogue\GMB_analogue.asm
              _THR_1_DOWN   0x000222    program     static C:\Embedded\GMB\GMB Analogue\GMB_analogue.asm
                 _B1_SAME   0x00022e    program     static C:\Embedded\GMB\GMB Analogue\GMB_analogue.asm
                   _B1_UP   0x000231    program     static C:\Embedded\GMB\GMB Analogue\GMB_analogue.asm
            _SND_1_UP_MSG   0x000245    program     static C:\Embedded\GMB\GMB Analogue\GMB_analogue.asm
            _SET_UP_1_TMR   0x000255    program     static C:\Embedded\GMB\GMB Analogue\GMB_analogue.asm
                  _B1_DWN   0x00025d    program     static C:\Embedded\GMB\GMB Analogue\GMB_analogue.asm
              _B1_DWN_CNT   0x000260    program     static C:\Embedded\GMB\GMB Analogue\GMB_analogue.asm
           _SET_DWN_1_TMR   0x000270    program     static C:\Embedded\GMB\GMB Analogue\GMB_analogue.asm
                  _SET_D1   0x000275    program     static C:\Embedded\GMB\GMB Analogue\GMB_analogue.asm
               _THR_B_END   0x000279    program     static C:\Embedded\GMB\GMB Analogue\GMB_analogue.asm
                _THR_DONE   0x000291    program     static C:\Embedded\GMB\GMB Analogue\GMB_analogue.asm
       THRESHOLD_A_PERIOD   0x000292    program     static C:\Embedded\GMB\GMB Analogue\GMB_analogue.asm
          _NXT_PORT_TIMER   0x000293    program     static C:\Embedded\GMB\GMB Analogue\GMB_analogue.asm
              _PORT_0_TIM   0x000296    program     static C:\Embedded\GMB\GMB Analogue\GMB_analogue.asm
              _PORT_1_TIM   0x00029d    program     static C:\Embedded\GMB\GMB Analogue\GMB_analogue.asm
                _CHK_TIME   0x0002a4    program     static C:\Embedded\GMB\GMB Analogue\GMB_analogue.asm
            _NXT_PORT_NBR   0x0002b8    program     static C:\Embedded\GMB\GMB Analogue\GMB_analogue.asm
                 _NOT_YET   0x0002bb    program     static C:\Embedded\GMB\GMB Analogue\GMB_analogue.asm
       THRESHOLD_B_PERIOD   0x0002bc    program     static C:\Embedded\GMB\GMB Analogue\GMB_analogue.asm
             _TIME_0_DOWN   0x0002d9    program     static C:\Embedded\GMB\GMB Analogue\GMB_analogue.asm
          _PORT_1B_PERIOD   0x0002ec    program     static C:\Embedded\GMB\GMB Analogue\GMB_analogue.asm
             _TIME_1_DOWN   0x000309    program     static C:\Embedded\GMB\GMB Analogue\GMB_analogue.asm
          _THR_B_EPILOGUE   0x00031c    program     static C:\Embedded\GMB\GMB Analogue\GMB_analogue.asm
               _END_THR_B   0x000334    program     static C:\Embedded\GMB\GMB Analogue\GMB_analogue.asm
              GET_SAMPLES   0x000335    program     static C:\Embedded\GMB\GMB Analogue\GMB_analogue.asm
             _.org_2_033F   0x00033f    program     static C:\Embedded\GMB\GMB Analogue\GMB_analogue.asm
             _.org_2_0341   0x000341    program     static C:\Embedded\GMB\GMB Analogue\GMB_analogue.asm
              _READ_DELAY   0x000343    program     static C:\Embedded\GMB\GMB Analogue\GMB_analogue.asm
             _.org_2_0349   0x000349    program     static C:\Embedded\GMB\GMB Analogue\GMB_analogue.asm
                _ADCON_GO   0x00034a    program     static C:\Embedded\GMB\GMB Analogue\GMB_analogue.asm
             _.org_2_034C   0x00034c    program     static C:\Embedded\GMB\GMB Analogue\GMB_analogue.asm
               _ADCON_RDY   0x00034d    program     static C:\Embedded\GMB\GMB Analogue\GMB_analogue.asm
                 CALC_AVG   0x000350    program     static C:\Embedded\GMB\GMB Analogue\GMB_analogue.asm
                 _NXT_SUM   0x00035b    program     static C:\Embedded\GMB\GMB Analogue\GMB_analogue.asm
             _.org_2_0364   0x000364    program     static C:\Embedded\GMB\GMB Analogue\GMB_analogue.asm
             _.org_2_0366   0x000366    program     static C:\Embedded\GMB\GMB Analogue\GMB_analogue.asm
            SND_PORT_PARS   0x000372    program     static C:\Embedded\GMB\GMB Analogue\GMB_analogue.asm
                  _PORTS1   0x00037b    program     static C:\Embedded\GMB\GMB Analogue\GMB_analogue.asm
              _PORT_ERROR   0x000384    program     static C:\Embedded\GMB\GMB Analogue\GMB_analogue.asm
                  _SND_PP   0x000386    program     static C:\Embedded\GMB\GMB Analogue\GMB_analogue.asm
             _.org_2_038C   0x00038c    program     static C:\Embedded\GMB\GMB Analogue\GMB_analogue.asm
           _PORT_PARS_FIN   0x000390    program     static C:\Embedded\GMB\GMB Analogue\GMB_analogue.asm
             SEND_REF_MSG   0x000391    program     static C:\Embedded\GMB\GMB Analogue\GMB_analogue.asm
               _ERROR_OUT   0x0003a2    program     static C:\Embedded\GMB\GMB Analogue\GMB_analogue.asm
               _FUN_A_USC   0x0003a3    program     static C:\Embedded\GMB\GMB Analogue\GMB_analogue.asm
             _.org_2_03A5   0x0003a5    program     static C:\Embedded\GMB\GMB Analogue\GMB_analogue.asm
             _.org_2_03A7   0x0003a7    program     static C:\Embedded\GMB\GMB Analogue\GMB_analogue.asm
                 _REF_OUT   0x0003b1    program     static C:\Embedded\GMB\GMB Analogue\GMB_analogue.asm
           WRITE_OUT_PORT   0x0003b2    program     static C:\Embedded\GMB\GMB Analogue\GMB_analogue.asm
               _WRI_PORT0   0x0003b8    program     static C:\Embedded\GMB\GMB Analogue\GMB_analogue.asm
               _WRI_PORT1   0x0003c8    program     static C:\Embedded\GMB\GMB Analogue\GMB_analogue.asm
                _ENABL_WR   0x0003d7    program     static C:\Embedded\GMB\GMB Analogue\GMB_analogue.asm
             SCAN_RX_QUEU   0x0003d9    program     static C:\Embedded\GMB\GMB Analogue\GMB_analogue.asm
               _FIND_RX_Q   0x0003de    program     static C:\Embedded\GMB\GMB Analogue\GMB_analogue.asm
            _RX_MSG_FOUND   0x0003e7    program     static C:\Embedded\GMB\GMB Analogue\GMB_analogue.asm
             COPY_FROM_RX   0x0003e9    program     static C:\Embedded\GMB\GMB Analogue\GMB_analogue.asm
          _PROGRAMMAZIONE   0x000426    program     static C:\Embedded\GMB\GMB Analogue\GMB_analogue.asm
            _REPLY_TO_CPU   0x000431    program     static C:\Embedded\GMB\GMB Analogue\GMB_analogue.asm
                 _CPU_FIN   0x00043e    program     static C:\Embedded\GMB\GMB Analogue\GMB_analogue.asm
          _INTERROG_PROGR   0x00043f    program     static C:\Embedded\GMB\GMB Analogue\GMB_analogue.asm
           _INTERROG_STAT   0x000443    program     static C:\Embedded\GMB\GMB Analogue\GMB_analogue.asm
        _COPY_INVIO_STATO   0x000447    program     static C:\Embedded\GMB\GMB Analogue\GMB_analogue.asm
             _NEXT_USCITA   0x000449    program     static C:\Embedded\GMB\GMB Analogue\GMB_analogue.asm
                _WTP_CONT   0x00044c    program     static C:\Embedded\GMB\GMB Analogue\GMB_analogue.asm
         _ACTIVATE_OUTPUT   0x00045a    program     static C:\Embedded\GMB\GMB Analogue\GMB_analogue.asm
             _.org_2_045C   0x00045c    program     static C:\Embedded\GMB\GMB Analogue\GMB_analogue.asm
             _.org_2_045E   0x00045e    program     static C:\Embedded\GMB\GMB Analogue\GMB_analogue.asm
          _USC_INVIO_DONE   0x000465    program     static C:\Embedded\GMB\GMB Analogue\GMB_analogue.asm
           _IMPOST_USCITA   0x000466    program     static C:\Embedded\GMB\GMB Analogue\GMB_analogue.asm
             _.org_2_046D   0x00046d    program     static C:\Embedded\GMB\GMB Analogue\GMB_analogue.asm
             _.org_2_046F   0x00046f    program     static C:\Embedded\GMB\GMB Analogue\GMB_analogue.asm
                _IMP_DONE   0x000477    program     static C:\Embedded\GMB\GMB Analogue\GMB_analogue.asm
       _FUNZIONAMENTO_DIG   0x000478    program     static C:\Embedded\GMB\GMB Analogue\GMB_analogue.asm
             _.org_2_0483   0x000483    program     static C:\Embedded\GMB\GMB Analogue\GMB_analogue.asm
             _.org_2_0485   0x000485    program     static C:\Embedded\GMB\GMB Analogue\GMB_analogue.asm
                  _SALITA   0x00048f    program     static C:\Embedded\GMB\GMB Analogue\GMB_analogue.asm
             _CHECK_OUT_0   0x000493    program     static C:\Embedded\GMB\GMB Analogue\GMB_analogue.asm
             _CHECK_OUT_1   0x000496    program     static C:\Embedded\GMB\GMB Analogue\GMB_analogue.asm
              _SALIT_CONT   0x000498    program     static C:\Embedded\GMB\GMB Analogue\GMB_analogue.asm
                 _DISCESA   0x0004a4    program     static C:\Embedded\GMB\GMB Analogue\GMB_analogue.asm
             _.org_2_04AA   0x0004aa    program     static C:\Embedded\GMB\GMB Analogue\GMB_analogue.asm
                _DIM_CONT   0x0004b0    program     static C:\Embedded\GMB\GMB Analogue\GMB_analogue.asm
             _.org_2_04BC   0x0004bc    program     static C:\Embedded\GMB\GMB Analogue\GMB_analogue.asm
             _.org_2_04BE   0x0004be    program     static C:\Embedded\GMB\GMB Analogue\GMB_analogue.asm
              _TOGGLE_ACT   0x0004c3    program     static C:\Embedded\GMB\GMB Analogue\GMB_analogue.asm
             _.org_2_04C5   0x0004c5    program     static C:\Embedded\GMB\GMB Analogue\GMB_analogue.asm
                _TOGGLE_0   0x0004c6    program     static C:\Embedded\GMB\GMB Analogue\GMB_analogue.asm
             _.org_2_04C7   0x0004c7    program     static C:\Embedded\GMB\GMB Analogue\GMB_analogue.asm
                _TOGGLE_1   0x0004c8    program     static C:\Embedded\GMB\GMB Analogue\GMB_analogue.asm
          _REPLY_FUNZ_DIG   0x0004e3    program     static C:\Embedded\GMB\GMB Analogue\GMB_analogue.asm
           _FUNZ_DIG_DONE   0x0004ea    program     static C:\Embedded\GMB\GMB Analogue\GMB_analogue.asm
         _REPLY_TO_MY_MSG   0x0004eb    program     static C:\Embedded\GMB\GMB Analogue\GMB_analogue.asm
            _TRY_NEXT_TXQ   0x0004f0    program     static C:\Embedded\GMB\GMB Analogue\GMB_analogue.asm
              _DELETE_MSG   0x000504    program     static C:\Embedded\GMB\GMB Analogue\GMB_analogue.asm
            _NOT_THIS_MSG   0x000508    program     static C:\Embedded\GMB\GMB Analogue\GMB_analogue.asm
             _.org_2_0509   0x000509    program     static C:\Embedded\GMB\GMB Analogue\GMB_analogue.asm
              _TXD_Q_SEAR   0x00050e    program     static C:\Embedded\GMB\GMB Analogue\GMB_analogue.asm
                 _DISCARD   0x00050e    program     static C:\Embedded\GMB\GMB Analogue\GMB_analogue.asm
              _CLEAR_DISC   0x000514    program     static C:\Embedded\GMB\GMB Analogue\GMB_analogue.asm
                 _RXQ_FIN   0x000515    program     static C:\Embedded\GMB\GMB Analogue\GMB_analogue.asm
          SEND_PROG_REPLY   0x000516    program     static C:\Embedded\GMB\GMB Analogue\GMB_analogue.asm
                _RISP_FIN   0x000521    program     static C:\Embedded\GMB\GMB Analogue\GMB_analogue.asm
             SCAN_TX_QUEU   0x000522    program     static C:\Embedded\GMB\GMB Analogue\GMB_analogue.asm
                 _FIND_TX   0x000526    program     static C:\Embedded\GMB\GMB Analogue\GMB_analogue.asm
         _CANDIDATE_FOUND   0x000529    program     static C:\Embedded\GMB\GMB Analogue\GMB_analogue.asm
             _NXT_FIND_TX   0x000535    program     static C:\Embedded\GMB\GMB Analogue\GMB_analogue.asm
             _.org_2_0536   0x000536    program     static C:\Embedded\GMB\GMB Analogue\GMB_analogue.asm
                 TAKE_BUS   0x00053b    program     static C:\Embedded\GMB\GMB Analogue\GMB_analogue.asm
               _MSG_FOUND   0x00053b    program     static C:\Embedded\GMB\GMB Analogue\GMB_analogue.asm
             _.org_2_053F   0x00053f    program     static C:\Embedded\GMB\GMB Analogue\GMB_analogue.asm
                 _CHK_BUS   0x000542    program     static C:\Embedded\GMB\GMB Analogue\GMB_analogue.asm
             _.org_2_0543   0x000543    program     static C:\Embedded\GMB\GMB Analogue\GMB_analogue.asm
                 MSG_SEND   0x000551    program     static C:\Embedded\GMB\GMB Analogue\GMB_analogue.asm
              _NXT_T_BYTE   0x000555    program     static C:\Embedded\GMB\GMB Analogue\GMB_analogue.asm
                SEND_BYTE   0x000557    program     static C:\Embedded\GMB\GMB Analogue\GMB_analogue.asm
              _NEXT_T_BIT   0x000560    program     static C:\Embedded\GMB\GMB Analogue\GMB_analogue.asm
             _RESET_RXMIT   0x000574    program     static C:\Embedded\GMB\GMB Analogue\GMB_analogue.asm
                _MSG_DONE   0x000576    program     static C:\Embedded\GMB\GMB Analogue\GMB_analogue.asm
             _NO_MORE_MSG   0x00057c    program     static C:\Embedded\GMB\GMB Analogue\GMB_analogue.asm
        Service_Interrupt   0x00057f    program     static C:\Embedded\GMB\GMB Analogue\GMB_analogue.asm
                 _FIND_RX   0x00058e    program     static C:\Embedded\GMB\GMB Analogue\GMB_analogue.asm
                _RX_CONT1   0x00059b    program     static C:\Embedded\GMB\GMB Analogue\GMB_analogue.asm
               _SFTY_HIGH   0x00059f    program     static C:\Embedded\GMB\GMB Analogue\GMB_analogue.asm
               _SFTY_CONT   0x0005a5    program     static C:\Embedded\GMB\GMB Analogue\GMB_analogue.asm
              _NXT_R_BYTE   0x0005a7    program     static C:\Embedded\GMB\GMB Analogue\GMB_analogue.asm
        RECEIVE_START_BIT   0x0005a7    program     static C:\Embedded\GMB\GMB Analogue\GMB_analogue.asm
             _.org_2_05BC   0x0005bc    program     static C:\Embedded\GMB\GMB Analogue\GMB_analogue.asm
                   _RX_CS   0x0005c0    program     static C:\Embedded\GMB\GMB Analogue\GMB_analogue.asm
                  CALC_CS   0x0005d1    program     static C:\Embedded\GMB\GMB Analogue\GMB_analogue.asm
                 _LOOP_CS   0x0005d3    program     static C:\Embedded\GMB\GMB Analogue\GMB_analogue.asm
             _.org_2_05D5   0x0005d5    program     static C:\Embedded\GMB\GMB Analogue\GMB_analogue.asm
                 _CS_DONE   0x0005d9    program     static C:\Embedded\GMB\GMB Analogue\GMB_analogue.asm
                _RX_ABORT   0x0005dc    program     static C:\Embedded\GMB\GMB Analogue\GMB_analogue.asm
                 _ISR_END   0x0005e0    program     static C:\Embedded\GMB\GMB Analogue\GMB_analogue.asm
             RECEIVE_BYTE   0x0005e9    program     static C:\Embedded\GMB\GMB Analogue\GMB_analogue.asm
              _NEXT_R_BIT   0x0005ec    program     static C:\Embedded\GMB\GMB Analogue\GMB_analogue.asm
                _WAI_LOW2   0x0005ef    program     static C:\Embedded\GMB\GMB Analogue\GMB_analogue.asm
               _WAI_HIGH2   0x0005f5    program     static C:\Embedded\GMB\GMB Analogue\GMB_analogue.asm
               _NXT_HIGH2   0x0005f7    program     static C:\Embedded\GMB\GMB Analogue\GMB_analogue.asm
             _END_RX_BIT2   0x0005fd    program     static C:\Embedded\GMB\GMB Analogue\GMB_analogue.asm
              _RX_B_ABORT   0x000607    program     static C:\Embedded\GMB\GMB Analogue\GMB_analogue.asm
              RECEIVE_BIT   0x000608    program     static C:\Embedded\GMB\GMB Analogue\GMB_analogue.asm
                 _WAI_LOW   0x00060b    program     static C:\Embedded\GMB\GMB Analogue\GMB_analogue.asm
                _WAI_HIGH   0x000611    program     static C:\Embedded\GMB\GMB Analogue\GMB_analogue.asm
                _NXT_HIGH   0x000613    program     static C:\Embedded\GMB\GMB Analogue\GMB_analogue.asm
              _END_RX_BIT   0x000619    program     static C:\Embedded\GMB\GMB Analogue\GMB_analogue.asm
                  GO_HIGH   0x00061a    program     static C:\Embedded\GMB\GMB Analogue\GMB_analogue.asm
               _HOLD_HIGH   0x00061c    program     static C:\Embedded\GMB\GMB Analogue\GMB_analogue.asm
                   GO_LOW   0x00061f    program     static C:\Embedded\GMB\GMB Analogue\GMB_analogue.asm
                _HOLD_LOW   0x000621    program     static C:\Embedded\GMB\GMB Analogue\GMB_analogue.asm
             CHECK_SERIAL   0x000624    program     static C:\Embedded\GMB\GMB Analogue\GMB_analogue.asm
          FIND_EMPTY_TX_Q   0x00062a    program     static C:\Embedded\GMB\GMB Analogue\GMB_analogue.asm
               _FIND_E_TX   0x00062f    program     static C:\Embedded\GMB\GMB Analogue\GMB_analogue.asm
             _.org_2_0633   0x000633    program     static C:\Embedded\GMB\GMB Analogue\GMB_analogue.asm
              _SLOT_FOUND   0x000638    program     static C:\Embedded\GMB\GMB Analogue\GMB_analogue.asm
              _NOFREESLOT   0x00063b    program     static C:\Embedded\GMB\GMB Analogue\GMB_analogue.asm
          FIND_EMPTY_RX_Q   0x00063c    program     static C:\Embedded\GMB\GMB Analogue\GMB_analogue.asm
                 _FND_QRX   0x000642    program     static C:\Embedded\GMB\GMB Analogue\GMB_analogue.asm
              _RX_Q_FOUND   0x00064b    program     static C:\Embedded\GMB\GMB Analogue\GMB_analogue.asm
          _RX_Q_NOT_FOUND   0x00064f    program     static C:\Embedded\GMB\GMB Analogue\GMB_analogue.asm
               COPY_TO_RX   0x000651    program     static C:\Embedded\GMB\GMB Analogue\GMB_analogue.asm
               COPY_TO_TX   0x000662    program     static C:\Embedded\GMB\GMB Analogue\GMB_analogue.asm
            ERROR_HANDLER   0x000682    program     static C:\Embedded\GMB\GMB Analogue\GMB_analogue.asm
                  GENERAL   0x000685    program     static C:\Embedded\GMB\GMB Analogue\GMB_analogue.asm
         READ_STABLE_DATA   0x000685    program     static C:\Embedded\GMB\GMB Analogue\GMB_analogue.asm
            _INI_USCITA_0   0x000698    program     static C:\Embedded\GMB\GMB Analogue\GMB_analogue.asm
                   USCITE   0x000698    program     static C:\Embedded\GMB\GMB Analogue\GMB_analogue.asm
          _LISTEN_OTHER_0   0x0006a4    program     static C:\Embedded\GMB\GMB Analogue\GMB_analogue.asm
                  _DIMM_0   0x0006ac    program     static C:\Embedded\GMB\GMB Analogue\GMB_analogue.asm
            _INI_USCITA_1   0x0006b6    program     static C:\Embedded\GMB\GMB Analogue\GMB_analogue.asm
          _LISTEN_OTHER_1   0x0006c2    program     static C:\Embedded\GMB\GMB Analogue\GMB_analogue.asm
                  _DIMM_1   0x0006ca    program     static C:\Embedded\GMB\GMB Analogue\GMB_analogue.asm
              _INGRESSO_0   0x0006d4    program     static C:\Embedded\GMB\GMB Analogue\GMB_analogue.asm
                 INGRESSI   0x0006d4    program     static C:\Embedded\GMB\GMB Analogue\GMB_analogue.asm
                  _STEPA0   0x0006e2    program     static C:\Embedded\GMB\GMB Analogue\GMB_analogue.asm
         _FUNCT_SND_THR_0   0x0006ea    program     static C:\Embedded\GMB\GMB Analogue\GMB_analogue.asm
              _RD_EE_THR0   0x0006f5    program     static C:\Embedded\GMB\GMB Analogue\GMB_analogue.asm
             _.org_2_06F9   0x0006f9    program     static C:\Embedded\GMB\GMB Analogue\GMB_analogue.asm
              _INGRESSO_1   0x0006fe    program     static C:\Embedded\GMB\GMB Analogue\GMB_analogue.asm
                  _STEPA1   0x00070d    program     static C:\Embedded\GMB\GMB Analogue\GMB_analogue.asm
         _FUNCT_SND_THR_1   0x000715    program     static C:\Embedded\GMB\GMB Analogue\GMB_analogue.asm
              _RD_EE_THR1   0x000720    program     static C:\Embedded\GMB\GMB Analogue\GMB_analogue.asm
             _.org_2_0724   0x000724    program     static C:\Embedded\GMB\GMB Analogue\GMB_analogue.asm
             _STABLE_DONE   0x000729    program     static C:\Embedded\GMB\GMB Analogue\GMB_analogue.asm
          SEND_EEPROM_MSG   0x00072b    program     static C:\Embedded\GMB\GMB Analogue\GMB_analogue.asm
                _NXT_BYTE   0x000730    program     static C:\Embedded\GMB\GMB Analogue\GMB_analogue.asm
             _MAX_RETRIES   0x000748    program     static C:\Embedded\GMB\GMB Analogue\GMB_analogue.asm
             _MIN_RETRIES   0x00074b    program     static C:\Embedded\GMB\GMB Analogue\GMB_analogue.asm
              _EE_MSG_SND   0x00074d    program     static C:\Embedded\GMB\GMB Analogue\GMB_analogue.asm
             _.org_2_074F   0x00074f    program     static C:\Embedded\GMB\GMB Analogue\GMB_analogue.asm
        SAVE_OUTPUT_VALUE   0x000754    program     static C:\Embedded\GMB\GMB Analogue\GMB_analogue.asm
             _.org_2_0756   0x000756    program     static C:\Embedded\GMB\GMB Analogue\GMB_analogue.asm
             _.org_2_0758   0x000758    program     static C:\Embedded\GMB\GMB Analogue\GMB_analogue.asm
     SAVE_STATE_DIRECTION   0x000760    program     static C:\Embedded\GMB\GMB Analogue\GMB_analogue.asm
           COPY_TO_EEPROM   0x000772    program     static C:\Embedded\GMB\GMB Analogue\GMB_analogue.asm
             _.org_2_0775   0x000775    program     static C:\Embedded\GMB\GMB Analogue\GMB_analogue.asm
              READ_EEPROM   0x000791    program     static C:\Embedded\GMB\GMB Analogue\GMB_analogue.asm
             _.org_2_0794   0x000794    program     static C:\Embedded\GMB\GMB Analogue\GMB_analogue.asm
                  TX_QUEU   0x000020       data     static C:\Embedded\GMB\GMB Analogue\GMB_analogue.asm
                  RX_QUEU   0x000050       data     static C:\Embedded\GMB\GMB Analogue\GMB_analogue.asm
                 I_W_TEMP   0x000070       data     static C:\Embedded\GMB\GMB Analogue\GMB_analogue.asm
                 TEMP_BIT   0x000071       data     static C:\Embedded\GMB\GMB Analogue\GMB_analogue.asm
                 NBR_BITS   0x000072       data     static C:\Embedded\GMB\GMB Analogue\GMB_analogue.asm
                NBR_BYTES   0x000073       data     static C:\Embedded\GMB\GMB Analogue\GMB_analogue.asm
             PERIOD_AVG_0   0x000074       data     static C:\Embedded\GMB\GMB Analogue\GMB_analogue.asm
             PERIOD_AVG_1   0x000075       data     static C:\Embedded\GMB\GMB Analogue\GMB_analogue.asm
               DATA_TIMER   0x000076       data     static C:\Embedded\GMB\GMB Analogue\GMB_analogue.asm
             DATA_TIMER_1   0x000077       data     static C:\Embedded\GMB\GMB Analogue\GMB_analogue.asm
            TEMPO_INVIO_0   0x000078       data     static C:\Embedded\GMB\GMB Analogue\GMB_analogue.asm
            TEMPO_INVIO_1   0x000079       data     static C:\Embedded\GMB\GMB Analogue\GMB_analogue.asm
                TEMP_BYT0   0x00007a       data     static C:\Embedded\GMB\GMB Analogue\GMB_analogue.asm
                TEMP_BYT1   0x00007b       data     static C:\Embedded\GMB\GMB Analogue\GMB_analogue.asm
                TEMP_BYT2   0x00007c       data     static C:\Embedded\GMB\GMB Analogue\GMB_analogue.asm
             TIME_SCAN_TX   0x0000a0       data     static C:\Embedded\GMB\GMB Analogue\GMB_analogue.asm
             TIME_SCAN_RX   0x0000a1       data     static C:\Embedded\GMB\GMB Analogue\GMB_analogue.asm
             TIME_SAMPLES   0x0000a2       data     static C:\Embedded\GMB\GMB Analogue\GMB_analogue.asm
                SND_STATS   0x0000a3       data     static C:\Embedded\GMB\GMB Analogue\GMB_analogue.asm
             DIMMER_TIMER   0x0000a4       data     static C:\Embedded\GMB\GMB Analogue\GMB_analogue.asm
            SFTY_DIM_TIMR   0x0000a5       data     static C:\Embedded\GMB\GMB Analogue\GMB_analogue.asm
           SAMPLE_TIMER_1   0x0000a6       data     static C:\Embedded\GMB\GMB Analogue\GMB_analogue.asm
           SAMPLE_TIMER_2   0x0000a7       data     static C:\Embedded\GMB\GMB Analogue\GMB_analogue.asm
                 STEPBACK   0x0000a8       data     static C:\Embedded\GMB\GMB Analogue\GMB_analogue.asm
           FUNZIONE_ING_0   0x0000a9       data     static C:\Embedded\GMB\GMB Analogue\GMB_analogue.asm
           FUNZIONE_ING_1   0x0000aa       data     static C:\Embedded\GMB\GMB Analogue\GMB_analogue.asm
           FUNZIONE_USC_0   0x0000ab       data     static C:\Embedded\GMB\GMB Analogue\GMB_analogue.asm
           ON_OFF_TIMER_0   0x0000ac       data     static C:\Embedded\GMB\GMB Analogue\GMB_analogue.asm
            DIM_ACT_TIM_0   0x0000ad       data     static C:\Embedded\GMB\GMB Analogue\GMB_analogue.asm
                 OUT_VAL0   0x0000ae       data     static C:\Embedded\GMB\GMB Analogue\GMB_analogue.asm
           STEPBACK_TIM_0   0x0000af       data     static C:\Embedded\GMB\GMB Analogue\GMB_analogue.asm
           FUNZIONE_USC_1   0x0000b0       data     static C:\Embedded\GMB\GMB Analogue\GMB_analogue.asm
           ON_OFF_TIMER_1   0x0000b1       data     static C:\Embedded\GMB\GMB Analogue\GMB_analogue.asm
            DIM_ACT_TIM_1   0x0000b2       data     static C:\Embedded\GMB\GMB Analogue\GMB_analogue.asm
                 OUT_VAL1   0x0000b3       data     static C:\Embedded\GMB\GMB Analogue\GMB_analogue.asm
           STEPBACK_TIM_1   0x0000b4       data     static C:\Embedded\GMB\GMB Analogue\GMB_analogue.asm
              SAMPLE_CNTR   0x0000b5       data     static C:\Embedded\GMB\GMB Analogue\GMB_analogue.asm
                  SAMPLES   0x0000b6       data     static C:\Embedded\GMB\GMB Analogue\GMB_analogue.asm
         REFERENCE_SAMPLE   0x0000be       data     static C:\Embedded\GMB\GMB Analogue\GMB_analogue.asm
       REFERENCE_SAMPLE_1   0x0000bf       data     static C:\Embedded\GMB\GMB Analogue\GMB_analogue.asm
                   STEP_A   0x0000c0       data     static C:\Embedded\GMB\GMB Analogue\GMB_analogue.asm
                  STEP_A1   0x0000c1       data     static C:\Embedded\GMB\GMB Analogue\GMB_analogue.asm
            LISTEN_TO_SRL   0x0000c2       data     static C:\Embedded\GMB\GMB Analogue\GMB_analogue.asm
          LISTEN_TO_SRL_1   0x0000c3       data     static C:\Embedded\GMB\GMB Analogue\GMB_analogue.asm
           LISTEN_TO_PORT   0x0000c4       data     static C:\Embedded\GMB\GMB Analogue\GMB_analogue.asm
         LISTEN_TO_PORT_1   0x0000c5       data     static C:\Embedded\GMB\GMB Analogue\GMB_analogue.asm
                    BIT_0   0x0000c6       data     static C:\Embedded\GMB\GMB Analogue\GMB_analogue.asm
                   FLAGS0   0x0000c7       data     static C:\Embedded\GMB\GMB Analogue\GMB_analogue.asm
                   FLAGS1   0x0000c8       data     static C:\Embedded\GMB\GMB Analogue\GMB_analogue.asm
               SEND_FLAGS   0x0000c9       data     static C:\Embedded\GMB\GMB Analogue\GMB_analogue.asm
               OWN_SERIAL   0x0000ca       data     static C:\Embedded\GMB\GMB Analogue\GMB_analogue.asm
              OWN_PROGRAM   0x0000cb       data     static C:\Embedded\GMB\GMB Analogue\GMB_analogue.asm
         THRSHD_EX_PERIOD   0x0000cc       data     static C:\Embedded\GMB\GMB Analogue\GMB_analogue.asm
              MSG_HEAD_EE   0x0000cd       data     static C:\Embedded\GMB\GMB Analogue\GMB_analogue.asm
                  PORT_IN   0x0000ce       data     static C:\Embedded\GMB\GMB Analogue\GMB_analogue.asm
                 PORT_OUT   0x0000cf       data     static C:\Embedded\GMB\GMB Analogue\GMB_analogue.asm
              NBR_ENTRIES   0x0000d0       data     static C:\Embedded\GMB\GMB Analogue\GMB_analogue.asm
           WAIT_BUS_CLEAR   0x0000d1       data     static C:\Embedded\GMB\GMB Analogue\GMB_analogue.asm
            I_STATUS_TEMP   0x0000d2       data     static C:\Embedded\GMB\GMB Analogue\GMB_analogue.asm
               I_FSR_TEMP   0x0000d3       data     static C:\Embedded\GMB\GMB Analogue\GMB_analogue.asm
               I_TEMP_BIT   0x0000d4       data     static C:\Embedded\GMB\GMB Analogue\GMB_analogue.asm
              I_TEMP_BYT0   0x0000d5       data     static C:\Embedded\GMB\GMB Analogue\GMB_analogue.asm
               I_NBR_BITS   0x0000d6       data     static C:\Embedded\GMB\GMB Analogue\GMB_analogue.asm
              I_NBR_BYTES   0x0000d7       data     static C:\Embedded\GMB\GMB Analogue\GMB_analogue.asm
            I_SUPERVISION   0x0000d8       data     static C:\Embedded\GMB\GMB Analogue\GMB_analogue.asm
              I_FREE_RX_Q   0x0000d9       data     static C:\Embedded\GMB\GMB Analogue\GMB_analogue.asm
                E2ADDRESS   0x0000da       data     static C:\Embedded\GMB\GMB Analogue\GMB_analogue.asm
                  E2VALUE   0x0000db       data     static C:\Embedded\GMB\GMB Analogue\GMB_analogue.asm
             TX_MSG_START   0x0000dc       data     static C:\Embedded\GMB\GMB Analogue\GMB_analogue.asm
             RX_MSG_START   0x0000dd       data     static C:\Embedded\GMB\GMB Analogue\GMB_analogue.asm
               MSG_EXPIRE   0x0000de       data     static C:\Embedded\GMB\GMB Analogue\GMB_analogue.asm
                 MSG_TYPE   0x0000df       data     static C:\Embedded\GMB\GMB Analogue\GMB_analogue.asm
                 MSG_SUBT   0x0000e0       data     static C:\Embedded\GMB\GMB Analogue\GMB_analogue.asm
                 MSG_SERL   0x0000e1       data     static C:\Embedded\GMB\GMB Analogue\GMB_analogue.asm
                 MSG_DISC   0x0000e2       data     static C:\Embedded\GMB\GMB Analogue\GMB_analogue.asm
                 MSG_ARGT   0x0000e3       data     static C:\Embedded\GMB\GMB Analogue\GMB_analogue.asm
                  TEMP_SC   0x0000e4       data     static C:\Embedded\GMB\GMB Analogue\GMB_analogue.asm
              KEY_TO_PORT   0x0000e5       data     static C:\Embedded\GMB\GMB Analogue\GMB_analogue.asm
        SAVE_SAMPLE_TIM_1   0x0000e6       data     static C:\Embedded\GMB\GMB Analogue\GMB_analogue.asm
        SAVE_SAMPLE_TIM_2   0x0000e7       data     static C:\Embedded\GMB\GMB Analogue\GMB_analogue.asm
               TIMER_0_UP   0x000110       data     static C:\Embedded\GMB\GMB Analogue\GMB_analogue.asm
              TIMER_0_DWN   0x000111       data     static C:\Embedded\GMB\GMB Analogue\GMB_analogue.asm
               TIMER_1_UP   0x000112       data     static C:\Embedded\GMB\GMB Analogue\GMB_analogue.asm
              TIMER_1_DWN   0x000113       data     static C:\Embedded\GMB\GMB Analogue\GMB_analogue.asm
                 CURSOR_0   0x000114       data     static C:\Embedded\GMB\GMB Analogue\GMB_analogue.asm
                 CURSOR_1   0x000115       data     static C:\Embedded\GMB\GMB Analogue\GMB_analogue.asm
              THRLD_B0_UP   0x000116       data     static C:\Embedded\GMB\GMB Analogue\GMB_analogue.asm
             THRLD_B0_DWN   0x00011e       data     static C:\Embedded\GMB\GMB Analogue\GMB_analogue.asm
              THRLD_B1_UP   0x000126       data     static C:\Embedded\GMB\GMB Analogue\GMB_analogue.asm
             THRLD_B1_DWN   0x00012e       data     static C:\Embedded\GMB\GMB Analogue\GMB_analogue.asm
              GARBAGE_CAN   0x000136       data     static C:\Embedded\GMB\GMB Analogue\GMB_analogue.asm


