MPLINK 4.04, Linker
Linker Map File - Created Sun Jul 01 16:13:23 2007

                                 Section Info
                  Section       Type    Address   Location Size(Bytes)
                ---------  ---------  ---------  ---------  ---------
               _entry_scn       code   0x000000    program   0x000006
               low_vector       code   0x000018    program   0x000006
                   .cinit    romdata   0x00002a    program   0x000026
             .code_dict.o       code   0x000050    program   0x001768
             .code_main.o       code   0x0017b8    program   0x000be8
             .code_init.o       code   0x0023a0    program   0x000af4
     .code_Load_profile.o       code   0x002e94    program   0x00081c
          .romdata_dict.o    romdata   0x0036b0    program   0x000564
.romdata_EEPROM_initializer.o    romdata   0x003c14    program   0x0000e1
          .romdata_init.o    romdata   0x003cf5    program   0x000000
      .idata_fxd1616u.o_i    romdata   0x003cf5    program   0x000000
  .idata_Load_profile.o_i    romdata   0x003cf5    program   0x000000
    .romdata_Controller.o    romdata   0x003cf5    program   0x000000
    .idata_Controller.o_i    romdata   0x003cf5    program   0x000000
         .romdata_c018i.o    romdata   0x003cf5    program   0x000000
             .stringtable    romdata   0x003cf5    program   0x000000
               _cinit_scn       code   0x003cf6    program   0x00009e
     .code_Profile_data.o       code   0x003cf6    program   0x000000
  .romdata_Profile_data.o    romdata   0x003d94    program   0x000089
  .romdata_Load_profile.o    romdata   0x003e1d    program   0x000000
      .romdata_fxd1616u.o    romdata   0x003e1d    program   0x000000
.idata_EEPROM_initializer.o_i    romdata   0x003e1d    program   0x000000
         .idata_c018i.o_i    romdata   0x003e1d    program   0x000000
          .idata_init.o_i    romdata   0x003e1d    program   0x000000
          .romdata_main.o    romdata   0x003e1d    program   0x000000
                     PROG       code   0x003e1e    program   0x00003c
            .code_c018i.o       code   0x003e1e    program   0x000000
         .code_fxd1616u.o       code   0x003e5a    program   0x00002c
       .code_Controller.o       code   0x003e86    program   0x000026
.code_EEPROM_initializer.o       code   0x003eac    program   0x00001e
             _startup_scn       code   0x003eca    program   0x000018
          .idata_main.o_i    romdata   0x003ee2    program   0x000003
          .idata_dict.o_i    romdata   0x003ee5    program   0x000006
  .idata_Profile_data.o_i    romdata   0x003eeb    program   0x00005e
    .config_300001_main.o    romdata   0x300001    program   0x000001
    .config_300002_main.o    romdata   0x300002    program   0x000001
    .config_300003_main.o    romdata   0x300003    program   0x000001
    .config_300005_main.o    romdata   0x300005    program   0x000001
    .config_300006_main.o    romdata   0x300006    program   0x000001
    .config_300008_main.o    romdata   0x300008    program   0x000001
    .config_300009_main.o    romdata   0x300009    program   0x000001
    .config_30000a_main.o    romdata   0x30000a    program   0x000001
    .config_30000b_main.o    romdata   0x30000b    program   0x000001
    .config_30000c_main.o    romdata   0x30000c    program   0x000001
    .config_30000d_main.o    romdata   0x30000d    program   0x000001
                   eeprom    romdata   0xf00000    program   0x000016
                MATH_DATA      udata   0x000000       data   0x000014
                 .tmpdata      udata   0x000014       data   0x000008
              low_isr_tmp      udata   0x00001c       data   0x000001
             program_data      udata   0x000060       data   0x00009d
            .idata_main.o      idata   0x0000fd       data   0x000003
                temp_data      udata   0x000100       data   0x000080
             ramp_up_data      udata   0x000180       data   0x000080
          ramp_right_data      udata   0x000200       data   0x000080
           ramp_left_data      udata   0x000280       data   0x000080
           ramp_down_data      udata   0x000300       data   0x000080
    .idata_Profile_data.o      idata   0x000380       data   0x00005e
            .udata_init.o      udata   0x0003de       data   0x000012
      .udata_Controller.o      udata   0x0003f0       data   0x00000b
            .udata_main.o      udata   0x0003fb       data   0x000000
            .idata_init.o      idata   0x0003fb       data   0x000000
           .idata_c018i.o      idata   0x0003fb       data   0x000000
.udata_EEPROM_initializer.o      udata   0x0003fb       data   0x000000
.idata_EEPROM_initializer.o      idata   0x0003fb       data   0x000000
      .idata_Controller.o      idata   0x0003fb       data   0x000000
    .udata_Load_profile.o      udata   0x0003fb       data   0x000000
    .idata_Load_profile.o      idata   0x0003fb       data   0x000000
        .idata_fxd1616u.o      idata   0x0003fb       data   0x000000
        .udata_fxd1616u.o      udata   0x0003fb       data   0x000000
            .udata_dict.o      udata   0x000400       data   0x00002a
    .udata_Profile_data.o      udata   0x00042a       data   0x000026
           .udata_c018i.o      udata   0x000450       data   0x00000a
            .idata_dict.o      idata   0x00045a       data   0x000006
                   .stack      udata   0x000500       data   0x000100
              SFR_BANKED0      udata   0x000d60       data   0x00000c
              SFR_BANKED1      udata   0x000d70       data   0x00000c
              SFR_BANKED2      udata   0x000d80       data   0x00000c
              SFR_BANKED3      udata   0x000d90       data   0x000004
              SFR_BANKED4      udata   0x000dd4       data   0x000002
              SFR_BANKED5      udata   0x000dd8       data   0x000001
              SFR_BANKED6      udata   0x000de0       data   0x000008
              SFR_BANKED7      udata   0x000df0       data   0x000004
              SFR_BANKED8      udata   0x000df8       data   0x000001
              SFR_BANKED9      udata   0x000dfa       data   0x000001
             SFR_BANKED10      udata   0x000dfc       data   0x000001
             SFR_BANKED11      udata   0x000e20       data   0x000060
             SFR_BANKED12      udata   0x000f00       data   0x000060
            SFR_UNBANKED0      udata   0x000f60       data   0x000018
            SFR_UNBANKED1      udata   0x000f80       data   0x000080



                              Program Memory Usage 
                               Start         End      
                           ---------   ---------      
                            0x000000    0x000005      
                            0x000018    0x00001d      
                            0x00002a    0x003cf4      
                            0x003cf6    0x003e1c      
                            0x003e1e    0x003f48      
                            0x300001    0x300003      
                            0x300005    0x300006      
                            0x300008    0x30000d      
                            0xf00000    0xf00015      
            16202 out of 33048 program addresses used, program memory utilization is 49%



                              Symbols - Sorted by Name
                     Name    Address   Location    Storage File                     
                ---------  ---------  ---------  --------- ---------                
                    CanIn   0x001f0e    program     extern C:\Embedded\CANOpenOD\main.c
                   CanOut   0x0017e8    program     extern C:\Embedded\CANOpenOD\main.c
            CheckBusError   0x0017b8    program     extern C:\Embedded\CANOpenOD\main.c
                  Control   0x003e86    program     extern C:\Embedded\CANOpenOD\Controller.c
          Copy_RAM_to_RAM   0x0009cc    program     extern C:\Embedded\CANOpenOD\dict.c
           DeviceSerialNo   0x003dbf    program     extern C:\Embedded\CANOpenOD\Profile_data.c
       Download_to_EEPROM   0x000050    program     extern C:\Embedded\CANOpenOD\dict.c
          Download_to_RAM   0x000a5a    program     extern C:\Embedded\CANOpenOD\dict.c
       EEPROM_initializer   0x003eac    program     extern C:\Embedded\CANOpenOD\EEPROM_initializer.c
              EE_SPI_mode   0x00275e    program     extern C:\Embedded\CANOpenOD\init.c
                 FXD1616U   0x003e5a    program     extern C:\MCC18\src\TRADIT~1\math\fxd1616u.c
                 FXM1616U   0x003e1e    program     extern C:\MCC18\SRC\TRADIT~1\MATH\fxm1616u.asm
                  INIT_RT   0x003ea8    program     extern C:\Embedded\CANOpenOD\Controller.c
Load_Profile_data_from_external_EEPROM   0x002e94    program     extern C:\Embedded\CANOpenOD\Load_profile.c
         RAMP_DOWN_VALUES   0x003c46    program     extern C:\Embedded\CANOpenOD\EEPROM_data.def
         RAMP_LEFT_VALUES   0x003c78    program     extern C:\Embedded\CANOpenOD\EEPROM_data.def
        RAMP_RIGHT_VALUES   0x003caa    program     extern C:\Embedded\CANOpenOD\EEPROM_data.def
           RAMP_UP_VALUES   0x003c14    program     extern C:\Embedded\CANOpenOD\EEPROM_data.def
       ReadEEprom_OnBoard   0x002a00    program     extern C:\Embedded\CANOpenOD\init.c
      Read_from_EX_EEPROM   0x0028f6    program     extern C:\Embedded\CANOpenOD\init.c
                 SendBoot   0x001adc    program     extern C:\Embedded\CANOpenOD\main.c
            SendEmergency   0x001ae4    program     extern C:\Embedded\CANOpenOD\main.c
            SendHeartbeat   0x001b1a    program     extern C:\Embedded\CANOpenOD\main.c
       Send_Download_resp   0x001b5a    program     extern C:\Embedded\CANOpenOD\main.c
  Send_Init_Download_resp   0x001b24    program     extern C:\Embedded\CANOpenOD\main.c
    Send_Init_Upload_resp   0x001b86    program     extern C:\Embedded\CANOpenOD\main.c
           Send_SDO_Abort   0x001bd2    program     extern C:\Embedded\CANOpenOD\main.c
      Send_Upload_Segment   0x001b92    program     extern C:\Embedded\CANOpenOD\main.c
      Send_data_EX_EEPROM   0x0027c2    program     extern C:\Embedded\CANOpenOD\init.c
            TimingControl   0x003ea0    program     extern C:\Embedded\CANOpenOD\Controller.c
          Upload_from_RAM   0x000ae8    program     extern C:\Embedded\CANOpenOD\dict.c
          Upload_from_ROM   0x000b76    program     extern C:\Embedded\CANOpenOD\dict.c
      WriteEEprom_OnBoard   0x0029ca    program     extern C:\Embedded\CANOpenOD\init.c
       Write_to_EX_EEPROM   0x0027ec    program     extern C:\Embedded\CANOpenOD\init.c
          ___for_lbl00007   0x001ab2    program     static                          
          ___for_lbl00008   0x001ab6    program     static                          
          ___for_lbl00013   0x001800    program     static                          
          ___for_lbl00119   0x00239c    program     static                          
          ___for_lbl00120   0x00239e    program     static                          
          ___for_lbl00125   0x00232a    program     static                          
           ___if_lbl00005   0x0017f8    program     static                          
           ___if_lbl00006   0x0017fc    program     static                          
           ___if_lbl00011   0x001aa8    program     static                          
           ___if_lbl00012   0x001ab2    program     static                          
           ___if_lbl00014   0x001ad2    program     static                          
           ___if_lbl00121   0x002366    program     static                          
           ___if_lbl00122   0x00239c    program     static                          
           ___if_lbl00123   0x00239c    program     static                          
           ___if_lbl00124   0x00239c    program     static                          
           ___if_lbl00232   0x00169e    program     static                          
           ___if_lbl00237   0x00178c    program     static                          
           ___if_lbl00238   0x00178c    program     static                          
           ___if_lbl00239   0x00179a    program     static                          
       ___return_lbl00000   0x000004    program     static                          
       ___return_lbl00000   0x003e84    program     static                          
       ___return_lbl00000   0x00001c    program     static                          
       ___return_lbl00001   0x003ee0    program     static                          
       ___return_lbl00002   0x003d92    program     static                          
       ___return_lbl00004   0x001ad2    program     static                          
       ___return_lbl00118   0x00239e    program     static                          
       ___return_lbl00228   0x0017a0    program     static                          
        ___while_lbl00009   0x001a9e    program     static                          
        ___while_lbl00010   0x001aa4    program     static                          
        ___while_lbl00229   0x001628    program     static                          
        ___while_lbl00230   0x0016ba    program     static                          
        ___while_lbl00233   0x0016ca    program     static                          
        ___while_lbl00234   0x00171e    program     static                          
               __config_0   0x300001    program     static C:\Embedded\CANOpenOD\main.c
               __config_1   0x300002    program     static C:\Embedded\CANOpenOD\main.c
              __config_10   0x30000d    program     static C:\Embedded\CANOpenOD\main.c
               __config_2   0x300003    program     static C:\Embedded\CANOpenOD\main.c
               __config_3   0x300005    program     static C:\Embedded\CANOpenOD\main.c
               __config_4   0x300006    program     static C:\Embedded\CANOpenOD\main.c
               __config_5   0x300008    program     static C:\Embedded\CANOpenOD\main.c
               __config_6   0x300009    program     static C:\Embedded\CANOpenOD\main.c
               __config_7   0x30000a    program     static C:\Embedded\CANOpenOD\main.c
               __config_8   0x30000b    program     static C:\Embedded\CANOpenOD\main.c
               __config_9   0x30000c    program     static C:\Embedded\CANOpenOD\main.c
                  __dummy   0x0036c1    program     extern C:\Embedded\CANOpenOD\dict.c
             __tmplbl_100   0x0016ee    program     static                          
             __tmplbl_101   0x001788    program     static                          
             __tmplbl_102   0x00176a    program     static                          
             __tmplbl_103   0x0009ae    program     static                          
             __tmplbl_104   0x00092e    program     static                          
             __tmplbl_105   0x00092e    program     static                          
             __tmplbl_106   0x0009b4    program     static                          
             __tmplbl_107   0x00092e    program     static                          
             __tmplbl_117   0x0015b4    program     static                          
             __tmplbl_121   0x0015ba    program     static                          
             __tmplbl_122   0x0015d6    program     static                          
              __tmplbl_16   0x001812    program     static                          
              __tmplbl_17   0x001ac8    program     static                          
              __tmplbl_97   0x001674    program     static                          
              __tmplbl_98   0x001652    program     static                          
              __tmplbl_99   0x00170c    program     static                          
              _db_objects   0x0036d4    program     extern C:\Embedded\CANOpenOD\dict.c
                _do_cinit   0x003cf6    program     extern C:\MCC18\src\traditional\startup\c018i.c
                   _entry   0x000000    program     extern C:\MCC18\src\traditional\startup\c018i.c
                 _startup   0x003eca    program     extern C:\MCC18\src\traditional\startup\c018i.c
           _uSDO1COMMIndx   0x0036b0    program     extern C:\Embedded\CANOpenOD\dict.c
                     baud   0xf00001    program     extern C:\Embedded\CANOpenOD\init.c
                busy_test   0x00278e    program     extern C:\Embedded\CANOpenOD\init.c
 const_vpoc_num_entries_1   0x003dbc    program     extern C:\Embedded\CANOpenOD\Profile_data.c
 const_vpoc_num_entries_2   0x003dbd    program     extern C:\Embedded\CANOpenOD\Profile_data.c
 const_vpoc_num_entries_3   0x003dbe    program     extern C:\Embedded\CANOpenOD\Profile_data.c
                copy_loop   0x003d68    program     static                          
            copy_one_byte   0x003d6e    program     static                          
                 debounce   0xf00005    program     extern C:\Embedded\CANOpenOD\init.c
   demand_value_generator   0x002050    program     extern C:\Embedded\CANOpenOD\main.c
           device_disable   0x00204a    program     extern C:\Embedded\CANOpenOD\main.c
            device_enable   0x002044    program     extern C:\Embedded\CANOpenOD\main.c
                     done   0x003d92    program     static                          
             done_copying   0x003d7c    program     static                          
                  endloop   0x003e80    program     static                          
    find_dictionary_entry   0x0015ea    program     extern C:\Embedded\CANOpenOD\dict.c
           getActualValue   0x003ea4    program     extern C:\Embedded\CANOpenOD\Controller.c
            heartbit_rate   0xf00002    program     extern C:\Embedded\CANOpenOD\init.c
                 init_cip   0x002a26    program     extern C:\Embedded\CANOpenOD\init.c
   interrup_at_low_vector   0x000018    program     extern C:\Embedded\CANOpenOD\init.c
                     loop   0x003eda    program     static                          
                     loop   0x003e64    program     static                          
                  low_isr   0x0023a0    program     extern C:\Embedded\CANOpenOD\init.c
                     main   0x002312    program     extern C:\Embedded\CANOpenOD\main.c
                  node_id   0xf00000    program     extern C:\Embedded\CANOpenOD\init.c
                prod_code   0xf0000a    program     extern C:\Embedded\CANOpenOD\init.c
       rCO_DEVDESCRIPTION   0x003cdc    program     extern C:\Embedded\CANOpenOD\EEPROM_data.def
       rCO_DevHardwareVer   0x003db1    program     extern C:\Embedded\CANOpenOD\Profile_data.c
      rCO_DevIdentityIndx   0x003dbb    program     extern C:\Embedded\CANOpenOD\Profile_data.c
  rCO_DevModelDescription   0x003dc8    program     extern C:\Embedded\CANOpenOD\Profile_data.c
          rCO_DevModelURL   0x003de1    program     extern C:\Embedded\CANOpenOD\Profile_data.c
              rCO_DevName   0x003d98    program     extern C:\Embedded\CANOpenOD\Profile_data.c
       rCO_DevSoftwareVer   0x003db6    program     extern C:\Embedded\CANOpenOD\Profile_data.c
              rCO_DevType   0x003d94    program     extern C:\Embedded\CANOpenOD\Profile_data.c
     rCO_DeviceVendorName   0x003e02    program     extern C:\Embedded\CANOpenOD\Profile_data.c
               rMaxIndex1   0x0036d1    program     extern C:\Embedded\CANOpenOD\dict.c
               rMaxIndex2   0x0036d2    program     extern C:\Embedded\CANOpenOD\dict.c
                  rev_num   0xf0000e    program     extern C:\Embedded\CANOpenOD\init.c
                   serial   0xf00012    program     extern C:\Embedded\CANOpenOD\init.c
                sync_time   0xf00004    program     extern C:\Embedded\CANOpenOD\init.c
                     test   0x003d10    program     static                          
                treat_SDO   0x000c06    program     extern C:\Embedded\CANOpenOD\dict.c
     uCO_COMM_RPDO1_COBID   0x0036b5    program     extern C:\Embedded\CANOpenOD\dict.c
     uCO_COMM_RPDO2_COBID   0x0036b7    program     extern C:\Embedded\CANOpenOD\dict.c
uCO_COMM_SDO1_CLIENT_COBID   0x0036b1    program     extern C:\Embedded\CANOpenOD\dict.c
uCO_COMM_SDO1_SERVER_COBID   0x0036b3    program     extern C:\Embedded\CANOpenOD\dict.c
     uCO_COMM_TPDO1_COBID   0x0036b9    program     extern C:\Embedded\CANOpenOD\dict.c
      uCO_COMM_TPDO1_Type   0x0036bb    program     extern C:\Embedded\CANOpenOD\dict.c
     uCO_COMM_TPDO2_COBID   0x0036bd    program     extern C:\Embedded\CANOpenOD\dict.c
      uCO_COMM_TPDO2_Type   0x0036bf    program     extern C:\Embedded\CANOpenOD\dict.c
            uDemoTPDO1Len   0x0036d3    program     extern C:\Embedded\CANOpenOD\dict.c
               uPDO1Dummy   0x0036cd    program     extern C:\Embedded\CANOpenOD\dict.c
                uRPDO1Map   0x0036c9    program     extern C:\Embedded\CANOpenOD\dict.c
                uTPDO1Map   0x0036c5    program     extern C:\Embedded\CANOpenOD\dict.c
                vendor_id   0xf00006    program     extern C:\Embedded\CANOpenOD\init.c
   vpoc_control_deviation   0x003e1b    program     extern C:\Embedded\CANOpenOD\Profile_data.c
             write_enable   0x002768    program     extern C:\Embedded\CANOpenOD\init.c
                   ADCON0   0x000fc2       data     extern C:\MCC18\SRC\TRADIT~1\PROC\p18f4580.asm
               ADCON0bits   0x000fc2       data     extern C:\MCC18\SRC\TRADIT~1\PROC\p18f4580.asm
                   ADCON1   0x000fc1       data     extern C:\MCC18\SRC\TRADIT~1\PROC\p18f4580.asm
               ADCON1bits   0x000fc1       data     extern C:\MCC18\SRC\TRADIT~1\PROC\p18f4580.asm
                   ADCON2   0x000fc0       data     extern C:\MCC18\SRC\TRADIT~1\PROC\p18f4580.asm
               ADCON2bits   0x000fc0       data     extern C:\MCC18\SRC\TRADIT~1\PROC\p18f4580.asm
                    ADRES   0x000fc3       data     extern C:\MCC18\SRC\TRADIT~1\PROC\p18f4580.asm
                   ADRESH   0x000fc4       data     extern C:\MCC18\SRC\TRADIT~1\PROC\p18f4580.asm
                   ADRESL   0x000fc3       data     extern C:\MCC18\SRC\TRADIT~1\PROC\p18f4580.asm
                    B0CON   0x000e20       data     extern C:\MCC18\SRC\TRADIT~1\PROC\p18f4580.asm
                B0CONbits   0x000e20       data     extern C:\MCC18\SRC\TRADIT~1\PROC\p18f4580.asm
                     B0D0   0x000e26       data     extern C:\MCC18\SRC\TRADIT~1\PROC\p18f4580.asm
                 B0D0bits   0x000e26       data     extern C:\MCC18\SRC\TRADIT~1\PROC\p18f4580.asm
                     B0D1   0x000e27       data     extern C:\MCC18\SRC\TRADIT~1\PROC\p18f4580.asm
                 B0D1bits   0x000e27       data     extern C:\MCC18\SRC\TRADIT~1\PROC\p18f4580.asm
                     B0D2   0x000e28       data     extern C:\MCC18\SRC\TRADIT~1\PROC\p18f4580.asm
                 B0D2bits   0x000e28       data     extern C:\MCC18\SRC\TRADIT~1\PROC\p18f4580.asm
                     B0D3   0x000e29       data     extern C:\MCC18\SRC\TRADIT~1\PROC\p18f4580.asm
                 B0D3bits   0x000e29       data     extern C:\MCC18\SRC\TRADIT~1\PROC\p18f4580.asm
                     B0D4   0x000e2a       data     extern C:\MCC18\SRC\TRADIT~1\PROC\p18f4580.asm
                 B0D4bits   0x000e2a       data     extern C:\MCC18\SRC\TRADIT~1\PROC\p18f4580.asm
                     B0D5   0x000e2b       data     extern C:\MCC18\SRC\TRADIT~1\PROC\p18f4580.asm
                 B0D5bits   0x000e2b       data     extern C:\MCC18\SRC\TRADIT~1\PROC\p18f4580.asm
                     B0D6   0x000e2c       data     extern C:\MCC18\SRC\TRADIT~1\PROC\p18f4580.asm
                 B0D6bits   0x000e2c       data     extern C:\MCC18\SRC\TRADIT~1\PROC\p18f4580.asm
                     B0D7   0x000e2d       data     extern C:\MCC18\SRC\TRADIT~1\PROC\p18f4580.asm
                 B0D7bits   0x000e2d       data     extern C:\MCC18\SRC\TRADIT~1\PROC\p18f4580.asm
                    B0DLC   0x000e25       data     extern C:\MCC18\SRC\TRADIT~1\PROC\p18f4580.asm
                B0DLCbits   0x000e25       data     extern C:\MCC18\SRC\TRADIT~1\PROC\p18f4580.asm
                   B0EIDH   0x000e23       data     extern C:\MCC18\SRC\TRADIT~1\PROC\p18f4580.asm
               B0EIDHbits   0x000e23       data     extern C:\MCC18\SRC\TRADIT~1\PROC\p18f4580.asm
                   B0EIDL   0x000e24       data     extern C:\MCC18\SRC\TRADIT~1\PROC\p18f4580.asm
               B0EIDLbits   0x000e24       data     extern C:\MCC18\SRC\TRADIT~1\PROC\p18f4580.asm
                   B0SIDH   0x000e21       data     extern C:\MCC18\SRC\TRADIT~1\PROC\p18f4580.asm
               B0SIDHbits   0x000e21       data     extern C:\MCC18\SRC\TRADIT~1\PROC\p18f4580.asm
                   B0SIDL   0x000e22       data     extern C:\MCC18\SRC\TRADIT~1\PROC\p18f4580.asm
               B0SIDLbits   0x000e22       data     extern C:\MCC18\SRC\TRADIT~1\PROC\p18f4580.asm
                    B1CON   0x000e30       data     extern C:\MCC18\SRC\TRADIT~1\PROC\p18f4580.asm
                B1CONbits   0x000e30       data     extern C:\MCC18\SRC\TRADIT~1\PROC\p18f4580.asm
                     B1D0   0x000e36       data     extern C:\MCC18\SRC\TRADIT~1\PROC\p18f4580.asm
                 B1D0bits   0x000e36       data     extern C:\MCC18\SRC\TRADIT~1\PROC\p18f4580.asm
                     B1D1   0x000e37       data     extern C:\MCC18\SRC\TRADIT~1\PROC\p18f4580.asm
                 B1D1bits   0x000e37       data     extern C:\MCC18\SRC\TRADIT~1\PROC\p18f4580.asm
                     B1D2   0x000e38       data     extern C:\MCC18\SRC\TRADIT~1\PROC\p18f4580.asm
                 B1D2bits   0x000e38       data     extern C:\MCC18\SRC\TRADIT~1\PROC\p18f4580.asm
                     B1D3   0x000e39       data     extern C:\MCC18\SRC\TRADIT~1\PROC\p18f4580.asm
                 B1D3bits   0x000e39       data     extern C:\MCC18\SRC\TRADIT~1\PROC\p18f4580.asm
                     B1D4   0x000e3a       data     extern C:\MCC18\SRC\TRADIT~1\PROC\p18f4580.asm
                 B1D4bits   0x000e3a       data     extern C:\MCC18\SRC\TRADIT~1\PROC\p18f4580.asm
                     B1D5   0x000e3b       data     extern C:\MCC18\SRC\TRADIT~1\PROC\p18f4580.asm
                 B1D5bits   0x000e3b       data     extern C:\MCC18\SRC\TRADIT~1\PROC\p18f4580.asm
                     B1D6   0x000e3c       data     extern C:\MCC18\SRC\TRADIT~1\PROC\p18f4580.asm
                 B1D6bits   0x000e3c       data     extern C:\MCC18\SRC\TRADIT~1\PROC\p18f4580.asm
                     B1D7   0x000e3d       data     extern C:\MCC18\SRC\TRADIT~1\PROC\p18f4580.asm
                 B1D7bits   0x000e3d       data     extern C:\MCC18\SRC\TRADIT~1\PROC\p18f4580.asm
                    B1DLC   0x000e35       data     extern C:\MCC18\SRC\TRADIT~1\PROC\p18f4580.asm
                B1DLCbits   0x000e35       data     extern C:\MCC18\SRC\TRADIT~1\PROC\p18f4580.asm
                   B1EIDH   0x000e33       data     extern C:\MCC18\SRC\TRADIT~1\PROC\p18f4580.asm
               B1EIDHbits   0x000e33       data     extern C:\MCC18\SRC\TRADIT~1\PROC\p18f4580.asm
                   B1EIDL   0x000e34       data     extern C:\MCC18\SRC\TRADIT~1\PROC\p18f4580.asm
               B1EIDLbits   0x000e34       data     extern C:\MCC18\SRC\TRADIT~1\PROC\p18f4580.asm
                   B1SIDH   0x000e31       data     extern C:\MCC18\SRC\TRADIT~1\PROC\p18f4580.asm
               B1SIDHbits   0x000e31       data     extern C:\MCC18\SRC\TRADIT~1\PROC\p18f4580.asm
                   B1SIDL   0x000e32       data     extern C:\MCC18\SRC\TRADIT~1\PROC\p18f4580.asm
               B1SIDLbits   0x000e32       data     extern C:\MCC18\SRC\TRADIT~1\PROC\p18f4580.asm
                    B2CON   0x000e40       data     extern C:\MCC18\SRC\TRADIT~1\PROC\p18f4580.asm
                B2CONbits   0x000e40       data     extern C:\MCC18\SRC\TRADIT~1\PROC\p18f4580.asm
                     B2D0   0x000e46       data     extern C:\MCC18\SRC\TRADIT~1\PROC\p18f4580.asm
                 B2D0bits   0x000e46       data     extern C:\MCC18\SRC\TRADIT~1\PROC\p18f4580.asm
                     B2D1   0x000e47       data     extern C:\MCC18\SRC\TRADIT~1\PROC\p18f4580.asm
                 B2D1bits   0x000e47       data     extern C:\MCC18\SRC\TRADIT~1\PROC\p18f4580.asm
                     B2D2   0x000e48       data     extern C:\MCC18\SRC\TRADIT~1\PROC\p18f4580.asm
                 B2D2bits   0x000e48       data     extern C:\MCC18\SRC\TRADIT~1\PROC\p18f4580.asm
                     B2D3   0x000e49       data     extern C:\MCC18\SRC\TRADIT~1\PROC\p18f4580.asm
                 B2D3bits   0x000e49       data     extern C:\MCC18\SRC\TRADIT~1\PROC\p18f4580.asm
                     B2D4   0x000e4a       data     extern C:\MCC18\SRC\TRADIT~1\PROC\p18f4580.asm
                 B2D4bits   0x000e4a       data     extern C:\MCC18\SRC\TRADIT~1\PROC\p18f4580.asm
                     B2D5   0x000e4b       data     extern C:\MCC18\SRC\TRADIT~1\PROC\p18f4580.asm
                 B2D5bits   0x000e4b       data     extern C:\MCC18\SRC\TRADIT~1\PROC\p18f4580.asm
                     B2D6   0x000e4c       data     extern C:\MCC18\SRC\TRADIT~1\PROC\p18f4580.asm
                 B2D6bits   0x000e4c       data     extern C:\MCC18\SRC\TRADIT~1\PROC\p18f4580.asm
                     B2D7   0x000e4d       data     extern C:\MCC18\SRC\TRADIT~1\PROC\p18f4580.asm
                 B2D7bits   0x000e4d       data     extern C:\MCC18\SRC\TRADIT~1\PROC\p18f4580.asm
                    B2DLC   0x000e45       data     extern C:\MCC18\SRC\TRADIT~1\PROC\p18f4580.asm
                B2DLCbits   0x000e45       data     extern C:\MCC18\SRC\TRADIT~1\PROC\p18f4580.asm
                   B2EIDH   0x000e43       data     extern C:\MCC18\SRC\TRADIT~1\PROC\p18f4580.asm
               B2EIDHbits   0x000e43       data     extern C:\MCC18\SRC\TRADIT~1\PROC\p18f4580.asm
                   B2EIDL   0x000e44       data     extern C:\MCC18\SRC\TRADIT~1\PROC\p18f4580.asm
               B2EIDLbits   0x000e44       data     extern C:\MCC18\SRC\TRADIT~1\PROC\p18f4580.asm
                   B2SIDH   0x000e41       data     extern C:\MCC18\SRC\TRADIT~1\PROC\p18f4580.asm
               B2SIDHbits   0x000e41       data     extern C:\MCC18\SRC\TRADIT~1\PROC\p18f4580.asm
                   B2SIDL   0x000e42       data     extern C:\MCC18\SRC\TRADIT~1\PROC\p18f4580.asm
               B2SIDLbits   0x000e42       data     extern C:\MCC18\SRC\TRADIT~1\PROC\p18f4580.asm
                    B3CON   0x000e50       data     extern C:\MCC18\SRC\TRADIT~1\PROC\p18f4580.asm
                B3CONbits   0x000e50       data     extern C:\MCC18\SRC\TRADIT~1\PROC\p18f4580.asm
                     B3D0   0x000e56       data     extern C:\MCC18\SRC\TRADIT~1\PROC\p18f4580.asm
                 B3D0bits   0x000e56       data     extern C:\MCC18\SRC\TRADIT~1\PROC\p18f4580.asm
                     B3D1   0x000e57       data     extern C:\MCC18\SRC\TRADIT~1\PROC\p18f4580.asm
                 B3D1bits   0x000e57       data     extern C:\MCC18\SRC\TRADIT~1\PROC\p18f4580.asm
                     B3D2   0x000e58       data     extern C:\MCC18\SRC\TRADIT~1\PROC\p18f4580.asm
                 B3D2bits   0x000e58       data     extern C:\MCC18\SRC\TRADIT~1\PROC\p18f4580.asm
                     B3D3   0x000e59       data     extern C:\MCC18\SRC\TRADIT~1\PROC\p18f4580.asm
                 B3D3bits   0x000e59       data     extern C:\MCC18\SRC\TRADIT~1\PROC\p18f4580.asm
                     B3D4   0x000e5a       data     extern C:\MCC18\SRC\TRADIT~1\PROC\p18f4580.asm
                 B3D4bits   0x000e5a       data     extern C:\MCC18\SRC\TRADIT~1\PROC\p18f4580.asm
                     B3D5   0x000e5b       data     extern C:\MCC18\SRC\TRADIT~1\PROC\p18f4580.asm
                 B3D5bits   0x000e5b       data     extern C:\MCC18\SRC\TRADIT~1\PROC\p18f4580.asm
                     B3D6   0x000e5c       data     extern C:\MCC18\SRC\TRADIT~1\PROC\p18f4580.asm
                 B3D6bits   0x000e5c       data     extern C:\MCC18\SRC\TRADIT~1\PROC\p18f4580.asm
                     B3D7   0x000e5d       data     extern C:\MCC18\SRC\TRADIT~1\PROC\p18f4580.asm
                 B3D7bits   0x000e5d       data     extern C:\MCC18\SRC\TRADIT~1\PROC\p18f4580.asm
                    B3DLC   0x000e55       data     extern C:\MCC18\SRC\TRADIT~1\PROC\p18f4580.asm
                B3DLCbits   0x000e55       data     extern C:\MCC18\SRC\TRADIT~1\PROC\p18f4580.asm
                   B3EIDH   0x000e53       data     extern C:\MCC18\SRC\TRADIT~1\PROC\p18f4580.asm
               B3EIDHbits   0x000e53       data     extern C:\MCC18\SRC\TRADIT~1\PROC\p18f4580.asm
                   B3EIDL   0x000e54       data     extern C:\MCC18\SRC\TRADIT~1\PROC\p18f4580.asm
               B3EIDLbits   0x000e54       data     extern C:\MCC18\SRC\TRADIT~1\PROC\p18f4580.asm
                   B3SIDH   0x000e51       data     extern C:\MCC18\SRC\TRADIT~1\PROC\p18f4580.asm
               B3SIDHbits   0x000e51       data     extern C:\MCC18\SRC\TRADIT~1\PROC\p18f4580.asm
                   B3SIDL   0x000e52       data     extern C:\MCC18\SRC\TRADIT~1\PROC\p18f4580.asm
               B3SIDLbits   0x000e52       data     extern C:\MCC18\SRC\TRADIT~1\PROC\p18f4580.asm
                    B4CON   0x000e60       data     extern C:\MCC18\SRC\TRADIT~1\PROC\p18f4580.asm
                B4CONbits   0x000e60       data     extern C:\MCC18\SRC\TRADIT~1\PROC\p18f4580.asm
                     B4D0   0x000e66       data     extern C:\MCC18\SRC\TRADIT~1\PROC\p18f4580.asm
                 B4D0bits   0x000e66       data     extern C:\MCC18\SRC\TRADIT~1\PROC\p18f4580.asm
                     B4D1   0x000e67       data     extern C:\MCC18\SRC\TRADIT~1\PROC\p18f4580.asm
                 B4D1bits   0x000e67       data     extern C:\MCC18\SRC\TRADIT~1\PROC\p18f4580.asm
                     B4D2   0x000e68       data     extern C:\MCC18\SRC\TRADIT~1\PROC\p18f4580.asm
                 B4D2bits   0x000e68       data     extern C:\MCC18\SRC\TRADIT~1\PROC\p18f4580.asm
                     B4D3   0x000e69       data     extern C:\MCC18\SRC\TRADIT~1\PROC\p18f4580.asm
                 B4D3bits   0x000e69       data     extern C:\MCC18\SRC\TRADIT~1\PROC\p18f4580.asm
                     B4D4   0x000e6a       data     extern C:\MCC18\SRC\TRADIT~1\PROC\p18f4580.asm
                 B4D4bits   0x000e6a       data     extern C:\MCC18\SRC\TRADIT~1\PROC\p18f4580.asm
                     B4D5   0x000e6b       data     extern C:\MCC18\SRC\TRADIT~1\PROC\p18f4580.asm
                 B4D5bits   0x000e6b       data     extern C:\MCC18\SRC\TRADIT~1\PROC\p18f4580.asm
                     B4D6   0x000e6c       data     extern C:\MCC18\SRC\TRADIT~1\PROC\p18f4580.asm
                 B4D6bits   0x000e6c       data     extern C:\MCC18\SRC\TRADIT~1\PROC\p18f4580.asm
                     B4D7   0x000e6d       data     extern C:\MCC18\SRC\TRADIT~1\PROC\p18f4580.asm
                 B4D7bits   0x000e6d       data     extern C:\MCC18\SRC\TRADIT~1\PROC\p18f4580.asm
                    B4DLC   0x000e65       data     extern C:\MCC18\SRC\TRADIT~1\PROC\p18f4580.asm
                B4DLCbits   0x000e65       data     extern C:\MCC18\SRC\TRADIT~1\PROC\p18f4580.asm
                   B4EIDH   0x000e63       data     extern C:\MCC18\SRC\TRADIT~1\PROC\p18f4580.asm
               B4EIDHbits   0x000e63       data     extern C:\MCC18\SRC\TRADIT~1\PROC\p18f4580.asm
                   B4EIDL   0x000e64       data     extern C:\MCC18\SRC\TRADIT~1\PROC\p18f4580.asm
               B4EIDLbits   0x000e64       data     extern C:\MCC18\SRC\TRADIT~1\PROC\p18f4580.asm
                   B4SIDH   0x000e61       data     extern C:\MCC18\SRC\TRADIT~1\PROC\p18f4580.asm
               B4SIDHbits   0x000e61       data     extern C:\MCC18\SRC\TRADIT~1\PROC\p18f4580.asm
                   B4SIDL   0x000e62       data     extern C:\MCC18\SRC\TRADIT~1\PROC\p18f4580.asm
               B4SIDLbits   0x000e62       data     extern C:\MCC18\SRC\TRADIT~1\PROC\p18f4580.asm
                    B5CON   0x000e70       data     extern C:\MCC18\SRC\TRADIT~1\PROC\p18f4580.asm
                B5CONbits   0x000e70       data     extern C:\MCC18\SRC\TRADIT~1\PROC\p18f4580.asm
                     B5D0   0x000e76       data     extern C:\MCC18\SRC\TRADIT~1\PROC\p18f4580.asm
                 B5D0bits   0x000e76       data     extern C:\MCC18\SRC\TRADIT~1\PROC\p18f4580.asm
                     B5D1   0x000e77       data     extern C:\MCC18\SRC\TRADIT~1\PROC\p18f4580.asm
                 B5D1bits   0x000e77       data     extern C:\MCC18\SRC\TRADIT~1\PROC\p18f4580.asm
                     B5D2   0x000e78       data     extern C:\MCC18\SRC\TRADIT~1\PROC\p18f4580.asm
                 B5D2bits   0x000e78       data     extern C:\MCC18\SRC\TRADIT~1\PROC\p18f4580.asm
                     B5D3   0x000e79       data     extern C:\MCC18\SRC\TRADIT~1\PROC\p18f4580.asm
                 B5D3bits   0x000e79       data     extern C:\MCC18\SRC\TRADIT~1\PROC\p18f4580.asm
                     B5D4   0x000e7a       data     extern C:\MCC18\SRC\TRADIT~1\PROC\p18f4580.asm
                 B5D4bits   0x000e7a       data     extern C:\MCC18\SRC\TRADIT~1\PROC\p18f4580.asm
                     B5D5   0x000e7b       data     extern C:\MCC18\SRC\TRADIT~1\PROC\p18f4580.asm
                 B5D5bits   0x000e7b       data     extern C:\MCC18\SRC\TRADIT~1\PROC\p18f4580.asm
                     B5D6   0x000e7c       data     extern C:\MCC18\SRC\TRADIT~1\PROC\p18f4580.asm
                 B5D6bits   0x000e7c       data     extern C:\MCC18\SRC\TRADIT~1\PROC\p18f4580.asm
                     B5D7   0x000e7d       data     extern C:\MCC18\SRC\TRADIT~1\PROC\p18f4580.asm
                 B5D7bits   0x000e7d       data     extern C:\MCC18\SRC\TRADIT~1\PROC\p18f4580.asm
                    B5DLC   0x000e75       data     extern C:\MCC18\SRC\TRADIT~1\PROC\p18f4580.asm
                B5DLCbits   0x000e75       data     extern C:\MCC18\SRC\TRADIT~1\PROC\p18f4580.asm
                   B5EIDH   0x000e73       data     extern C:\MCC18\SRC\TRADIT~1\PROC\p18f4580.asm
               B5EIDHbits   0x000e73       data     extern C:\MCC18\SRC\TRADIT~1\PROC\p18f4580.asm
                   B5EIDL   0x000e74       data     extern C:\MCC18\SRC\TRADIT~1\PROC\p18f4580.asm
               B5EIDLbits   0x000e74       data     extern C:\MCC18\SRC\TRADIT~1\PROC\p18f4580.asm
                   B5SIDH   0x000e71       data     extern C:\MCC18\SRC\TRADIT~1\PROC\p18f4580.asm
               B5SIDHbits   0x000e71       data     extern C:\MCC18\SRC\TRADIT~1\PROC\p18f4580.asm
                   B5SIDL   0x000e72       data     extern C:\MCC18\SRC\TRADIT~1\PROC\p18f4580.asm
               B5SIDLbits   0x000e72       data     extern C:\MCC18\SRC\TRADIT~1\PROC\p18f4580.asm
                  BAUDCON   0x000fb8       data     extern C:\MCC18\SRC\TRADIT~1\PROC\p18f4580.asm
              BAUDCONbits   0x000fb8       data     extern C:\MCC18\SRC\TRADIT~1\PROC\p18f4580.asm
                     BIE0   0x000dfa       data     extern C:\MCC18\SRC\TRADIT~1\PROC\p18f4580.asm
                 BIE0bits   0x000dfa       data     extern C:\MCC18\SRC\TRADIT~1\PROC\p18f4580.asm
                  BRGCON1   0x000f70       data     extern C:\MCC18\SRC\TRADIT~1\PROC\p18f4580.asm
              BRGCON1bits   0x000f70       data     extern C:\MCC18\SRC\TRADIT~1\PROC\p18f4580.asm
                  BRGCON2   0x000f71       data     extern C:\MCC18\SRC\TRADIT~1\PROC\p18f4580.asm
              BRGCON2bits   0x000f71       data     extern C:\MCC18\SRC\TRADIT~1\PROC\p18f4580.asm
                  BRGCON3   0x000f72       data     extern C:\MCC18\SRC\TRADIT~1\PROC\p18f4580.asm
              BRGCON3bits   0x000f72       data     extern C:\MCC18\SRC\TRADIT~1\PROC\p18f4580.asm
                    BSEL0   0x000df8       data     extern C:\MCC18\SRC\TRADIT~1\PROC\p18f4580.asm
                BSEL0bits   0x000df8       data     extern C:\MCC18\SRC\TRADIT~1\PROC\p18f4580.asm
                      BSR   0x000fe0       data     extern C:\MCC18\SRC\TRADIT~1\PROC\p18f4580.asm
                   CANCON   0x000f6f       data     extern C:\MCC18\SRC\TRADIT~1\PROC\p18f4580.asm
               CANCON_RO0   0x000f5f       data     extern C:\MCC18\SRC\TRADIT~1\PROC\p18f4580.asm
           CANCON_RO0bits   0x000f5f       data     extern C:\MCC18\SRC\TRADIT~1\PROC\p18f4580.asm
               CANCON_RO1   0x000f4f       data     extern C:\MCC18\SRC\TRADIT~1\PROC\p18f4580.asm
           CANCON_RO1bits   0x000f4f       data     extern C:\MCC18\SRC\TRADIT~1\PROC\p18f4580.asm
               CANCON_RO2   0x000f3f       data     extern C:\MCC18\SRC\TRADIT~1\PROC\p18f4580.asm
           CANCON_RO2bits   0x000f3f       data     extern C:\MCC18\SRC\TRADIT~1\PROC\p18f4580.asm
               CANCON_RO3   0x000f2f       data     extern C:\MCC18\SRC\TRADIT~1\PROC\p18f4580.asm
           CANCON_RO3bits   0x000f2f       data     extern C:\MCC18\SRC\TRADIT~1\PROC\p18f4580.asm
               CANCON_RO4   0x000e7f       data     extern C:\MCC18\SRC\TRADIT~1\PROC\p18f4580.asm
           CANCON_RO4bits   0x000e7f       data     extern C:\MCC18\SRC\TRADIT~1\PROC\p18f4580.asm
               CANCON_RO5   0x000e6f       data     extern C:\MCC18\SRC\TRADIT~1\PROC\p18f4580.asm
           CANCON_RO5bits   0x000e6f       data     extern C:\MCC18\SRC\TRADIT~1\PROC\p18f4580.asm
               CANCON_RO6   0x000e5f       data     extern C:\MCC18\SRC\TRADIT~1\PROC\p18f4580.asm
           CANCON_RO6bits   0x000e5f       data     extern C:\MCC18\SRC\TRADIT~1\PROC\p18f4580.asm
               CANCON_RO7   0x000e4f       data     extern C:\MCC18\SRC\TRADIT~1\PROC\p18f4580.asm
           CANCON_RO7bits   0x000e4f       data     extern C:\MCC18\SRC\TRADIT~1\PROC\p18f4580.asm
               CANCON_RO8   0x000e3f       data     extern C:\MCC18\SRC\TRADIT~1\PROC\p18f4580.asm
           CANCON_RO8bits   0x000e3f       data     extern C:\MCC18\SRC\TRADIT~1\PROC\p18f4580.asm
               CANCON_RO9   0x000e2f       data     extern C:\MCC18\SRC\TRADIT~1\PROC\p18f4580.asm
           CANCON_RO9bits   0x000e2f       data     extern C:\MCC18\SRC\TRADIT~1\PROC\p18f4580.asm
               CANCONbits   0x000f6f       data     extern C:\MCC18\SRC\TRADIT~1\PROC\p18f4580.asm
                  CANSTAT   0x000f6e       data     extern C:\MCC18\SRC\TRADIT~1\PROC\p18f4580.asm
              CANSTAT_RO0   0x000f5e       data     extern C:\MCC18\SRC\TRADIT~1\PROC\p18f4580.asm
          CANSTAT_RO0bits   0x000f5e       data     extern C:\MCC18\SRC\TRADIT~1\PROC\p18f4580.asm
              CANSTAT_RO1   0x000f4e       data     extern C:\MCC18\SRC\TRADIT~1\PROC\p18f4580.asm
          CANSTAT_RO1bits   0x000f4e       data     extern C:\MCC18\SRC\TRADIT~1\PROC\p18f4580.asm
              CANSTAT_RO2   0x000f3e       data     extern C:\MCC18\SRC\TRADIT~1\PROC\p18f4580.asm
          CANSTAT_RO2bits   0x000f3e       data     extern C:\MCC18\SRC\TRADIT~1\PROC\p18f4580.asm
              CANSTAT_RO3   0x000f2e       data     extern C:\MCC18\SRC\TRADIT~1\PROC\p18f4580.asm
          CANSTAT_RO3bits   0x000f2e       data     extern C:\MCC18\SRC\TRADIT~1\PROC\p18f4580.asm
              CANSTAT_RO4   0x000e7e       data     extern C:\MCC18\SRC\TRADIT~1\PROC\p18f4580.asm
          CANSTAT_RO4bits   0x000e7e       data     extern C:\MCC18\SRC\TRADIT~1\PROC\p18f4580.asm
              CANSTAT_RO5   0x000e6e       data     extern C:\MCC18\SRC\TRADIT~1\PROC\p18f4580.asm
          CANSTAT_RO5bits   0x000e6e       data     extern C:\MCC18\SRC\TRADIT~1\PROC\p18f4580.asm
              CANSTAT_RO6   0x000e5e       data     extern C:\MCC18\SRC\TRADIT~1\PROC\p18f4580.asm
          CANSTAT_RO6bits   0x000e5e       data     extern C:\MCC18\SRC\TRADIT~1\PROC\p18f4580.asm
              CANSTAT_RO7   0x000e4e       data     extern C:\MCC18\SRC\TRADIT~1\PROC\p18f4580.asm
          CANSTAT_RO7bits   0x000e4e       data     extern C:\MCC18\SRC\TRADIT~1\PROC\p18f4580.asm
              CANSTAT_RO8   0x000e3e       data     extern C:\MCC18\SRC\TRADIT~1\PROC\p18f4580.asm
          CANSTAT_RO8bits   0x000e3e       data     extern C:\MCC18\SRC\TRADIT~1\PROC\p18f4580.asm
              CANSTAT_RO9   0x000e2e       data     extern C:\MCC18\SRC\TRADIT~1\PROC\p18f4580.asm
          CANSTAT_RO9bits   0x000e2e       data     extern C:\MCC18\SRC\TRADIT~1\PROC\p18f4580.asm
              CANSTATbits   0x000f6e       data     extern C:\MCC18\SRC\TRADIT~1\PROC\p18f4580.asm
                  CCP1CON   0x000fbd       data     extern C:\MCC18\SRC\TRADIT~1\PROC\p18f4580.asm
              CCP1CONbits   0x000fbd       data     extern C:\MCC18\SRC\TRADIT~1\PROC\p18f4580.asm
                    CCPR1   0x000fbe       data     extern C:\MCC18\SRC\TRADIT~1\PROC\p18f4580.asm
                   CCPR1H   0x000fbf       data     extern C:\MCC18\SRC\TRADIT~1\PROC\p18f4580.asm
                   CCPR1L   0x000fbe       data     extern C:\MCC18\SRC\TRADIT~1\PROC\p18f4580.asm
                   CIOCON   0x000f73       data     extern C:\MCC18\SRC\TRADIT~1\PROC\p18f4580.asm
               CIOCONbits   0x000f73       data     extern C:\MCC18\SRC\TRADIT~1\PROC\p18f4580.asm
                    CMCON   0x000fb4       data     extern C:\MCC18\SRC\TRADIT~1\PROC\p18f4580.asm
                CMCONbits   0x000fb4       data     extern C:\MCC18\SRC\TRADIT~1\PROC\p18f4580.asm
                  COMSTAT   0x000f74       data     extern C:\MCC18\SRC\TRADIT~1\PROC\p18f4580.asm
              COMSTATbits   0x000f74       data     extern C:\MCC18\SRC\TRADIT~1\PROC\p18f4580.asm
                   CVRCON   0x000fb5       data     extern C:\MCC18\SRC\TRADIT~1\PROC\p18f4580.asm
               CVRCONbits   0x000fb5       data     extern C:\MCC18\SRC\TRADIT~1\PROC\p18f4580.asm
                     DDRA   0x000f92       data     extern C:\MCC18\SRC\TRADIT~1\PROC\p18f4580.asm
                 DDRAbits   0x000f92       data     extern C:\MCC18\SRC\TRADIT~1\PROC\p18f4580.asm
                     DDRB   0x000f93       data     extern C:\MCC18\SRC\TRADIT~1\PROC\p18f4580.asm
                 DDRBbits   0x000f93       data     extern C:\MCC18\SRC\TRADIT~1\PROC\p18f4580.asm
                     DDRC   0x000f94       data     extern C:\MCC18\SRC\TRADIT~1\PROC\p18f4580.asm
                 DDRCbits   0x000f94       data     extern C:\MCC18\SRC\TRADIT~1\PROC\p18f4580.asm
                     DDRD   0x000f95       data     extern C:\MCC18\SRC\TRADIT~1\PROC\p18f4580.asm
                 DDRDbits   0x000f95       data     extern C:\MCC18\SRC\TRADIT~1\PROC\p18f4580.asm
                     DDRE   0x000f96       data     extern C:\MCC18\SRC\TRADIT~1\PROC\p18f4580.asm
                 DDREbits   0x000f96       data     extern C:\MCC18\SRC\TRADIT~1\PROC\p18f4580.asm
                  ECANCON   0x000f77       data     extern C:\MCC18\SRC\TRADIT~1\PROC\p18f4580.asm
              ECANCONbits   0x000f77       data     extern C:\MCC18\SRC\TRADIT~1\PROC\p18f4580.asm
                  ECCP1AS   0x000fb6       data     extern C:\MCC18\SRC\TRADIT~1\PROC\p18f4580.asm
              ECCP1ASbits   0x000fb6       data     extern C:\MCC18\SRC\TRADIT~1\PROC\p18f4580.asm
                 ECCP1CON   0x000fba       data     extern C:\MCC18\SRC\TRADIT~1\PROC\p18f4580.asm
             ECCP1CONbits   0x000fba       data     extern C:\MCC18\SRC\TRADIT~1\PROC\p18f4580.asm
                 ECCP1DEL   0x000fb7       data     extern C:\MCC18\SRC\TRADIT~1\PROC\p18f4580.asm
             ECCP1DELbits   0x000fb7       data     extern C:\MCC18\SRC\TRADIT~1\PROC\p18f4580.asm
                   ECCPR1   0x000fbb       data     extern C:\MCC18\SRC\TRADIT~1\PROC\p18f4580.asm
                  ECCPR1H   0x000fbc       data     extern C:\MCC18\SRC\TRADIT~1\PROC\p18f4580.asm
                  ECCPR1L   0x000fbb       data     extern C:\MCC18\SRC\TRADIT~1\PROC\p18f4580.asm
                    EEADR   0x000fa9       data     extern C:\MCC18\SRC\TRADIT~1\PROC\p18f4580.asm
                   EECON1   0x000fa6       data     extern C:\MCC18\SRC\TRADIT~1\PROC\p18f4580.asm
               EECON1bits   0x000fa6       data     extern C:\MCC18\SRC\TRADIT~1\PROC\p18f4580.asm
                   EECON2   0x000fa7       data     extern C:\MCC18\SRC\TRADIT~1\PROC\p18f4580.asm
                   EEDATA   0x000fa8       data     extern C:\MCC18\SRC\TRADIT~1\PROC\p18f4580.asm
               ERROR_CODE   0x0000f4       data     extern C:\Embedded\CANOpenOD\main.c
                     FSR0   0x000fe9       data     extern C:\MCC18\SRC\TRADIT~1\PROC\p18f4580.asm
                    FSR0H   0x000fea       data     extern C:\MCC18\SRC\TRADIT~1\PROC\p18f4580.asm
                    FSR0L   0x000fe9       data     extern C:\MCC18\SRC\TRADIT~1\PROC\p18f4580.asm
                     FSR1   0x000fe1       data     extern C:\MCC18\SRC\TRADIT~1\PROC\p18f4580.asm
                    FSR1H   0x000fe2       data     extern C:\MCC18\SRC\TRADIT~1\PROC\p18f4580.asm
                    FSR1L   0x000fe1       data     extern C:\MCC18\SRC\TRADIT~1\PROC\p18f4580.asm
                     FSR2   0x000fd9       data     extern C:\MCC18\SRC\TRADIT~1\PROC\p18f4580.asm
                    FSR2H   0x000fda       data     extern C:\MCC18\SRC\TRADIT~1\PROC\p18f4580.asm
                    FSR2L   0x000fd9       data     extern C:\MCC18\SRC\TRADIT~1\PROC\p18f4580.asm
                  HLVDCON   0x000fd2       data     extern C:\MCC18\SRC\TRADIT~1\PROC\p18f4580.asm
              HLVDCONbits   0x000fd2       data     extern C:\MCC18\SRC\TRADIT~1\PROC\p18f4580.asm
                    INDF0   0x000fef       data     extern C:\MCC18\SRC\TRADIT~1\PROC\p18f4580.asm
                    INDF1   0x000fe7       data     extern C:\MCC18\SRC\TRADIT~1\PROC\p18f4580.asm
                    INDF2   0x000fdf       data     extern C:\MCC18\SRC\TRADIT~1\PROC\p18f4580.asm
                   INTCON   0x000ff2       data     extern C:\MCC18\SRC\TRADIT~1\PROC\p18f4580.asm
                  INTCON2   0x000ff1       data     extern C:\MCC18\SRC\TRADIT~1\PROC\p18f4580.asm
              INTCON2bits   0x000ff1       data     extern C:\MCC18\SRC\TRADIT~1\PROC\p18f4580.asm
                  INTCON3   0x000ff0       data     extern C:\MCC18\SRC\TRADIT~1\PROC\p18f4580.asm
              INTCON3bits   0x000ff0       data     extern C:\MCC18\SRC\TRADIT~1\PROC\p18f4580.asm
               INTCONbits   0x000ff2       data     extern C:\MCC18\SRC\TRADIT~1\PROC\p18f4580.asm
                     IPR1   0x000f9f       data     extern C:\MCC18\SRC\TRADIT~1\PROC\p18f4580.asm
                 IPR1bits   0x000f9f       data     extern C:\MCC18\SRC\TRADIT~1\PROC\p18f4580.asm
                     IPR2   0x000fa2       data     extern C:\MCC18\SRC\TRADIT~1\PROC\p18f4580.asm
                 IPR2bits   0x000fa2       data     extern C:\MCC18\SRC\TRADIT~1\PROC\p18f4580.asm
                     IPR3   0x000fa5       data     extern C:\MCC18\SRC\TRADIT~1\PROC\p18f4580.asm
                 IPR3bits   0x000fa5       data     extern C:\MCC18\SRC\TRADIT~1\PROC\p18f4580.asm
                       Id   0x0000e4       data     extern C:\Embedded\CANOpenOD\main.c
                     Id_p   0x0003de       data     extern C:\Embedded\CANOpenOD\init.c
                    Index   0x0000e6       data     extern C:\Embedded\CANOpenOD\main.c
                     LATA   0x000f89       data     extern C:\MCC18\SRC\TRADIT~1\PROC\p18f4580.asm
                 LATAbits   0x000f89       data     extern C:\MCC18\SRC\TRADIT~1\PROC\p18f4580.asm
                     LATB   0x000f8a       data     extern C:\MCC18\SRC\TRADIT~1\PROC\p18f4580.asm
                 LATBbits   0x000f8a       data     extern C:\MCC18\SRC\TRADIT~1\PROC\p18f4580.asm
                     LATC   0x000f8b       data     extern C:\MCC18\SRC\TRADIT~1\PROC\p18f4580.asm
                 LATCbits   0x000f8b       data     extern C:\MCC18\SRC\TRADIT~1\PROC\p18f4580.asm
                     LATD   0x000f8c       data     extern C:\MCC18\SRC\TRADIT~1\PROC\p18f4580.asm
                 LATDbits   0x000f8c       data     extern C:\MCC18\SRC\TRADIT~1\PROC\p18f4580.asm
                     LATE   0x000f8d       data     extern C:\MCC18\SRC\TRADIT~1\PROC\p18f4580.asm
                 LATEbits   0x000f8d       data     extern C:\MCC18\SRC\TRADIT~1\PROC\p18f4580.asm
                   LVDCON   0x000fd2       data     extern C:\MCC18\SRC\TRADIT~1\PROC\p18f4580.asm
               LVDCONbits   0x000fd2       data     extern C:\MCC18\SRC\TRADIT~1\PROC\p18f4580.asm
                    MSEL0   0x000df0       data     extern C:\MCC18\SRC\TRADIT~1\PROC\p18f4580.asm
                MSEL0bits   0x000df0       data     extern C:\MCC18\SRC\TRADIT~1\PROC\p18f4580.asm
                    MSEL1   0x000df1       data     extern C:\MCC18\SRC\TRADIT~1\PROC\p18f4580.asm
                MSEL1bits   0x000df1       data     extern C:\MCC18\SRC\TRADIT~1\PROC\p18f4580.asm
                    MSEL2   0x000df2       data     extern C:\MCC18\SRC\TRADIT~1\PROC\p18f4580.asm
                MSEL2bits   0x000df2       data     extern C:\MCC18\SRC\TRADIT~1\PROC\p18f4580.asm
                    MSEL3   0x000df3       data     extern C:\MCC18\SRC\TRADIT~1\PROC\p18f4580.asm
                MSEL3bits   0x000df3       data     extern C:\MCC18\SRC\TRADIT~1\PROC\p18f4580.asm
                   OSCCON   0x000fd3       data     extern C:\MCC18\SRC\TRADIT~1\PROC\p18f4580.asm
               OSCCONbits   0x000fd3       data     extern C:\MCC18\SRC\TRADIT~1\PROC\p18f4580.asm
                  OSCTUNE   0x000f9b       data     extern C:\MCC18\SRC\TRADIT~1\PROC\p18f4580.asm
              OSCTUNEbits   0x000f9b       data     extern C:\MCC18\SRC\TRADIT~1\PROC\p18f4580.asm
                       PC   0x000ff9       data     extern C:\MCC18\SRC\TRADIT~1\PROC\p18f4580.asm
                      PCL   0x000ff9       data     extern C:\MCC18\SRC\TRADIT~1\PROC\p18f4580.asm
                   PCLATH   0x000ffa       data     extern C:\MCC18\SRC\TRADIT~1\PROC\p18f4580.asm
                   PCLATU   0x000ffb       data     extern C:\MCC18\SRC\TRADIT~1\PROC\p18f4580.asm
                     PIE1   0x000f9d       data     extern C:\MCC18\SRC\TRADIT~1\PROC\p18f4580.asm
                 PIE1bits   0x000f9d       data     extern C:\MCC18\SRC\TRADIT~1\PROC\p18f4580.asm
                     PIE2   0x000fa0       data     extern C:\MCC18\SRC\TRADIT~1\PROC\p18f4580.asm
                 PIE2bits   0x000fa0       data     extern C:\MCC18\SRC\TRADIT~1\PROC\p18f4580.asm
                     PIE3   0x000fa3       data     extern C:\MCC18\SRC\TRADIT~1\PROC\p18f4580.asm
                 PIE3bits   0x000fa3       data     extern C:\MCC18\SRC\TRADIT~1\PROC\p18f4580.asm
                     PIR1   0x000f9e       data     extern C:\MCC18\SRC\TRADIT~1\PROC\p18f4580.asm
                 PIR1bits   0x000f9e       data     extern C:\MCC18\SRC\TRADIT~1\PROC\p18f4580.asm
                     PIR2   0x000fa1       data     extern C:\MCC18\SRC\TRADIT~1\PROC\p18f4580.asm
                 PIR2bits   0x000fa1       data     extern C:\MCC18\SRC\TRADIT~1\PROC\p18f4580.asm
                     PIR3   0x000fa4       data     extern C:\MCC18\SRC\TRADIT~1\PROC\p18f4580.asm
                 PIR3bits   0x000fa4       data     extern C:\MCC18\SRC\TRADIT~1\PROC\p18f4580.asm
                   PLUSW0   0x000feb       data     extern C:\MCC18\SRC\TRADIT~1\PROC\p18f4580.asm
                   PLUSW1   0x000fe3       data     extern C:\MCC18\SRC\TRADIT~1\PROC\p18f4580.asm
                   PLUSW2   0x000fdb       data     extern C:\MCC18\SRC\TRADIT~1\PROC\p18f4580.asm
                    PORTA   0x000f80       data     extern C:\MCC18\SRC\TRADIT~1\PROC\p18f4580.asm
                PORTAbits   0x000f80       data     extern C:\MCC18\SRC\TRADIT~1\PROC\p18f4580.asm
                    PORTB   0x000f81       data     extern C:\MCC18\SRC\TRADIT~1\PROC\p18f4580.asm
                PORTBbits   0x000f81       data     extern C:\MCC18\SRC\TRADIT~1\PROC\p18f4580.asm
                    PORTC   0x000f82       data     extern C:\MCC18\SRC\TRADIT~1\PROC\p18f4580.asm
                PORTCbits   0x000f82       data     extern C:\MCC18\SRC\TRADIT~1\PROC\p18f4580.asm
                    PORTD   0x000f83       data     extern C:\MCC18\SRC\TRADIT~1\PROC\p18f4580.asm
                PORTDbits   0x000f83       data     extern C:\MCC18\SRC\TRADIT~1\PROC\p18f4580.asm
                    PORTE   0x000f84       data     extern C:\MCC18\SRC\TRADIT~1\PROC\p18f4580.asm
                PORTEbits   0x000f84       data     extern C:\MCC18\SRC\TRADIT~1\PROC\p18f4580.asm
                 POSTDEC0   0x000fed       data     extern C:\MCC18\SRC\TRADIT~1\PROC\p18f4580.asm
                 POSTDEC1   0x000fe5       data     extern C:\MCC18\SRC\TRADIT~1\PROC\p18f4580.asm
                 POSTDEC2   0x000fdd       data     extern C:\MCC18\SRC\TRADIT~1\PROC\p18f4580.asm
                 POSTINC0   0x000fee       data     extern C:\MCC18\SRC\TRADIT~1\PROC\p18f4580.asm
                 POSTINC1   0x000fe6       data     extern C:\MCC18\SRC\TRADIT~1\PROC\p18f4580.asm
                 POSTINC2   0x000fde       data     extern C:\MCC18\SRC\TRADIT~1\PROC\p18f4580.asm
                      PR2   0x000fcb       data     extern C:\MCC18\SRC\TRADIT~1\PROC\p18f4580.asm
                  PREINC0   0x000fec       data     extern C:\MCC18\SRC\TRADIT~1\PROC\p18f4580.asm
                  PREINC1   0x000fe4       data     extern C:\MCC18\SRC\TRADIT~1\PROC\p18f4580.asm
                  PREINC2   0x000fdc       data     extern C:\MCC18\SRC\TRADIT~1\PROC\p18f4580.asm
                     PROD   0x000ff3       data     extern C:\MCC18\SRC\TRADIT~1\PROC\p18f4580.asm
                    PRODH   0x000ff4       data     extern C:\MCC18\SRC\TRADIT~1\PROC\p18f4580.asm
                    PRODL   0x000ff3       data     extern C:\MCC18\SRC\TRADIT~1\PROC\p18f4580.asm
                     RCON   0x000fd0       data     extern C:\MCC18\SRC\TRADIT~1\PROC\p18f4580.asm
                 RCONbits   0x000fd0       data     extern C:\MCC18\SRC\TRADIT~1\PROC\p18f4580.asm
                    RCREG   0x000fae       data     extern C:\MCC18\SRC\TRADIT~1\PROC\p18f4580.asm
                    RCSTA   0x000fab       data     extern C:\MCC18\SRC\TRADIT~1\PROC\p18f4580.asm
                RCSTAbits   0x000fab       data     extern C:\MCC18\SRC\TRADIT~1\PROC\p18f4580.asm
                  RXB0CON   0x000f60       data     extern C:\MCC18\SRC\TRADIT~1\PROC\p18f4580.asm
              RXB0CONbits   0x000f60       data     extern C:\MCC18\SRC\TRADIT~1\PROC\p18f4580.asm
                   RXB0D0   0x000f66       data     extern C:\MCC18\SRC\TRADIT~1\PROC\p18f4580.asm
               RXB0D0bits   0x000f66       data     extern C:\MCC18\SRC\TRADIT~1\PROC\p18f4580.asm
                   RXB0D1   0x000f67       data     extern C:\MCC18\SRC\TRADIT~1\PROC\p18f4580.asm
               RXB0D1bits   0x000f67       data     extern C:\MCC18\SRC\TRADIT~1\PROC\p18f4580.asm
                   RXB0D2   0x000f68       data     extern C:\MCC18\SRC\TRADIT~1\PROC\p18f4580.asm
               RXB0D2bits   0x000f68       data     extern C:\MCC18\SRC\TRADIT~1\PROC\p18f4580.asm
                   RXB0D3   0x000f69       data     extern C:\MCC18\SRC\TRADIT~1\PROC\p18f4580.asm
               RXB0D3bits   0x000f69       data     extern C:\MCC18\SRC\TRADIT~1\PROC\p18f4580.asm
                   RXB0D4   0x000f6a       data     extern C:\MCC18\SRC\TRADIT~1\PROC\p18f4580.asm
               RXB0D4bits   0x000f6a       data     extern C:\MCC18\SRC\TRADIT~1\PROC\p18f4580.asm
                   RXB0D5   0x000f6b       data     extern C:\MCC18\SRC\TRADIT~1\PROC\p18f4580.asm
               RXB0D5bits   0x000f6b       data     extern C:\MCC18\SRC\TRADIT~1\PROC\p18f4580.asm
                   RXB0D6   0x000f6c       data     extern C:\MCC18\SRC\TRADIT~1\PROC\p18f4580.asm
               RXB0D6bits   0x000f6c       data     extern C:\MCC18\SRC\TRADIT~1\PROC\p18f4580.asm
                   RXB0D7   0x000f6d       data     extern C:\MCC18\SRC\TRADIT~1\PROC\p18f4580.asm
               RXB0D7bits   0x000f6d       data     extern C:\MCC18\SRC\TRADIT~1\PROC\p18f4580.asm
                  RXB0DLC   0x000f65       data     extern C:\MCC18\SRC\TRADIT~1\PROC\p18f4580.asm
              RXB0DLCbits   0x000f65       data     extern C:\MCC18\SRC\TRADIT~1\PROC\p18f4580.asm
                 RXB0EIDH   0x000f63       data     extern C:\MCC18\SRC\TRADIT~1\PROC\p18f4580.asm
             RXB0EIDHbits   0x000f63       data     extern C:\MCC18\SRC\TRADIT~1\PROC\p18f4580.asm
                 RXB0EIDL   0x000f64       data     extern C:\MCC18\SRC\TRADIT~1\PROC\p18f4580.asm
             RXB0EIDLbits   0x000f64       data     extern C:\MCC18\SRC\TRADIT~1\PROC\p18f4580.asm
                 RXB0SIDH   0x000f61       data     extern C:\MCC18\SRC\TRADIT~1\PROC\p18f4580.asm
             RXB0SIDHbits   0x000f61       data     extern C:\MCC18\SRC\TRADIT~1\PROC\p18f4580.asm
                 RXB0SIDL   0x000f62       data     extern C:\MCC18\SRC\TRADIT~1\PROC\p18f4580.asm
             RXB0SIDLbits   0x000f62       data     extern C:\MCC18\SRC\TRADIT~1\PROC\p18f4580.asm
                  RXB1CON   0x000f50       data     extern C:\MCC18\SRC\TRADIT~1\PROC\p18f4580.asm
              RXB1CONbits   0x000f50       data     extern C:\MCC18\SRC\TRADIT~1\PROC\p18f4580.asm
                   RXB1D0   0x000f56       data     extern C:\MCC18\SRC\TRADIT~1\PROC\p18f4580.asm
               RXB1D0bits   0x000f56       data     extern C:\MCC18\SRC\TRADIT~1\PROC\p18f4580.asm
                   RXB1D1   0x000f57       data     extern C:\MCC18\SRC\TRADIT~1\PROC\p18f4580.asm
               RXB1D1bits   0x000f57       data     extern C:\MCC18\SRC\TRADIT~1\PROC\p18f4580.asm
                   RXB1D2   0x000f58       data     extern C:\MCC18\SRC\TRADIT~1\PROC\p18f4580.asm
               RXB1D2bits   0x000f58       data     extern C:\MCC18\SRC\TRADIT~1\PROC\p18f4580.asm
                   RXB1D3   0x000f59       data     extern C:\MCC18\SRC\TRADIT~1\PROC\p18f4580.asm
               RXB1D3bits   0x000f59       data     extern C:\MCC18\SRC\TRADIT~1\PROC\p18f4580.asm
                   RXB1D4   0x000f5a       data     extern C:\MCC18\SRC\TRADIT~1\PROC\p18f4580.asm
               RXB1D4bits   0x000f5a       data     extern C:\MCC18\SRC\TRADIT~1\PROC\p18f4580.asm
                   RXB1D5   0x000f5b       data     extern C:\MCC18\SRC\TRADIT~1\PROC\p18f4580.asm
               RXB1D5bits   0x000f5b       data     extern C:\MCC18\SRC\TRADIT~1\PROC\p18f4580.asm
                   RXB1D6   0x000f5c       data     extern C:\MCC18\SRC\TRADIT~1\PROC\p18f4580.asm
               RXB1D6bits   0x000f5c       data     extern C:\MCC18\SRC\TRADIT~1\PROC\p18f4580.asm
                   RXB1D7   0x000f5d       data     extern C:\MCC18\SRC\TRADIT~1\PROC\p18f4580.asm
               RXB1D7bits   0x000f5d       data     extern C:\MCC18\SRC\TRADIT~1\PROC\p18f4580.asm
                  RXB1DLC   0x000f55       data     extern C:\MCC18\SRC\TRADIT~1\PROC\p18f4580.asm
              RXB1DLCbits   0x000f55       data     extern C:\MCC18\SRC\TRADIT~1\PROC\p18f4580.asm
                 RXB1EIDH   0x000f53       data     extern C:\MCC18\SRC\TRADIT~1\PROC\p18f4580.asm
             RXB1EIDHbits   0x000f53       data     extern C:\MCC18\SRC\TRADIT~1\PROC\p18f4580.asm
                 RXB1EIDL   0x000f54       data     extern C:\MCC18\SRC\TRADIT~1\PROC\p18f4580.asm
             RXB1EIDLbits   0x000f54       data     extern C:\MCC18\SRC\TRADIT~1\PROC\p18f4580.asm
                 RXB1SIDH   0x000f51       data     extern C:\MCC18\SRC\TRADIT~1\PROC\p18f4580.asm
             RXB1SIDHbits   0x000f51       data     extern C:\MCC18\SRC\TRADIT~1\PROC\p18f4580.asm
                 RXB1SIDL   0x000f52       data     extern C:\MCC18\SRC\TRADIT~1\PROC\p18f4580.asm
             RXB1SIDLbits   0x000f52       data     extern C:\MCC18\SRC\TRADIT~1\PROC\p18f4580.asm
                    RXB_B   0x00009c       data     extern C:\Embedded\CANOpenOD\main.c
           RXB_B_BST_BR_R   0x0003ec       data     extern C:\Embedded\CANOpenOD\init.c
             RXB_B_BTXBD0   0x0003e4       data     extern C:\Embedded\CANOpenOD\init.c
             RXB_B_BTXBD1   0x0003e5       data     extern C:\Embedded\CANOpenOD\init.c
             RXB_B_BTXBD2   0x0003e6       data     extern C:\Embedded\CANOpenOD\init.c
             RXB_B_BTXBD3   0x0003e7       data     extern C:\Embedded\CANOpenOD\init.c
             RXB_B_BTXBD4   0x0003e8       data     extern C:\Embedded\CANOpenOD\init.c
             RXB_B_BTXBD5   0x0003e9       data     extern C:\Embedded\CANOpenOD\init.c
             RXB_B_BTXBD6   0x0003ea       data     extern C:\Embedded\CANOpenOD\init.c
             RXB_B_BTXBD7   0x0003eb       data     extern C:\Embedded\CANOpenOD\init.c
            RXB_B_BTXBDLC   0x0003ef       data     extern C:\Embedded\CANOpenOD\init.c
           RXB_B_BTXBSIDH   0x0003ee       data     extern C:\Embedded\CANOpenOD\init.c
           RXB_B_BTXBSIDL   0x0003ed       data     extern C:\Embedded\CANOpenOD\init.c
                 RXERRCNT   0x000f75       data     extern C:\MCC18\SRC\TRADIT~1\PROC\p18f4580.asm
             RXERRCNTbits   0x000f75       data     extern C:\MCC18\SRC\TRADIT~1\PROC\p18f4580.asm
                 RXF0EIDH   0x000f02       data     extern C:\MCC18\SRC\TRADIT~1\PROC\p18f4580.asm
             RXF0EIDHbits   0x000f02       data     extern C:\MCC18\SRC\TRADIT~1\PROC\p18f4580.asm
                 RXF0EIDL   0x000f03       data     extern C:\MCC18\SRC\TRADIT~1\PROC\p18f4580.asm
             RXF0EIDLbits   0x000f03       data     extern C:\MCC18\SRC\TRADIT~1\PROC\p18f4580.asm
                 RXF0SIDH   0x000f00       data     extern C:\MCC18\SRC\TRADIT~1\PROC\p18f4580.asm
             RXF0SIDHbits   0x000f00       data     extern C:\MCC18\SRC\TRADIT~1\PROC\p18f4580.asm
                 RXF0SIDL   0x000f01       data     extern C:\MCC18\SRC\TRADIT~1\PROC\p18f4580.asm
             RXF0SIDLbits   0x000f01       data     extern C:\MCC18\SRC\TRADIT~1\PROC\p18f4580.asm
                RXF10EIDH   0x000d76       data     extern C:\MCC18\SRC\TRADIT~1\PROC\p18f4580.asm
            RXF10EIDHbits   0x000d76       data     extern C:\MCC18\SRC\TRADIT~1\PROC\p18f4580.asm
                RXF10EIDL   0x000d77       data     extern C:\MCC18\SRC\TRADIT~1\PROC\p18f4580.asm
            RXF10EIDLbits   0x000d77       data     extern C:\MCC18\SRC\TRADIT~1\PROC\p18f4580.asm
                RXF10SIDH   0x000d74       data     extern C:\MCC18\SRC\TRADIT~1\PROC\p18f4580.asm
            RXF10SIDHbits   0x000d74       data     extern C:\MCC18\SRC\TRADIT~1\PROC\p18f4580.asm
                RXF10SIDL   0x000d75       data     extern C:\MCC18\SRC\TRADIT~1\PROC\p18f4580.asm
            RXF10SIDLbits   0x000d75       data     extern C:\MCC18\SRC\TRADIT~1\PROC\p18f4580.asm
                RXF11EIDH   0x000d7a       data     extern C:\MCC18\SRC\TRADIT~1\PROC\p18f4580.asm
            RXF11EIDHbits   0x000d7a       data     extern C:\MCC18\SRC\TRADIT~1\PROC\p18f4580.asm
                RXF11EIDL   0x000d7b       data     extern C:\MCC18\SRC\TRADIT~1\PROC\p18f4580.asm
            RXF11EIDLbits   0x000d7b       data     extern C:\MCC18\SRC\TRADIT~1\PROC\p18f4580.asm
                RXF11SIDH   0x000d78       data     extern C:\MCC18\SRC\TRADIT~1\PROC\p18f4580.asm
            RXF11SIDHbits   0x000d78       data     extern C:\MCC18\SRC\TRADIT~1\PROC\p18f4580.asm
                RXF11SIDL   0x000d79       data     extern C:\MCC18\SRC\TRADIT~1\PROC\p18f4580.asm
            RXF11SIDLbits   0x000d79       data     extern C:\MCC18\SRC\TRADIT~1\PROC\p18f4580.asm
                RXF12EIDH   0x000d82       data     extern C:\MCC18\SRC\TRADIT~1\PROC\p18f4580.asm
            RXF12EIDHbits   0x000d82       data     extern C:\MCC18\SRC\TRADIT~1\PROC\p18f4580.asm
                RXF12EIDL   0x000d83       data     extern C:\MCC18\SRC\TRADIT~1\PROC\p18f4580.asm
            RXF12EIDLbits   0x000d83       data     extern C:\MCC18\SRC\TRADIT~1\PROC\p18f4580.asm
                RXF12SIDH   0x000d80       data     extern C:\MCC18\SRC\TRADIT~1\PROC\p18f4580.asm
            RXF12SIDHbits   0x000d80       data     extern C:\MCC18\SRC\TRADIT~1\PROC\p18f4580.asm
                RXF12SIDL   0x000d81       data     extern C:\MCC18\SRC\TRADIT~1\PROC\p18f4580.asm
            RXF12SIDLbits   0x000d81       data     extern C:\MCC18\SRC\TRADIT~1\PROC\p18f4580.asm
                RXF13EIDH   0x000d86       data     extern C:\MCC18\SRC\TRADIT~1\PROC\p18f4580.asm
            RXF13EIDHbits   0x000d86       data     extern C:\MCC18\SRC\TRADIT~1\PROC\p18f4580.asm
                RXF13EIDL   0x000d87       data     extern C:\MCC18\SRC\TRADIT~1\PROC\p18f4580.asm
            RXF13EIDLbits   0x000d87       data     extern C:\MCC18\SRC\TRADIT~1\PROC\p18f4580.asm
                RXF13SIDH   0x000d84       data     extern C:\MCC18\SRC\TRADIT~1\PROC\p18f4580.asm
            RXF13SIDHbits   0x000d84       data     extern C:\MCC18\SRC\TRADIT~1\PROC\p18f4580.asm
                RXF13SIDL   0x000d85       data     extern C:\MCC18\SRC\TRADIT~1\PROC\p18f4580.asm
            RXF13SIDLbits   0x000d85       data     extern C:\MCC18\SRC\TRADIT~1\PROC\p18f4580.asm
                RXF14EIDH   0x000d8a       data     extern C:\MCC18\SRC\TRADIT~1\PROC\p18f4580.asm
            RXF14EIDHbits   0x000d8a       data     extern C:\MCC18\SRC\TRADIT~1\PROC\p18f4580.asm
                RXF14EIDL   0x000d8b       data     extern C:\MCC18\SRC\TRADIT~1\PROC\p18f4580.asm
            RXF14EIDLbits   0x000d8b       data     extern C:\MCC18\SRC\TRADIT~1\PROC\p18f4580.asm
                RXF14SIDH   0x000d88       data     extern C:\MCC18\SRC\TRADIT~1\PROC\p18f4580.asm
            RXF14SIDHbits   0x000d88       data     extern C:\MCC18\SRC\TRADIT~1\PROC\p18f4580.asm
                RXF14SIDL   0x000d89       data     extern C:\MCC18\SRC\TRADIT~1\PROC\p18f4580.asm
            RXF14SIDLbits   0x000d89       data     extern C:\MCC18\SRC\TRADIT~1\PROC\p18f4580.asm
                RXF15EIDH   0x000d92       data     extern C:\MCC18\SRC\TRADIT~1\PROC\p18f4580.asm
            RXF15EIDHbits   0x000d92       data     extern C:\MCC18\SRC\TRADIT~1\PROC\p18f4580.asm
                RXF15EIDL   0x000d93       data     extern C:\MCC18\SRC\TRADIT~1\PROC\p18f4580.asm
            RXF15EIDLbits   0x000d93       data     extern C:\MCC18\SRC\TRADIT~1\PROC\p18f4580.asm
                RXF15SIDH   0x000d90       data     extern C:\MCC18\SRC\TRADIT~1\PROC\p18f4580.asm
            RXF15SIDHbits   0x000d90       data     extern C:\MCC18\SRC\TRADIT~1\PROC\p18f4580.asm
                RXF15SIDL   0x000d91       data     extern C:\MCC18\SRC\TRADIT~1\PROC\p18f4580.asm
            RXF15SIDLbits   0x000d91       data     extern C:\MCC18\SRC\TRADIT~1\PROC\p18f4580.asm
                 RXF1EIDH   0x000f06       data     extern C:\MCC18\SRC\TRADIT~1\PROC\p18f4580.asm
             RXF1EIDHbits   0x000f06       data     extern C:\MCC18\SRC\TRADIT~1\PROC\p18f4580.asm
                 RXF1EIDL   0x000f07       data     extern C:\MCC18\SRC\TRADIT~1\PROC\p18f4580.asm
             RXF1EIDLbits   0x000f07       data     extern C:\MCC18\SRC\TRADIT~1\PROC\p18f4580.asm
                 RXF1SIDH   0x000f04       data     extern C:\MCC18\SRC\TRADIT~1\PROC\p18f4580.asm
             RXF1SIDHbits   0x000f04       data     extern C:\MCC18\SRC\TRADIT~1\PROC\p18f4580.asm
                 RXF1SIDL   0x000f05       data     extern C:\MCC18\SRC\TRADIT~1\PROC\p18f4580.asm
             RXF1SIDLbits   0x000f05       data     extern C:\MCC18\SRC\TRADIT~1\PROC\p18f4580.asm
                 RXF2EIDH   0x000f0a       data     extern C:\MCC18\SRC\TRADIT~1\PROC\p18f4580.asm
             RXF2EIDHbits   0x000f0a       data     extern C:\MCC18\SRC\TRADIT~1\PROC\p18f4580.asm
                 RXF2EIDL   0x000f0b       data     extern C:\MCC18\SRC\TRADIT~1\PROC\p18f4580.asm
             RXF2EIDLbits   0x000f0b       data     extern C:\MCC18\SRC\TRADIT~1\PROC\p18f4580.asm
                 RXF2SIDH   0x000f08       data     extern C:\MCC18\SRC\TRADIT~1\PROC\p18f4580.asm
             RXF2SIDHbits   0x000f08       data     extern C:\MCC18\SRC\TRADIT~1\PROC\p18f4580.asm
                 RXF2SIDL   0x000f09       data     extern C:\MCC18\SRC\TRADIT~1\PROC\p18f4580.asm
             RXF2SIDLbits   0x000f09       data     extern C:\MCC18\SRC\TRADIT~1\PROC\p18f4580.asm
                 RXF3EIDH   0x000f0e       data     extern C:\MCC18\SRC\TRADIT~1\PROC\p18f4580.asm
             RXF3EIDHbits   0x000f0e       data     extern C:\MCC18\SRC\TRADIT~1\PROC\p18f4580.asm
                 RXF3EIDL   0x000f0f       data     extern C:\MCC18\SRC\TRADIT~1\PROC\p18f4580.asm
             RXF3EIDLbits   0x000f0f       data     extern C:\MCC18\SRC\TRADIT~1\PROC\p18f4580.asm
                 RXF3SIDH   0x000f0c       data     extern C:\MCC18\SRC\TRADIT~1\PROC\p18f4580.asm
             RXF3SIDHbits   0x000f0c       data     extern C:\MCC18\SRC\TRADIT~1\PROC\p18f4580.asm
                 RXF3SIDL   0x000f0d       data     extern C:\MCC18\SRC\TRADIT~1\PROC\p18f4580.asm
             RXF3SIDLbits   0x000f0d       data     extern C:\MCC18\SRC\TRADIT~1\PROC\p18f4580.asm
                 RXF4EIDH   0x000f12       data     extern C:\MCC18\SRC\TRADIT~1\PROC\p18f4580.asm
             RXF4EIDHbits   0x000f12       data     extern C:\MCC18\SRC\TRADIT~1\PROC\p18f4580.asm
                 RXF4EIDL   0x000f13       data     extern C:\MCC18\SRC\TRADIT~1\PROC\p18f4580.asm
             RXF4EIDLbits   0x000f13       data     extern C:\MCC18\SRC\TRADIT~1\PROC\p18f4580.asm
                 RXF4SIDH   0x000f10       data     extern C:\MCC18\SRC\TRADIT~1\PROC\p18f4580.asm
             RXF4SIDHbits   0x000f10       data     extern C:\MCC18\SRC\TRADIT~1\PROC\p18f4580.asm
                 RXF4SIDL   0x000f11       data     extern C:\MCC18\SRC\TRADIT~1\PROC\p18f4580.asm
             RXF4SIDLbits   0x000f11       data     extern C:\MCC18\SRC\TRADIT~1\PROC\p18f4580.asm
                 RXF5EIDH   0x000f16       data     extern C:\MCC18\SRC\TRADIT~1\PROC\p18f4580.asm
             RXF5EIDHbits   0x000f16       data     extern C:\MCC18\SRC\TRADIT~1\PROC\p18f4580.asm
                 RXF5EIDL   0x000f17       data     extern C:\MCC18\SRC\TRADIT~1\PROC\p18f4580.asm
             RXF5EIDLbits   0x000f17       data     extern C:\MCC18\SRC\TRADIT~1\PROC\p18f4580.asm
                 RXF5SIDH   0x000f14       data     extern C:\MCC18\SRC\TRADIT~1\PROC\p18f4580.asm
             RXF5SIDHbits   0x000f14       data     extern C:\MCC18\SRC\TRADIT~1\PROC\p18f4580.asm
                 RXF5SIDL   0x000f15       data     extern C:\MCC18\SRC\TRADIT~1\PROC\p18f4580.asm
             RXF5SIDLbits   0x000f15       data     extern C:\MCC18\SRC\TRADIT~1\PROC\p18f4580.asm
                 RXF6EIDH   0x000d62       data     extern C:\MCC18\SRC\TRADIT~1\PROC\p18f4580.asm
             RXF6EIDHbits   0x000d62       data     extern C:\MCC18\SRC\TRADIT~1\PROC\p18f4580.asm
                 RXF6EIDL   0x000d63       data     extern C:\MCC18\SRC\TRADIT~1\PROC\p18f4580.asm
             RXF6EIDLbits   0x000d63       data     extern C:\MCC18\SRC\TRADIT~1\PROC\p18f4580.asm
                 RXF6SIDH   0x000d60       data     extern C:\MCC18\SRC\TRADIT~1\PROC\p18f4580.asm
             RXF6SIDHbits   0x000d60       data     extern C:\MCC18\SRC\TRADIT~1\PROC\p18f4580.asm
                 RXF6SIDL   0x000d61       data     extern C:\MCC18\SRC\TRADIT~1\PROC\p18f4580.asm
             RXF6SIDLbits   0x000d61       data     extern C:\MCC18\SRC\TRADIT~1\PROC\p18f4580.asm
                 RXF7EIDH   0x000d66       data     extern C:\MCC18\SRC\TRADIT~1\PROC\p18f4580.asm
             RXF7EIDHbits   0x000d66       data     extern C:\MCC18\SRC\TRADIT~1\PROC\p18f4580.asm
                 RXF7EIDL   0x000d67       data     extern C:\MCC18\SRC\TRADIT~1\PROC\p18f4580.asm
             RXF7EIDLbits   0x000d67       data     extern C:\MCC18\SRC\TRADIT~1\PROC\p18f4580.asm
                 RXF7SIDH   0x000d64       data     extern C:\MCC18\SRC\TRADIT~1\PROC\p18f4580.asm
             RXF7SIDHbits   0x000d64       data     extern C:\MCC18\SRC\TRADIT~1\PROC\p18f4580.asm
                 RXF7SIDL   0x000d65       data     extern C:\MCC18\SRC\TRADIT~1\PROC\p18f4580.asm
             RXF7SIDLbits   0x000d65       data     extern C:\MCC18\SRC\TRADIT~1\PROC\p18f4580.asm
                 RXF8EIDH   0x000d6a       data     extern C:\MCC18\SRC\TRADIT~1\PROC\p18f4580.asm
             RXF8EIDHbits   0x000d6a       data     extern C:\MCC18\SRC\TRADIT~1\PROC\p18f4580.asm
                 RXF8EIDL   0x000d6b       data     extern C:\MCC18\SRC\TRADIT~1\PROC\p18f4580.asm
             RXF8EIDLbits   0x000d6b       data     extern C:\MCC18\SRC\TRADIT~1\PROC\p18f4580.asm
                 RXF8SIDH   0x000d68       data     extern C:\MCC18\SRC\TRADIT~1\PROC\p18f4580.asm
             RXF8SIDHbits   0x000d68       data     extern C:\MCC18\SRC\TRADIT~1\PROC\p18f4580.asm
                 RXF8SIDL   0x000d69       data     extern C:\MCC18\SRC\TRADIT~1\PROC\p18f4580.asm
             RXF8SIDLbits   0x000d69       data     extern C:\MCC18\SRC\TRADIT~1\PROC\p18f4580.asm
                 RXF9EIDH   0x000d72       data     extern C:\MCC18\SRC\TRADIT~1\PROC\p18f4580.asm
             RXF9EIDHbits   0x000d72       data     extern C:\MCC18\SRC\TRADIT~1\PROC\p18f4580.asm
                 RXF9EIDL   0x000d73       data     extern C:\MCC18\SRC\TRADIT~1\PROC\p18f4580.asm
             RXF9EIDLbits   0x000d73       data     extern C:\MCC18\SRC\TRADIT~1\PROC\p18f4580.asm
                 RXF9SIDH   0x000d70       data     extern C:\MCC18\SRC\TRADIT~1\PROC\p18f4580.asm
             RXF9SIDHbits   0x000d70       data     extern C:\MCC18\SRC\TRADIT~1\PROC\p18f4580.asm
                 RXF9SIDL   0x000d71       data     extern C:\MCC18\SRC\TRADIT~1\PROC\p18f4580.asm
             RXF9SIDLbits   0x000d71       data     extern C:\MCC18\SRC\TRADIT~1\PROC\p18f4580.asm
                 RXFBCON0   0x000de0       data     extern C:\MCC18\SRC\TRADIT~1\PROC\p18f4580.asm
             RXFBCON0bits   0x000de0       data     extern C:\MCC18\SRC\TRADIT~1\PROC\p18f4580.asm
                 RXFBCON1   0x000de1       data     extern C:\MCC18\SRC\TRADIT~1\PROC\p18f4580.asm
             RXFBCON1bits   0x000de1       data     extern C:\MCC18\SRC\TRADIT~1\PROC\p18f4580.asm
                 RXFBCON2   0x000de2       data     extern C:\MCC18\SRC\TRADIT~1\PROC\p18f4580.asm
             RXFBCON2bits   0x000de2       data     extern C:\MCC18\SRC\TRADIT~1\PROC\p18f4580.asm
                 RXFBCON3   0x000de3       data     extern C:\MCC18\SRC\TRADIT~1\PROC\p18f4580.asm
             RXFBCON3bits   0x000de3       data     extern C:\MCC18\SRC\TRADIT~1\PROC\p18f4580.asm
                 RXFBCON4   0x000de4       data     extern C:\MCC18\SRC\TRADIT~1\PROC\p18f4580.asm
             RXFBCON4bits   0x000de4       data     extern C:\MCC18\SRC\TRADIT~1\PROC\p18f4580.asm
                 RXFBCON5   0x000de5       data     extern C:\MCC18\SRC\TRADIT~1\PROC\p18f4580.asm
             RXFBCON5bits   0x000de5       data     extern C:\MCC18\SRC\TRADIT~1\PROC\p18f4580.asm
                 RXFBCON6   0x000de6       data     extern C:\MCC18\SRC\TRADIT~1\PROC\p18f4580.asm
             RXFBCON6bits   0x000de6       data     extern C:\MCC18\SRC\TRADIT~1\PROC\p18f4580.asm
                 RXFBCON7   0x000de7       data     extern C:\MCC18\SRC\TRADIT~1\PROC\p18f4580.asm
             RXFBCON7bits   0x000de7       data     extern C:\MCC18\SRC\TRADIT~1\PROC\p18f4580.asm
                  RXFCON0   0x000dd4       data     extern C:\MCC18\SRC\TRADIT~1\PROC\p18f4580.asm
              RXFCON0bits   0x000dd4       data     extern C:\MCC18\SRC\TRADIT~1\PROC\p18f4580.asm
                  RXFCON1   0x000dd5       data     extern C:\MCC18\SRC\TRADIT~1\PROC\p18f4580.asm
              RXFCON1bits   0x000dd5       data     extern C:\MCC18\SRC\TRADIT~1\PROC\p18f4580.asm
                 RXM0EIDH   0x000f1a       data     extern C:\MCC18\SRC\TRADIT~1\PROC\p18f4580.asm
[...]
                  BRGCON2   0x000f71       data     extern C:\MCC18\SRC\TRADIT~1\PROC\p18f4580.asm
                  BRGCON3   0x000f72       data     extern C:\MCC18\SRC\TRADIT~1\PROC\p18f4580.asm
              BRGCON3bits   0x000f72       data     extern C:\MCC18\SRC\TRADIT~1\PROC\p18f4580.asm
               CIOCONbits   0x000f73       data     extern C:\MCC18\SRC\TRADIT~1\PROC\p18f4580.asm
                   CIOCON   0x000f73       data     extern C:\MCC18\SRC\TRADIT~1\PROC\p18f4580.asm
              COMSTATbits   0x000f74       data     extern C:\MCC18\SRC\TRADIT~1\PROC\p18f4580.asm
                  COMSTAT   0x000f74       data     extern C:\MCC18\SRC\TRADIT~1\PROC\p18f4580.asm
             RXERRCNTbits   0x000f75       data     extern C:\MCC18\SRC\TRADIT~1\PROC\p18f4580.asm
                 RXERRCNT   0x000f75       data     extern C:\MCC18\SRC\TRADIT~1\PROC\p18f4580.asm
             TXERRCNTbits   0x000f76       data     extern C:\MCC18\SRC\TRADIT~1\PROC\p18f4580.asm
                 TXERRCNT   0x000f76       data     extern C:\MCC18\SRC\TRADIT~1\PROC\p18f4580.asm
                  ECANCON   0x000f77       data     extern C:\MCC18\SRC\TRADIT~1\PROC\p18f4580.asm
              ECANCONbits   0x000f77       data     extern C:\MCC18\SRC\TRADIT~1\PROC\p18f4580.asm
                    PORTA   0x000f80       data     extern C:\MCC18\SRC\TRADIT~1\PROC\p18f4580.asm
                PORTAbits   0x000f80       data     extern C:\MCC18\SRC\TRADIT~1\PROC\p18f4580.asm
                    PORTB   0x000f81       data     extern C:\MCC18\SRC\TRADIT~1\PROC\p18f4580.asm
                PORTBbits   0x000f81       data     extern C:\MCC18\SRC\TRADIT~1\PROC\p18f4580.asm
                PORTCbits   0x000f82       data     extern C:\MCC18\SRC\TRADIT~1\PROC\p18f4580.asm
                    PORTC   0x000f82       data     extern C:\MCC18\SRC\TRADIT~1\PROC\p18f4580.asm
                    PORTD   0x000f83       data     extern C:\MCC18\SRC\TRADIT~1\PROC\p18f4580.asm
                PORTDbits   0x000f83       data     extern C:\MCC18\SRC\TRADIT~1\PROC\p18f4580.asm
                    PORTE   0x000f84       data     extern C:\MCC18\SRC\TRADIT~1\PROC\p18f4580.asm
                PORTEbits   0x000f84       data     extern C:\MCC18\SRC\TRADIT~1\PROC\p18f4580.asm
                 LATAbits   0x000f89       data     extern C:\MCC18\SRC\TRADIT~1\PROC\p18f4580.asm
                     LATA   0x000f89       data     extern C:\MCC18\SRC\TRADIT~1\PROC\p18f4580.asm
                 LATBbits   0x000f8a       data     extern C:\MCC18\SRC\TRADIT~1\PROC\p18f4580.asm
                     LATB   0x000f8a       data     extern C:\MCC18\SRC\TRADIT~1\PROC\p18f4580.asm
                     LATC   0x000f8b       data     extern C:\MCC18\SRC\TRADIT~1\PROC\p18f4580.asm
                 LATCbits   0x000f8b       data     extern C:\MCC18\SRC\TRADIT~1\PROC\p18f4580.asm
                 LATDbits   0x000f8c       data     extern C:\MCC18\SRC\TRADIT~1\PROC\p18f4580.asm
                     LATD   0x000f8c       data     extern C:\MCC18\SRC\TRADIT~1\PROC\p18f4580.asm
                 LATEbits   0x000f8d       data     extern C:\MCC18\SRC\TRADIT~1\PROC\p18f4580.asm
                     LATE   0x000f8d       data     extern C:\MCC18\SRC\TRADIT~1\PROC\p18f4580.asm
                 DDRAbits   0x000f92       data     extern C:\MCC18\SRC\TRADIT~1\PROC\p18f4580.asm
                     DDRA   0x000f92       data     extern C:\MCC18\SRC\TRADIT~1\PROC\p18f4580.asm
                    TRISA   0x000f92       data     extern C:\MCC18\SRC\TRADIT~1\PROC\p18f4580.asm
                TRISAbits   0x000f92       data     extern C:\MCC18\SRC\TRADIT~1\PROC\p18f4580.asm
                 DDRBbits   0x000f93       data     extern C:\MCC18\SRC\TRADIT~1\PROC\p18f4580.asm
                    TRISB   0x000f93       data     extern C:\MCC18\SRC\TRADIT~1\PROC\p18f4580.asm
                     DDRB   0x000f93       data     extern C:\MCC18\SRC\TRADIT~1\PROC\p18f4580.asm
                TRISBbits   0x000f93       data     extern C:\MCC18\SRC\TRADIT~1\PROC\p18f4580.asm
                 DDRCbits   0x000f94       data     extern C:\MCC18\SRC\TRADIT~1\PROC\p18f4580.asm
                     DDRC   0x000f94       data     extern C:\MCC18\SRC\TRADIT~1\PROC\p18f4580.asm
                TRISCbits   0x000f94       data     extern C:\MCC18\SRC\TRADIT~1\PROC\p18f4580.asm
                    TRISC   0x000f94       data     extern C:\MCC18\SRC\TRADIT~1\PROC\p18f4580.asm
                     DDRD   0x000f95       data     extern C:\MCC18\SRC\TRADIT~1\PROC\p18f4580.asm
                 DDRDbits   0x000f95       data     extern C:\MCC18\SRC\TRADIT~1\PROC\p18f4580.asm
                TRISDbits   0x000f95       data     extern C:\MCC18\SRC\TRADIT~1\PROC\p18f4580.asm
                    TRISD   0x000f95       data     extern C:\MCC18\SRC\TRADIT~1\PROC\p18f4580.asm
                    TRISE   0x000f96       data     extern C:\MCC18\SRC\TRADIT~1\PROC\p18f4580.asm
                TRISEbits   0x000f96       data     extern C:\MCC18\SRC\TRADIT~1\PROC\p18f4580.asm
                 DDREbits   0x000f96       data     extern C:\MCC18\SRC\TRADIT~1\PROC\p18f4580.asm
                     DDRE   0x000f96       data     extern C:\MCC18\SRC\TRADIT~1\PROC\p18f4580.asm
                  OSCTUNE   0x000f9b       data     extern C:\MCC18\SRC\TRADIT~1\PROC\p18f4580.asm
              OSCTUNEbits   0x000f9b       data     extern C:\MCC18\SRC\TRADIT~1\PROC\p18f4580.asm
                     PIE1   0x000f9d       data     extern C:\MCC18\SRC\TRADIT~1\PROC\p18f4580.asm
                 PIE1bits   0x000f9d       data     extern C:\MCC18\SRC\TRADIT~1\PROC\p18f4580.asm
                 PIR1bits   0x000f9e       data     extern C:\MCC18\SRC\TRADIT~1\PROC\p18f4580.asm
                     PIR1   0x000f9e       data     extern C:\MCC18\SRC\TRADIT~1\PROC\p18f4580.asm
                     IPR1   0x000f9f       data     extern C:\MCC18\SRC\TRADIT~1\PROC\p18f4580.asm
                 IPR1bits   0x000f9f       data     extern C:\MCC18\SRC\TRADIT~1\PROC\p18f4580.asm
                     PIE2   0x000fa0       data     extern C:\MCC18\SRC\TRADIT~1\PROC\p18f4580.asm
                 PIE2bits   0x000fa0       data     extern C:\MCC18\SRC\TRADIT~1\PROC\p18f4580.asm
                     PIR2   0x000fa1       data     extern C:\MCC18\SRC\TRADIT~1\PROC\p18f4580.asm
                 PIR2bits   0x000fa1       data     extern C:\MCC18\SRC\TRADIT~1\PROC\p18f4580.asm
                     IPR2   0x000fa2       data     extern C:\MCC18\SRC\TRADIT~1\PROC\p18f4580.asm
                 IPR2bits   0x000fa2       data     extern C:\MCC18\SRC\TRADIT~1\PROC\p18f4580.asm
                 PIE3bits   0x000fa3       data     extern C:\MCC18\SRC\TRADIT~1\PROC\p18f4580.asm
                     PIE3   0x000fa3       data     extern C:\MCC18\SRC\TRADIT~1\PROC\p18f4580.asm
                 PIR3bits   0x000fa4       data     extern C:\MCC18\SRC\TRADIT~1\PROC\p18f4580.asm
                     PIR3   0x000fa4       data     extern C:\MCC18\SRC\TRADIT~1\PROC\p18f4580.asm
                     IPR3   0x000fa5       data     extern C:\MCC18\SRC\TRADIT~1\PROC\p18f4580.asm
                 IPR3bits   0x000fa5       data     extern C:\MCC18\SRC\TRADIT~1\PROC\p18f4580.asm
                   EECON1   0x000fa6       data     extern C:\MCC18\SRC\TRADIT~1\PROC\p18f4580.asm
               EECON1bits   0x000fa6       data     extern C:\MCC18\SRC\TRADIT~1\PROC\p18f4580.asm
                   EECON2   0x000fa7       data     extern C:\MCC18\SRC\TRADIT~1\PROC\p18f4580.asm
                   EEDATA   0x000fa8       data     extern C:\MCC18\SRC\TRADIT~1\PROC\p18f4580.asm
                    EEADR   0x000fa9       data     extern C:\MCC18\SRC\TRADIT~1\PROC\p18f4580.asm
                RCSTAbits   0x000fab       data     extern C:\MCC18\SRC\TRADIT~1\PROC\p18f4580.asm
                    RCSTA   0x000fab       data     extern C:\MCC18\SRC\TRADIT~1\PROC\p18f4580.asm
                TXSTAbits   0x000fac       data     extern C:\MCC18\SRC\TRADIT~1\PROC\p18f4580.asm
                    TXSTA   0x000fac       data     extern C:\MCC18\SRC\TRADIT~1\PROC\p18f4580.asm
                    TXREG   0x000fad       data     extern C:\MCC18\SRC\TRADIT~1\PROC\p18f4580.asm
                    RCREG   0x000fae       data     extern C:\MCC18\SRC\TRADIT~1\PROC\p18f4580.asm
                    SPBRG   0x000faf       data     extern C:\MCC18\SRC\TRADIT~1\PROC\p18f4580.asm
                   SPBRGH   0x000fb0       data     extern C:\MCC18\SRC\TRADIT~1\PROC\p18f4580.asm
                    T3CON   0x000fb1       data     extern C:\MCC18\SRC\TRADIT~1\PROC\p18f4580.asm
                T3CONbits   0x000fb1       data     extern C:\MCC18\SRC\TRADIT~1\PROC\p18f4580.asm
                    TMR3L   0x000fb2       data     extern C:\MCC18\SRC\TRADIT~1\PROC\p18f4580.asm
                    TMR3H   0x000fb3       data     extern C:\MCC18\SRC\TRADIT~1\PROC\p18f4580.asm
                    CMCON   0x000fb4       data     extern C:\MCC18\SRC\TRADIT~1\PROC\p18f4580.asm
                CMCONbits   0x000fb4       data     extern C:\MCC18\SRC\TRADIT~1\PROC\p18f4580.asm
               CVRCONbits   0x000fb5       data     extern C:\MCC18\SRC\TRADIT~1\PROC\p18f4580.asm
                   CVRCON   0x000fb5       data     extern C:\MCC18\SRC\TRADIT~1\PROC\p18f4580.asm
              ECCP1ASbits   0x000fb6       data     extern C:\MCC18\SRC\TRADIT~1\PROC\p18f4580.asm
                  ECCP1AS   0x000fb6       data     extern C:\MCC18\SRC\TRADIT~1\PROC\p18f4580.asm
                 ECCP1DEL   0x000fb7       data     extern C:\MCC18\SRC\TRADIT~1\PROC\p18f4580.asm
             ECCP1DELbits   0x000fb7       data     extern C:\MCC18\SRC\TRADIT~1\PROC\p18f4580.asm
              BAUDCONbits   0x000fb8       data     extern C:\MCC18\SRC\TRADIT~1\PROC\p18f4580.asm
                  BAUDCON   0x000fb8       data     extern C:\MCC18\SRC\TRADIT~1\PROC\p18f4580.asm
                 ECCP1CON   0x000fba       data     extern C:\MCC18\SRC\TRADIT~1\PROC\p18f4580.asm
             ECCP1CONbits   0x000fba       data     extern C:\MCC18\SRC\TRADIT~1\PROC\p18f4580.asm
                  ECCPR1L   0x000fbb       data     extern C:\MCC18\SRC\TRADIT~1\PROC\p18f4580.asm
                   ECCPR1   0x000fbb       data     extern C:\MCC18\SRC\TRADIT~1\PROC\p18f4580.asm
                  ECCPR1H   0x000fbc       data     extern C:\MCC18\SRC\TRADIT~1\PROC\p18f4580.asm
                  CCP1CON   0x000fbd       data     extern C:\MCC18\SRC\TRADIT~1\PROC\p18f4580.asm
              CCP1CONbits   0x000fbd       data     extern C:\MCC18\SRC\TRADIT~1\PROC\p18f4580.asm
                   CCPR1L   0x000fbe       data     extern C:\MCC18\SRC\TRADIT~1\PROC\p18f4580.asm
                    CCPR1   0x000fbe       data     extern C:\MCC18\SRC\TRADIT~1\PROC\p18f4580.asm
                   CCPR1H   0x000fbf       data     extern C:\MCC18\SRC\TRADIT~1\PROC\p18f4580.asm
                   ADCON2   0x000fc0       data     extern C:\MCC18\SRC\TRADIT~1\PROC\p18f4580.asm
               ADCON2bits   0x000fc0       data     extern C:\MCC18\SRC\TRADIT~1\PROC\p18f4580.asm
                   ADCON1   0x000fc1       data     extern C:\MCC18\SRC\TRADIT~1\PROC\p18f4580.asm
               ADCON1bits   0x000fc1       data     extern C:\MCC18\SRC\TRADIT~1\PROC\p18f4580.asm
               ADCON0bits   0x000fc2       data     extern C:\MCC18\SRC\TRADIT~1\PROC\p18f4580.asm
                   ADCON0   0x000fc2       data     extern C:\MCC18\SRC\TRADIT~1\PROC\p18f4580.asm
                    ADRES   0x000fc3       data     extern C:\MCC18\SRC\TRADIT~1\PROC\p18f4580.asm
                   ADRESL   0x000fc3       data     extern C:\MCC18\SRC\TRADIT~1\PROC\p18f4580.asm
                   ADRESH   0x000fc4       data     extern C:\MCC18\SRC\TRADIT~1\PROC\p18f4580.asm
              SSPCON2bits   0x000fc5       data     extern C:\MCC18\SRC\TRADIT~1\PROC\p18f4580.asm
                  SSPCON2   0x000fc5       data     extern C:\MCC18\SRC\TRADIT~1\PROC\p18f4580.asm
                  SSPCON1   0x000fc6       data     extern C:\MCC18\SRC\TRADIT~1\PROC\p18f4580.asm
              SSPCON1bits   0x000fc6       data     extern C:\MCC18\SRC\TRADIT~1\PROC\p18f4580.asm
              SSPSTATbits   0x000fc7       data     extern C:\MCC18\SRC\TRADIT~1\PROC\p18f4580.asm
                  SSPSTAT   0x000fc7       data     extern C:\MCC18\SRC\TRADIT~1\PROC\p18f4580.asm
                   SSPADD   0x000fc8       data     extern C:\MCC18\SRC\TRADIT~1\PROC\p18f4580.asm
                   SSPBUF   0x000fc9       data     extern C:\MCC18\SRC\TRADIT~1\PROC\p18f4580.asm
                T2CONbits   0x000fca       data     extern C:\MCC18\SRC\TRADIT~1\PROC\p18f4580.asm
                    T2CON   0x000fca       data     extern C:\MCC18\SRC\TRADIT~1\PROC\p18f4580.asm
                      PR2   0x000fcb       data     extern C:\MCC18\SRC\TRADIT~1\PROC\p18f4580.asm
                     TMR2   0x000fcc       data     extern C:\MCC18\SRC\TRADIT~1\PROC\p18f4580.asm
                    T1CON   0x000fcd       data     extern C:\MCC18\SRC\TRADIT~1\PROC\p18f4580.asm
                T1CONbits   0x000fcd       data     extern C:\MCC18\SRC\TRADIT~1\PROC\p18f4580.asm
                    TMR1L   0x000fce       data     extern C:\MCC18\SRC\TRADIT~1\PROC\p18f4580.asm
                    TMR1H   0x000fcf       data     extern C:\MCC18\SRC\TRADIT~1\PROC\p18f4580.asm
                     RCON   0x000fd0       data     extern C:\MCC18\SRC\TRADIT~1\PROC\p18f4580.asm
                 RCONbits   0x000fd0       data     extern C:\MCC18\SRC\TRADIT~1\PROC\p18f4580.asm
                   WDTCON   0x000fd1       data     extern C:\MCC18\SRC\TRADIT~1\PROC\p18f4580.asm
               WDTCONbits   0x000fd1       data     extern C:\MCC18\SRC\TRADIT~1\PROC\p18f4580.asm
              HLVDCONbits   0x000fd2       data     extern C:\MCC18\SRC\TRADIT~1\PROC\p18f4580.asm
                  HLVDCON   0x000fd2       data     extern C:\MCC18\SRC\TRADIT~1\PROC\p18f4580.asm
                   LVDCON   0x000fd2       data     extern C:\MCC18\SRC\TRADIT~1\PROC\p18f4580.asm
               LVDCONbits   0x000fd2       data     extern C:\MCC18\SRC\TRADIT~1\PROC\p18f4580.asm
                   OSCCON   0x000fd3       data     extern C:\MCC18\SRC\TRADIT~1\PROC\p18f4580.asm
               OSCCONbits   0x000fd3       data     extern C:\MCC18\SRC\TRADIT~1\PROC\p18f4580.asm
                T0CONbits   0x000fd5       data     extern C:\MCC18\SRC\TRADIT~1\PROC\p18f4580.asm
                    T0CON   0x000fd5       data     extern C:\MCC18\SRC\TRADIT~1\PROC\p18f4580.asm
                    TMR0L   0x000fd6       data     extern C:\MCC18\SRC\TRADIT~1\PROC\p18f4580.asm
                    TMR0H   0x000fd7       data     extern C:\MCC18\SRC\TRADIT~1\PROC\p18f4580.asm
               STATUSbits   0x000fd8       data     extern C:\MCC18\SRC\TRADIT~1\PROC\p18f4580.asm
                   STATUS   0x000fd8       data     extern C:\MCC18\SRC\TRADIT~1\PROC\p18f4580.asm
                    FSR2L   0x000fd9       data     extern C:\MCC18\SRC\TRADIT~1\PROC\p18f4580.asm
                     FSR2   0x000fd9       data     extern C:\MCC18\SRC\TRADIT~1\PROC\p18f4580.asm
                    FSR2H   0x000fda       data     extern C:\MCC18\SRC\TRADIT~1\PROC\p18f4580.asm
                   PLUSW2   0x000fdb       data     extern C:\MCC18\SRC\TRADIT~1\PROC\p18f4580.asm
                  PREINC2   0x000fdc       data     extern C:\MCC18\SRC\TRADIT~1\PROC\p18f4580.asm
                 POSTDEC2   0x000fdd       data     extern C:\MCC18\SRC\TRADIT~1\PROC\p18f4580.asm
                 POSTINC2   0x000fde       data     extern C:\MCC18\SRC\TRADIT~1\PROC\p18f4580.asm
                    INDF2   0x000fdf       data     extern C:\MCC18\SRC\TRADIT~1\PROC\p18f4580.asm
                      BSR   0x000fe0       data     extern C:\MCC18\SRC\TRADIT~1\PROC\p18f4580.asm
                    FSR1L   0x000fe1       data     extern C:\MCC18\SRC\TRADIT~1\PROC\p18f4580.asm
                     FSR1   0x000fe1       data     extern C:\MCC18\SRC\TRADIT~1\PROC\p18f4580.asm
                    FSR1H   0x000fe2       data     extern C:\MCC18\SRC\TRADIT~1\PROC\p18f4580.asm
                   PLUSW1   0x000fe3       data     extern C:\MCC18\SRC\TRADIT~1\PROC\p18f4580.asm
                  PREINC1   0x000fe4       data     extern C:\MCC18\SRC\TRADIT~1\PROC\p18f4580.asm
                 POSTDEC1   0x000fe5       data     extern C:\MCC18\SRC\TRADIT~1\PROC\p18f4580.asm
                 POSTINC1   0x000fe6       data     extern C:\MCC18\SRC\TRADIT~1\PROC\p18f4580.asm
                    INDF1   0x000fe7       data     extern C:\MCC18\SRC\TRADIT~1\PROC\p18f4580.asm
                     WREG   0x000fe8       data     extern C:\MCC18\SRC\TRADIT~1\PROC\p18f4580.asm
                     FSR0   0x000fe9       data     extern C:\MCC18\SRC\TRADIT~1\PROC\p18f4580.asm
                    FSR0L   0x000fe9       data     extern C:\MCC18\SRC\TRADIT~1\PROC\p18f4580.asm
                    FSR0H   0x000fea       data     extern C:\MCC18\SRC\TRADIT~1\PROC\p18f4580.asm
                   PLUSW0   0x000feb       data     extern C:\MCC18\SRC\TRADIT~1\PROC\p18f4580.asm
                  PREINC0   0x000fec       data     extern C:\MCC18\SRC\TRADIT~1\PROC\p18f4580.asm
                 POSTDEC0   0x000fed       data     extern C:\MCC18\SRC\TRADIT~1\PROC\p18f4580.asm
                 POSTINC0   0x000fee       data     extern C:\MCC18\SRC\TRADIT~1\PROC\p18f4580.asm
                    INDF0   0x000fef       data     extern C:\MCC18\SRC\TRADIT~1\PROC\p18f4580.asm
                  INTCON3   0x000ff0       data     extern C:\MCC18\SRC\TRADIT~1\PROC\p18f4580.asm
              INTCON3bits   0x000ff0       data     extern C:\MCC18\SRC\TRADIT~1\PROC\p18f4580.asm
                  INTCON2   0x000ff1       data     extern C:\MCC18\SRC\TRADIT~1\PROC\p18f4580.asm
              INTCON2bits   0x000ff1       data     extern C:\MCC18\SRC\TRADIT~1\PROC\p18f4580.asm
               INTCONbits   0x000ff2       data     extern C:\MCC18\SRC\TRADIT~1\PROC\p18f4580.asm
                   INTCON   0x000ff2       data     extern C:\MCC18\SRC\TRADIT~1\PROC\p18f4580.asm
                     PROD   0x000ff3       data     extern C:\MCC18\SRC\TRADIT~1\PROC\p18f4580.asm
                    PRODL   0x000ff3       data     extern C:\MCC18\SRC\TRADIT~1\PROC\p18f4580.asm
                    PRODH   0x000ff4       data     extern C:\MCC18\SRC\TRADIT~1\PROC\p18f4580.asm
                   TABLAT   0x000ff5       data     extern C:\MCC18\SRC\TRADIT~1\PROC\p18f4580.asm
                  TBLPTRL   0x000ff6       data     extern C:\MCC18\SRC\TRADIT~1\PROC\p18f4580.asm
                   TBLPTR   0x000ff6       data     extern C:\MCC18\SRC\TRADIT~1\PROC\p18f4580.asm
                  TBLPTRH   0x000ff7       data     extern C:\MCC18\SRC\TRADIT~1\PROC\p18f4580.asm
                  TBLPTRU   0x000ff8       data     extern C:\MCC18\SRC\TRADIT~1\PROC\p18f4580.asm
                      PCL   0x000ff9       data     extern C:\MCC18\SRC\TRADIT~1\PROC\p18f4580.asm
                       PC   0x000ff9       data     extern C:\MCC18\SRC\TRADIT~1\PROC\p18f4580.asm
                   PCLATH   0x000ffa       data     extern C:\MCC18\SRC\TRADIT~1\PROC\p18f4580.asm
                   PCLATU   0x000ffb       data     extern C:\MCC18\SRC\TRADIT~1\PROC\p18f4580.asm
                   STKPTR   0x000ffc       data     extern C:\MCC18\SRC\TRADIT~1\PROC\p18f4580.asm
               STKPTRbits   0x000ffc       data     extern C:\MCC18\SRC\TRADIT~1\PROC\p18f4580.asm
                      TOS   0x000ffd       data     extern C:\MCC18\SRC\TRADIT~1\PROC\p18f4580.asm
                     TOSL   0x000ffd       data     extern C:\MCC18\SRC\TRADIT~1\PROC\p18f4580.asm
                     TOSH   0x000ffe       data     extern C:\MCC18\SRC\TRADIT~1\PROC\p18f4580.asm
                     TOSU   0x000fff       data     extern C:\MCC18\SRC\TRADIT~1\PROC\p18f4580.asm


