MPLINK 3.60, Linker
Linker Map File - Created Mon Jun 21 13:07:44 2004

                                 Section Info
                  Section       Type    Address   Location Size(Bytes)
                ---------  ---------  ---------  ---------  ---------
                   .org_0       code   0x000000    program   0x000006
                   .org_1       code   0x000004    program   0x00020e
                    .code       code   0x00010b    program   0x0002c2
                   .cinit    romdata   0x002000    program   0x000004
                  .config       code   0x002007    program   0x000002
                   .udata      udata   0x000020       data   0x000044
               .udata_shr      udata   0x000071       data   0x000009



                              Program Memory Usage 
                               Start         End      
                           ---------   ---------      
                            0x000000    0x000002      
                            0x000004    0x00026b      
                            0x002000    0x002001      
                            0x002007    0x002007      
            622 out of 8453 program addresses used, program memory utilization is 7%



                              Symbols - Sorted by Name
                     Name    Address   Location    Storage File                     
                ---------  ---------  ---------  --------- ---------                
                 CC1Kregs   0x000006    program     extern C:\Embedded\Rover\Rover_master.ASM
           CHECK_MST_EOTX   0x0000ab    program     static C:\Embedded\Rover\Rover_master.ASM
          CalibrateCC1000   0x00022b    program     extern C:\Embedded\Rover\CC1000_routines.asm
              Comm_buffer   0x000025    program     extern C:\Embedded\Rover\Rover_master.ASM
               Delay100uS   0x00025d    program     extern C:\Embedded\Rover\Timeserv.asm
                  DelaymS   0x000257    program     extern C:\Embedded\Rover\Timeserv.asm
                  DelayuS   0x000263    program     extern C:\Embedded\Rover\Timeserv.asm
                  GET_A_D   0x0000e3    program     static C:\Embedded\Rover\Rover_master.ASM
                 GET_DATA   0x0000b1    program     static C:\Embedded\Rover\Rover_master.ASM
        GET_NEXT_REGISTER   0x000005    program     extern C:\Embedded\Rover\Rover_master.ASM
               RAW_BUFFER   0x000024    program     extern C:\Embedded\Rover\Rover_master.ASM
   ReadFromCC1000register   0x00012b    program     extern C:\Embedded\Rover\CC1000_routines.asm
             Reset_CC1000   0x00016b    program     extern C:\Embedded\Rover\CC1000_routines.asm
                 SEND_BIT   0x00008f    program     static C:\Embedded\Rover\Rover_master.ASM
     START_OF_THE_PROGRAM   0x00010b    program     static C:\Embedded\Rover\Rover_master.ASM
   Send_address_to_CC1000   0x00014e    program     static C:\Embedded\Rover\CC1000_routines.asm
            SetupCC1000Rx   0x0001cf    program     extern C:\Embedded\Rover\CC1000_routines.asm
            SetupCC1000Tx   0x0001f9    program     extern C:\Embedded\Rover\CC1000_routines.asm
          Setup_CC1000All   0x000179    program     extern C:\Embedded\Rover\CC1000_routines.asm
           Setup_CC1000PD   0x000161    program     extern C:\Embedded\Rover\CC1000_routines.asm
                    Start   0x000036    program     static C:\Embedded\Rover\Rover_master.ASM
               TIMEREX100   0x000262    program     static C:\Embedded\Rover\Timeserv.asm
                TIMEREXMs   0x00025c    program     static C:\Embedded\Rover\Timeserv.asm
                 TIMERXuS   0x00026b    program     static C:\Embedded\Rover\Timeserv.asm
              TREAT_ERROR   0x0000a7    program     extern C:\Embedded\Rover\Rover_master.ASM
         WakeUpCC1000toRx   0x000188    program     extern C:\Embedded\Rover\CC1000_routines.asm
         WakeUpCC1000toTx   0x0001ab    program     extern C:\Embedded\Rover\CC1000_routines.asm
    WriteToCC1000register   0x00010b    program     extern C:\Embedded\Rover\CC1000_routines.asm
              _.code_0017   0x000122    program     static C:\Embedded\Rover\CC1000_routines.asm
              _.code_004F   0x00015a    program     static C:\Embedded\Rover\CC1000_routines.asm
             _.org_1_009C   0x00009c    program     static C:\Embedded\Rover\Rover_master.ASM
             _.org_1_00AE   0x0000ae    program     static C:\Embedded\Rover\Rover_master.ASM
             _.org_1_00E9   0x0000e9    program     static C:\Embedded\Rover\Rover_master.ASM
             _.org_1_00EC   0x0000ec    program     static C:\Embedded\Rover\Rover_master.ASM
                _ADCON_GO   0x0000ea    program     static C:\Embedded\Rover\Rover_master.ASM
               _ADCON_RDY   0x0000ed    program     static C:\Embedded\Rover\Rover_master.ASM
                  _ADDR_0   0x000155    program     static C:\Embedded\Rover\CC1000_routines.asm
                  _ADDR_1   0x00015b    program     static C:\Embedded\Rover\CC1000_routines.asm
               _CAL_ENDED   0x000077    program     static C:\Embedded\Rover\Rover_master.ASM
                 _CLR_DIO   0x00009d    program     static C:\Embedded\Rover\Rover_master.ASM
                 _CLR_MEM   0x00003b    program     static C:\Embedded\Rover\Rover_master.ASM
               _COMMS_END   0x00008e    program     static C:\Embedded\Rover\Rover_master.ASM
                 _CONT_1R   0x0001f3    program     static C:\Embedded\Rover\CC1000_routines.asm
                 _CONT_1T   0x000221    program     static C:\Embedded\Rover\CC1000_routines.asm
                _CONT_CAL   0x00024b    program     static C:\Embedded\Rover\CC1000_routines.asm
               _CONT_CALE   0x00024c    program     static C:\Embedded\Rover\CC1000_routines.asm
                _DCLK_OUT   0x000091    program     static C:\Embedded\Rover\Rover_master.ASM
               _IDLE_LOOP   0x00007c    program     static C:\Embedded\Rover\Rover_master.ASM
               _LOOP_TIM0   0x000269    program     static C:\Embedded\Rover\Timeserv.asm
             _MASTER_SEND   0x000086    program     static C:\Embedded\Rover\Rover_master.ASM
                 _MIC100S   0x00025e    program     static C:\Embedded\Rover\Timeserv.asm
                 _MILISEC   0x000258    program     static C:\Embedded\Rover\Timeserv.asm
              _NO_BIT_OUT   0x0000a6    program     static C:\Embedded\Rover\Rover_master.ASM
                 _OUT_END   0x0000a5    program     static C:\Embedded\Rover\Rover_master.ASM
                 _RDATA_1   0x00013e    program     static C:\Embedded\Rover\CC1000_routines.asm
                   _RESET   0x00007e    program     static C:\Embedded\Rover\Rover_master.ASM
                   _SETUP   0x00017a    program     static C:\Embedded\Rover\CC1000_routines.asm
               _SKIP_REGS   0x0000a8    program     static C:\Embedded\Rover\Rover_master.ASM
                 _TX_CONT   0x000095    program     static C:\Embedded\Rover\Rover_master.ASM
                 _TX_COPY   0x0000b9    program     static C:\Embedded\Rover\Rover_master.ASM
                _WAIT_CAL   0x000236    program     static C:\Embedded\Rover\CC1000_routines.asm
              _WAIT_RX_LK   0x0001e7    program     static C:\Embedded\Rover\CC1000_routines.asm
              _WAIT_TX_LK   0x000215    program     static C:\Embedded\Rover\CC1000_routines.asm
              _WAI_CAL_LK   0x00023d    program     static C:\Embedded\Rover\CC1000_routines.asm
                 _WDATA_1   0x00011d    program     static C:\Embedded\Rover\CC1000_routines.asm
                 _WDATA_2   0x000123    program     static C:\Embedded\Rover\CC1000_routines.asm
               DEBUG_BITS   0x000052       data     static C:\Embedded\Rover\Rover_master.ASM
                   D_BUG1   0x000053       data     static C:\Embedded\Rover\Rover_master.ASM
                   D_BUG2   0x000054       data     static C:\Embedded\Rover\Rover_master.ASM
                D_BUGGGER   0x000050       data     static C:\Embedded\Rover\Rover_master.ASM
              D_ERROR_CNT   0x00004e       data     static C:\Embedded\Rover\Rover_master.ASM
              D_ERROR_FLG   0x00004f       data     static C:\Embedded\Rover\Rover_master.ASM
                G_CC_Data   0x000056       data     extern C:\Embedded\Rover\CC1000_routines.asm
                 G_CC_Reg   0x000055       data     extern C:\Embedded\Rover\CC1000_routines.asm
                 G_Events   0x00004b       data     extern C:\Embedded\Rover\Rover_master.ASM
              G_Pr_status   0x00004c       data     extern C:\Embedded\Rover\Rover_master.ASM
                  G_State   0x00004d       data     static C:\Embedded\Rover\Rover_master.ASM
               L_BITCOU_R   0x000058       data     static C:\Embedded\Rover\CC1000_routines.asm
               L_BITCOU_S   0x000059       data     static C:\Embedded\Rover\CC1000_routines.asm
               L_BITCOU_W   0x000057       data     static C:\Embedded\Rover\CC1000_routines.asm
                   L_BITS   0x000023       data     static C:\Embedded\Rover\Rover_master.ASM
                  L_BYTES   0x000024       data     static C:\Embedded\Rover\Rover_master.ASM
                L_DATA_RX   0x000029       data     static C:\Embedded\Rover\Rover_master.ASM
             L_EE_COUNT_H   0x000072       data     static C:\Embedded\Rover\Rover_master.ASM
             L_EE_COUNT_L   0x000071       data     static C:\Embedded\Rover\Rover_master.ASM
          L_EE_COUNT_MORE   0x000073       data     static C:\Embedded\Rover\Rover_master.ASM
                  L_INDEX   0x000027       data     static C:\Embedded\Rover\Rover_master.ASM
            L_NEXT_FR_BYT   0x000026       data     static C:\Embedded\Rover\Rover_master.ASM
                L_PERSIST   0x00004a       data     static C:\Embedded\Rover\Rover_master.ASM
                  L_PORTC   0x000028       data     static C:\Embedded\Rover\Rover_master.ASM
                L_RX_BUFF   0x00002a       data     static C:\Embedded\Rover\Rover_master.ASM
                 L_RX_CUR   0x00005d       data     static C:\Embedded\Rover\CC1000_routines.asm
                L_SUP_REG   0x00005c       data     static C:\Embedded\Rover\CC1000_routines.asm
                L_TEMPADD   0x00005a       data     static C:\Embedded\Rover\CC1000_routines.asm
               L_TEMPDATA   0x00005b       data     static C:\Embedded\Rover\CC1000_routines.asm
               L_TIMEOUT1   0x00005f       data     static C:\Embedded\Rover\CC1000_routines.asm
               L_TIMEOUT2   0x000060       data     static C:\Embedded\Rover\CC1000_routines.asm
                L_TX_BUFF   0x00003a       data     static C:\Embedded\Rover\Rover_master.ASM
               L_TX_COUNT   0x000025       data     static C:\Embedded\Rover\Rover_master.ASM
                 L_TX_CUR   0x00005e       data     static C:\Embedded\Rover\CC1000_routines.asm
                  L_Temp1   0x000020       data     static C:\Embedded\Rover\Rover_master.ASM
                L_Temp_CS   0x000022       data     static C:\Embedded\Rover\Rover_master.ASM
                   L_Tim1   0x000061       data     static C:\Embedded\Rover\Timeserv.asm
                   L_Tim2   0x000062       data     static C:\Embedded\Rover\Timeserv.asm
                   L_Tim3   0x000063       data     static C:\Embedded\Rover\Timeserv.asm
              STATUS_TEMP   0x000051       data     static C:\Embedded\Rover\Rover_master.ASM
                TEMP_BYT0   0x000021       data     static C:\Embedded\Rover\Rover_master.ASM
                   W_TEMP   0x000079       data     static C:\Embedded\Rover\Rover_master.ASM



                              Symbols - Sorted by Address
                     Name    Address   Location    Storage File                     
                ---------  ---------  ---------  --------- ---------                
        GET_NEXT_REGISTER   0x000005    program     extern C:\Embedded\Rover\Rover_master.ASM
                 CC1Kregs   0x000006    program     extern C:\Embedded\Rover\Rover_master.ASM
               RAW_BUFFER   0x000024    program     extern C:\Embedded\Rover\Rover_master.ASM
              Comm_buffer   0x000025    program     extern C:\Embedded\Rover\Rover_master.ASM
                    Start   0x000036    program     static C:\Embedded\Rover\Rover_master.ASM
                 _CLR_MEM   0x00003b    program     static C:\Embedded\Rover\Rover_master.ASM
               _CAL_ENDED   0x000077    program     static C:\Embedded\Rover\Rover_master.ASM
               _IDLE_LOOP   0x00007c    program     static C:\Embedded\Rover\Rover_master.ASM
                   _RESET   0x00007e    program     static C:\Embedded\Rover\Rover_master.ASM
             _MASTER_SEND   0x000086    program     static C:\Embedded\Rover\Rover_master.ASM
               _COMMS_END   0x00008e    program     static C:\Embedded\Rover\Rover_master.ASM
                 SEND_BIT   0x00008f    program     static C:\Embedded\Rover\Rover_master.ASM
                _DCLK_OUT   0x000091    program     static C:\Embedded\Rover\Rover_master.ASM
                 _TX_CONT   0x000095    program     static C:\Embedded\Rover\Rover_master.ASM
             _.org_1_009C   0x00009c    program     static C:\Embedded\Rover\Rover_master.ASM
                 _CLR_DIO   0x00009d    program     static C:\Embedded\Rover\Rover_master.ASM
                 _OUT_END   0x0000a5    program     static C:\Embedded\Rover\Rover_master.ASM
              _NO_BIT_OUT   0x0000a6    program     static C:\Embedded\Rover\Rover_master.ASM
              TREAT_ERROR   0x0000a7    program     extern C:\Embedded\Rover\Rover_master.ASM
               _SKIP_REGS   0x0000a8    program     static C:\Embedded\Rover\Rover_master.ASM
           CHECK_MST_EOTX   0x0000ab    program     static C:\Embedded\Rover\Rover_master.ASM
             _.org_1_00AE   0x0000ae    program     static C:\Embedded\Rover\Rover_master.ASM
                 GET_DATA   0x0000b1    program     static C:\Embedded\Rover\Rover_master.ASM
                 _TX_COPY   0x0000b9    program     static C:\Embedded\Rover\Rover_master.ASM
                  GET_A_D   0x0000e3    program     static C:\Embedded\Rover\Rover_master.ASM
             _.org_1_00E9   0x0000e9    program     static C:\Embedded\Rover\Rover_master.ASM
                _ADCON_GO   0x0000ea    program     static C:\Embedded\Rover\Rover_master.ASM
             _.org_1_00EC   0x0000ec    program     static C:\Embedded\Rover\Rover_master.ASM
               _ADCON_RDY   0x0000ed    program     static C:\Embedded\Rover\Rover_master.ASM
    WriteToCC1000register   0x00010b    program     extern C:\Embedded\Rover\CC1000_routines.asm
     START_OF_THE_PROGRAM   0x00010b    program     static C:\Embedded\Rover\Rover_master.ASM
                 _WDATA_1   0x00011d    program     static C:\Embedded\Rover\CC1000_routines.asm
              _.code_0017   0x000122    program     static C:\Embedded\Rover\CC1000_routines.asm
                 _WDATA_2   0x000123    program     static C:\Embedded\Rover\CC1000_routines.asm
   ReadFromCC1000register   0x00012b    program     extern C:\Embedded\Rover\CC1000_routines.asm
                 _RDATA_1   0x00013e    program     static C:\Embedded\Rover\CC1000_routines.asm
   Send_address_to_CC1000   0x00014e    program     static C:\Embedded\Rover\CC1000_routines.asm
                  _ADDR_0   0x000155    program     static C:\Embedded\Rover\CC1000_routines.asm
              _.code_004F   0x00015a    program     static C:\Embedded\Rover\CC1000_routines.asm
                  _ADDR_1   0x00015b    program     static C:\Embedded\Rover\CC1000_routines.asm
           Setup_CC1000PD   0x000161    program     extern C:\Embedded\Rover\CC1000_routines.asm
             Reset_CC1000   0x00016b    program     extern C:\Embedded\Rover\CC1000_routines.asm
          Setup_CC1000All   0x000179    program     extern C:\Embedded\Rover\CC1000_routines.asm
                   _SETUP   0x00017a    program     static C:\Embedded\Rover\CC1000_routines.asm
         WakeUpCC1000toRx   0x000188    program     extern C:\Embedded\Rover\CC1000_routines.asm
         WakeUpCC1000toTx   0x0001ab    program     extern C:\Embedded\Rover\CC1000_routines.asm
            SetupCC1000Rx   0x0001cf    program     extern C:\Embedded\Rover\CC1000_routines.asm
              _WAIT_RX_LK   0x0001e7    program     static C:\Embedded\Rover\CC1000_routines.asm
                 _CONT_1R   0x0001f3    program     static C:\Embedded\Rover\CC1000_routines.asm
            SetupCC1000Tx   0x0001f9    program     extern C:\Embedded\Rover\CC1000_routines.asm
              _WAIT_TX_LK   0x000215    program     static C:\Embedded\Rover\CC1000_routines.asm
                 _CONT_1T   0x000221    program     static C:\Embedded\Rover\CC1000_routines.asm
          CalibrateCC1000   0x00022b    program     extern C:\Embedded\Rover\CC1000_routines.asm
                _WAIT_CAL   0x000236    program     static C:\Embedded\Rover\CC1000_routines.asm
              _WAI_CAL_LK   0x00023d    program     static C:\Embedded\Rover\CC1000_routines.asm
                _CONT_CAL   0x00024b    program     static C:\Embedded\Rover\CC1000_routines.asm
               _CONT_CALE   0x00024c    program     static C:\Embedded\Rover\CC1000_routines.asm
                  DelaymS   0x000257    program     extern C:\Embedded\Rover\Timeserv.asm
                 _MILISEC   0x000258    program     static C:\Embedded\Rover\Timeserv.asm
                TIMEREXMs   0x00025c    program     static C:\Embedded\Rover\Timeserv.asm
               Delay100uS   0x00025d    program     extern C:\Embedded\Rover\Timeserv.asm
                 _MIC100S   0x00025e    program     static C:\Embedded\Rover\Timeserv.asm
               TIMEREX100   0x000262    program     static C:\Embedded\Rover\Timeserv.asm
                  DelayuS   0x000263    program     extern C:\Embedded\Rover\Timeserv.asm
               _LOOP_TIM0   0x000269    program     static C:\Embedded\Rover\Timeserv.asm
                 TIMERXuS   0x00026b    program     static C:\Embedded\Rover\Timeserv.asm
                  L_Temp1   0x000020       data     static C:\Embedded\Rover\Rover_master.ASM
                TEMP_BYT0   0x000021       data     static C:\Embedded\Rover\Rover_master.ASM
                L_Temp_CS   0x000022       data     static C:\Embedded\Rover\Rover_master.ASM
                   L_BITS   0x000023       data     static C:\Embedded\Rover\Rover_master.ASM
                  L_BYTES   0x000024       data     static C:\Embedded\Rover\Rover_master.ASM
               L_TX_COUNT   0x000025       data     static C:\Embedded\Rover\Rover_master.ASM
            L_NEXT_FR_BYT   0x000026       data     static C:\Embedded\Rover\Rover_master.ASM
                  L_INDEX   0x000027       data     static C:\Embedded\Rover\Rover_master.ASM
                  L_PORTC   0x000028       data     static C:\Embedded\Rover\Rover_master.ASM
                L_DATA_RX   0x000029       data     static C:\Embedded\Rover\Rover_master.ASM
                L_RX_BUFF   0x00002a       data     static C:\Embedded\Rover\Rover_master.ASM
                L_TX_BUFF   0x00003a       data     static C:\Embedded\Rover\Rover_master.ASM
                L_PERSIST   0x00004a       data     static C:\Embedded\Rover\Rover_master.ASM
                 G_Events   0x00004b       data     extern C:\Embedded\Rover\Rover_master.ASM
              G_Pr_status   0x00004c       data     extern C:\Embedded\Rover\Rover_master.ASM
                  G_State   0x00004d       data     static C:\Embedded\Rover\Rover_master.ASM
              D_ERROR_CNT   0x00004e       data     static C:\Embedded\Rover\Rover_master.ASM
              D_ERROR_FLG   0x00004f       data     static C:\Embedded\Rover\Rover_master.ASM
                D_BUGGGER   0x000050       data     static C:\Embedded\Rover\Rover_master.ASM
              STATUS_TEMP   0x000051       data     static C:\Embedded\Rover\Rover_master.ASM
               DEBUG_BITS   0x000052       data     static C:\Embedded\Rover\Rover_master.ASM
                   D_BUG1   0x000053       data     static C:\Embedded\Rover\Rover_master.ASM
                   D_BUG2   0x000054       data     static C:\Embedded\Rover\Rover_master.ASM
                 G_CC_Reg   0x000055       data     extern C:\Embedded\Rover\CC1000_routines.asm
                G_CC_Data   0x000056       data     extern C:\Embedded\Rover\CC1000_routines.asm
               L_BITCOU_W   0x000057       data     static C:\Embedded\Rover\CC1000_routines.asm
               L_BITCOU_R   0x000058       data     static C:\Embedded\Rover\CC1000_routines.asm
               L_BITCOU_S   0x000059       data     static C:\Embedded\Rover\CC1000_routines.asm
                L_TEMPADD   0x00005a       data     static C:\Embedded\Rover\CC1000_routines.asm
               L_TEMPDATA   0x00005b       data     static C:\Embedded\Rover\CC1000_routines.asm
                L_SUP_REG   0x00005c       data     static C:\Embedded\Rover\CC1000_routines.asm
                 L_RX_CUR   0x00005d       data     static C:\Embedded\Rover\CC1000_routines.asm
                 L_TX_CUR   0x00005e       data     static C:\Embedded\Rover\CC1000_routines.asm
               L_TIMEOUT1   0x00005f       data     static C:\Embedded\Rover\CC1000_routines.asm
               L_TIMEOUT2   0x000060       data     static C:\Embedded\Rover\CC1000_routines.asm
                   L_Tim1   0x000061       data     static C:\Embedded\Rover\Timeserv.asm
                   L_Tim2   0x000062       data     static C:\Embedded\Rover\Timeserv.asm
                   L_Tim3   0x000063       data     static C:\Embedded\Rover\Timeserv.asm
             L_EE_COUNT_L   0x000071       data     static C:\Embedded\Rover\Rover_master.ASM
             L_EE_COUNT_H   0x000072       data     static C:\Embedded\Rover\Rover_master.ASM
          L_EE_COUNT_MORE   0x000073       data     static C:\Embedded\Rover\Rover_master.ASM
                   W_TEMP   0x000079       data     static C:\Embedded\Rover\Rover_master.ASM


