MPLINK 3.60, Linker
Linker Map File - Created Mon Jun 21 12:50:30 2004

                                 Section Info
                  Section       Type    Address   Location Size(Bytes)
                ---------  ---------  ---------  ---------  ---------
                   .org_0       code   0x000000    program   0x000006
                   .org_1       code   0x000004    program   0x000368
                    .code       code   0x0001b8    program   0x0002c2
                   .cinit    romdata   0x002000    program   0x000004
                  .config       code   0x002007    program   0x000002
                   .udata      udata   0x000020       data   0x000046
               .udata_shr      udata   0x000071       data   0x000009



                              Program Memory Usage 
                               Start         End      
                           ---------   ---------      
                            0x000000    0x000002      
                            0x000004    0x000318      
                            0x002000    0x002001      
                            0x002007    0x002007      
            795 out of 8453 program addresses used, program memory utilization is 9%



                              Symbols - Sorted by Name
                     Name    Address   Location    Storage File                     
                ---------  ---------  ---------  --------- ---------                
              ACCEPT_DATA   0x00013d    program     static C:\Embedded\Rover\Rover_slave.ASM
               BREAKPOINT   0x0000f0    program     static C:\Embedded\Rover\Rover_slave.ASM
         CALCULATE_PERIOD   0x000184    program     static C:\Embedded\Rover\Rover_slave.ASM
                 CC1Kregs   0x000006    program     extern C:\Embedded\Rover\Rover_slave.ASM
               CHECK_ADDR   0x00011f    program     static C:\Embedded\Rover\Rover_slave.ASM
           CHECK_PREAMBLE   0x0000f6    program     static C:\Embedded\Rover\Rover_slave.ASM
                CHECK_SUM   0x00014a    program     static C:\Embedded\Rover\Rover_slave.ASM
                 CHECK_UI   0x000108    program     static C:\Embedded\Rover\Rover_slave.ASM
          CalibrateCC1000   0x0002d8    program     extern C:\Embedded\Rover\CC1000_routines.asm
               Delay100uS   0x00030a    program     extern C:\Embedded\Rover\Timeserv.asm
                  DelaymS   0x000304    program     extern C:\Embedded\Rover\Timeserv.asm
                  DelayuS   0x000310    program     extern C:\Embedded\Rover\Timeserv.asm
        GET_NEXT_REGISTER   0x000005    program     extern C:\Embedded\Rover\Rover_slave.ASM
           NBR_BYTES_DATA   0x000130    program     static C:\Embedded\Rover\Rover_slave.ASM
               OUTPUT_PWM   0x000195    program     static C:\Embedded\Rover\Rover_slave.ASM
             PROCESS_DATA   0x00015d    program     static C:\Embedded\Rover\Rover_slave.ASM
              RECEIVE_BIT   0x000097    program     static C:\Embedded\Rover\Rover_slave.ASM
             RECEIVE_BYTE   0x0000ce    program     static C:\Embedded\Rover\Rover_slave.ASM
   ReadFromCC1000register   0x0001d8    program     extern C:\Embedded\Rover\CC1000_routines.asm
             Reset_CC1000   0x000218    program     extern C:\Embedded\Rover\CC1000_routines.asm
     START_OF_THE_PROGRAM   0x0001b8    program     static C:\Embedded\Rover\Rover_slave.ASM
               STEER_FREQ   0x00008c    program     static C:\Embedded\Rover\Rover_slave.ASM
   Send_address_to_CC1000   0x0001fb    program     static C:\Embedded\Rover\CC1000_routines.asm
            SetupCC1000Rx   0x00027c    program     extern C:\Embedded\Rover\CC1000_routines.asm
            SetupCC1000Tx   0x0002a6    program     extern C:\Embedded\Rover\CC1000_routines.asm
          Setup_CC1000All   0x000226    program     extern C:\Embedded\Rover\CC1000_routines.asm
           Setup_CC1000PD   0x00020e    program     extern C:\Embedded\Rover\CC1000_routines.asm
                    Start   0x000024    program     static C:\Embedded\Rover\Rover_slave.ASM
               TIMEREX100   0x00030f    program     static C:\Embedded\Rover\Timeserv.asm
                TIMEREXMs   0x000309    program     static C:\Embedded\Rover\Timeserv.asm
                 TIMERXuS   0x000318    program     static C:\Embedded\Rover\Timeserv.asm
              TREAT_ERROR   0x0000e8    program     extern C:\Embedded\Rover\Rover_slave.ASM
         WakeUpCC1000toRx   0x000235    program     extern C:\Embedded\Rover\CC1000_routines.asm
         WakeUpCC1000toTx   0x000258    program     extern C:\Embedded\Rover\CC1000_routines.asm
    WriteToCC1000register   0x0001b8    program     extern C:\Embedded\Rover\CC1000_routines.asm
              _.code_0017   0x0001cf    program     static C:\Embedded\Rover\CC1000_routines.asm
              _.code_004F   0x000207    program     static C:\Embedded\Rover\CC1000_routines.asm
             _.org_1_008D   0x00008d    program     static C:\Embedded\Rover\Rover_slave.ASM
             _.org_1_008F   0x00008f    program     static C:\Embedded\Rover\Rover_slave.ASM
             _.org_1_00AE   0x0000ae    program     static C:\Embedded\Rover\Rover_slave.ASM
             _.org_1_019E   0x00019e    program     static C:\Embedded\Rover\Rover_slave.ASM
             _.org_1_01A0   0x0001a0    program     static C:\Embedded\Rover\Rover_slave.ASM
          _ACCEPT_COMMAND   0x0000e5    program     static C:\Embedded\Rover\Rover_slave.ASM
              _ACCEPT_END   0x000149    program     static C:\Embedded\Rover\Rover_slave.ASM
                 _ADDRESS   0x0000d6    program     static C:\Embedded\Rover\Rover_slave.ASM
                  _ADDR_0   0x000202    program     static C:\Embedded\Rover\CC1000_routines.asm
                  _ADDR_1   0x000208    program     static C:\Embedded\Rover\CC1000_routines.asm
               _ADDR_BACK   0x00012f    program     static C:\Embedded\Rover\Rover_slave.ASM
               _ADDR_FAIL   0x00012e    program     static C:\Embedded\Rover\Rover_slave.ASM
                _BACKWARD   0x0001a8    program     static C:\Embedded\Rover\Rover_slave.ASM
               _BOF_CONT2   0x0000c0    program     static C:\Embedded\Rover\Rover_slave.ASM
               _BOF_FOUND   0x0000bd    program     static C:\Embedded\Rover\Rover_slave.ASM
              _BYTES_DONE   0x00013c    program     static C:\Embedded\Rover\Rover_slave.ASM
              _BYTES_FAIL   0x00013b    program     static C:\Embedded\Rover\Rover_slave.ASM
               _CAL_ENDED   0x000061    program     static C:\Embedded\Rover\Rover_slave.ASM
                 _CLR_MEM   0x000028    program     static C:\Embedded\Rover\Rover_slave.ASM
                   _CODE2   0x000112    program     static C:\Embedded\Rover\Rover_slave.ASM
               _COMMS_END   0x00008b    program     static C:\Embedded\Rover\Rover_slave.ASM
                 _CONT_1R   0x0002a0    program     static C:\Embedded\Rover\CC1000_routines.asm
                 _CONT_1T   0x0002ce    program     static C:\Embedded\Rover\CC1000_routines.asm
                _CONT_CAL   0x0002f8    program     static C:\Embedded\Rover\CC1000_routines.asm
               _CONT_CALE   0x0002f9    program     static C:\Embedded\Rover\CC1000_routines.asm
                 _CS_LOOP   0x00014f    program     static C:\Embedded\Rover\Rover_slave.ASM
                _DCLK_TST   0x000099    program     static C:\Embedded\Rover\Rover_slave.ASM
                _DIO_IN_P   0x0000a2    program     static C:\Embedded\Rover\Rover_slave.ASM
                 _FORWARD   0x0001a5    program     static C:\Embedded\Rover\Rover_slave.ASM
               _IDLE_LOOP   0x000073    program     static C:\Embedded\Rover\Rover_slave.ASM
               _LOOP_TIM0   0x000316    program     static C:\Embedded\Rover\Timeserv.asm
                 _MIC100S   0x00030b    program     static C:\Embedded\Rover\Timeserv.asm
                 _MILISEC   0x000305    program     static C:\Embedded\Rover\Timeserv.asm
               _NBR_BYTES   0x0000da    program     static C:\Embedded\Rover\Rover_slave.ASM
                  _NO_BOF   0x0000bb    program     static C:\Embedded\Rover\Rover_slave.ASM
              _OUTPUT_FIN   0x0001b7    program     static C:\Embedded\Rover\Rover_slave.ASM
               _PREA_CONT   0x0000fd    program     static C:\Embedded\Rover\Rover_slave.ASM
               _PREA_FAIL   0x000104    program     static C:\Embedded\Rover\Rover_slave.ASM
                _PREA_FIN   0x000107    program     static C:\Embedded\Rover\Rover_slave.ASM
              _RCV_FINISH   0x0000e6    program     static C:\Embedded\Rover\Rover_slave.ASM
                 _RDATA_1   0x0001eb    program     static C:\Embedded\Rover\CC1000_routines.asm
                _READ_MSG   0x000076    program     static C:\Embedded\Rover\Rover_slave.ASM
               _RECV_DATA   0x0000de    program     static C:\Embedded\Rover\Rover_slave.ASM
                   _RESET   0x000078    program     static C:\Embedded\Rover\Rover_slave.ASM
                 _RX_CONT   0x0000ac    program     static C:\Embedded\Rover\Rover_slave.ASM
                  _RX_END   0x0000cd    program     static C:\Embedded\Rover\Rover_slave.ASM
                _RX_ERROR   0x0000aa    program     static C:\Embedded\Rover\Rover_slave.ASM
                  _SC_FIN   0x00015c    program     static C:\Embedded\Rover\Rover_slave.ASM
                   _SC_OK   0x00015b    program     static C:\Embedded\Rover\Rover_slave.ASM
                   _SETUP   0x000227    program     static C:\Embedded\Rover\CC1000_routines.asm
               _SKIP_REGS   0x0000f3    program     static C:\Embedded\Rover\Rover_slave.ASM
           _SLAVE_ACTIONS   0x000081    program     static C:\Embedded\Rover\Rover_slave.ASM
                    _STOP   0x0001a2    program     static C:\Embedded\Rover\Rover_slave.ASM
                _SUMCHECK   0x0000e2    program     static C:\Embedded\Rover\Rover_slave.ASM
                 _UI_BACK   0x00011e    program     static C:\Embedded\Rover\Rover_slave.ASM
                 _UI_CONT   0x000113    program     static C:\Embedded\Rover\Rover_slave.ASM
                 _UI_FAIL   0x00011d    program     static C:\Embedded\Rover\Rover_slave.ASM
               _UNIQUE_ID   0x0000d2    program     static C:\Embedded\Rover\Rover_slave.ASM
                _WAIT_CAL   0x0002e3    program     static C:\Embedded\Rover\CC1000_routines.asm
              _WAIT_RX_LK   0x000294    program     static C:\Embedded\Rover\CC1000_routines.asm
              _WAIT_TX_LK   0x0002c2    program     static C:\Embedded\Rover\CC1000_routines.asm
              _WAI_CAL_LK   0x0002ea    program     static C:\Embedded\Rover\CC1000_routines.asm
                 _WDATA_1   0x0001ca    program     static C:\Embedded\Rover\CC1000_routines.asm
                 _WDATA_2   0x0001d0    program     static C:\Embedded\Rover\CC1000_routines.asm
               _WRITE_PWM   0x0001ac    program     static C:\Embedded\Rover\Rover_slave.ASM
                _read_all   0x0000e9    program     static C:\Embedded\Rover\Rover_slave.ASM
               DEBUG_BITS   0x000054       data     static C:\Embedded\Rover\Rover_slave.ASM
                   D_BUG1   0x000055       data     static C:\Embedded\Rover\Rover_slave.ASM
                   D_BUG2   0x000056       data     static C:\Embedded\Rover\Rover_slave.ASM
                D_BUGGGER   0x000050       data     static C:\Embedded\Rover\Rover_slave.ASM
              D_ERROR_CNT   0x00004e       data     static C:\Embedded\Rover\Rover_slave.ASM
              D_ERROR_FLG   0x00004f       data     static C:\Embedded\Rover\Rover_slave.ASM
                G_CC_Data   0x000058       data     extern C:\Embedded\Rover\CC1000_routines.asm
                 G_CC_Reg   0x000057       data     extern C:\Embedded\Rover\CC1000_routines.asm
                 G_Events   0x00004b       data     extern C:\Embedded\Rover\Rover_slave.ASM
              G_Pr_status   0x00004c       data     extern C:\Embedded\Rover\Rover_slave.ASM
                  G_State   0x00004d       data     static C:\Embedded\Rover\Rover_slave.ASM
               L_BITCOU_R   0x00005a       data     static C:\Embedded\Rover\CC1000_routines.asm
               L_BITCOU_S   0x00005b       data     static C:\Embedded\Rover\CC1000_routines.asm
               L_BITCOU_W   0x000059       data     static C:\Embedded\Rover\CC1000_routines.asm
                   L_BITS   0x000023       data     static C:\Embedded\Rover\Rover_slave.ASM
                  L_BYTES   0x000024       data     static C:\Embedded\Rover\Rover_slave.ASM
                L_DATA_RX   0x000029       data     static C:\Embedded\Rover\Rover_slave.ASM
             L_EE_COUNT_H   0x000072       data     static C:\Embedded\Rover\Rover_slave.ASM
             L_EE_COUNT_L   0x000071       data     static C:\Embedded\Rover\Rover_slave.ASM
          L_EE_COUNT_MORE   0x000073       data     static C:\Embedded\Rover\Rover_slave.ASM
                 L_FREQ_H   0x000053       data     static C:\Embedded\Rover\Rover_slave.ASM
                 L_FREQ_L   0x000052       data     static C:\Embedded\Rover\Rover_slave.ASM
                  L_INDEX   0x000027       data     static C:\Embedded\Rover\Rover_slave.ASM
            L_NEXT_FR_BYT   0x000026       data     static C:\Embedded\Rover\Rover_slave.ASM
                L_PERSIST   0x00004a       data     static C:\Embedded\Rover\Rover_slave.ASM
                  L_PORTC   0x000028       data     static C:\Embedded\Rover\Rover_slave.ASM
                L_RX_BUFF   0x00002a       data     static C:\Embedded\Rover\Rover_slave.ASM
                 L_RX_CUR   0x00005f       data     static C:\Embedded\Rover\CC1000_routines.asm
                L_SUP_REG   0x00005e       data     static C:\Embedded\Rover\CC1000_routines.asm
                L_TEMPADD   0x00005c       data     static C:\Embedded\Rover\CC1000_routines.asm
               L_TEMPDATA   0x00005d       data     static C:\Embedded\Rover\CC1000_routines.asm
                 L_TEMP_2   0x000021       data     static C:\Embedded\Rover\Rover_slave.ASM
               L_TIMEOUT1   0x000061       data     static C:\Embedded\Rover\CC1000_routines.asm
               L_TIMEOUT2   0x000062       data     static C:\Embedded\Rover\CC1000_routines.asm
                L_TX_BUFF   0x00003a       data     static C:\Embedded\Rover\Rover_slave.ASM
               L_TX_COUNT   0x000025       data     static C:\Embedded\Rover\Rover_slave.ASM
                 L_TX_CUR   0x000060       data     static C:\Embedded\Rover\CC1000_routines.asm
                  L_Temp1   0x000020       data     static C:\Embedded\Rover\Rover_slave.ASM
                L_Temp_CS   0x000022       data     static C:\Embedded\Rover\Rover_slave.ASM
                   L_Tim1   0x000063       data     static C:\Embedded\Rover\Timeserv.asm
                   L_Tim2   0x000064       data     static C:\Embedded\Rover\Timeserv.asm
                   L_Tim3   0x000065       data     static C:\Embedded\Rover\Timeserv.asm
              STATUS_TEMP   0x000051       data     static C:\Embedded\Rover\Rover_slave.ASM
                   W_TEMP   0x000079       data     static C:\Embedded\Rover\Rover_slave.ASM



                              Symbols - Sorted by Address
                     Name    Address   Location    Storage File                     
                ---------  ---------  ---------  --------- ---------                
        GET_NEXT_REGISTER   0x000005    program     extern C:\Embedded\Rover\Rover_slave.ASM
                 CC1Kregs   0x000006    program     extern C:\Embedded\Rover\Rover_slave.ASM
                    Start   0x000024    program     static C:\Embedded\Rover\Rover_slave.ASM
                 _CLR_MEM   0x000028    program     static C:\Embedded\Rover\Rover_slave.ASM
               _CAL_ENDED   0x000061    program     static C:\Embedded\Rover\Rover_slave.ASM
               _IDLE_LOOP   0x000073    program     static C:\Embedded\Rover\Rover_slave.ASM
                _READ_MSG   0x000076    program     static C:\Embedded\Rover\Rover_slave.ASM
                   _RESET   0x000078    program     static C:\Embedded\Rover\Rover_slave.ASM
           _SLAVE_ACTIONS   0x000081    program     static C:\Embedded\Rover\Rover_slave.ASM
               _COMMS_END   0x00008b    program     static C:\Embedded\Rover\Rover_slave.ASM
               STEER_FREQ   0x00008c    program     static C:\Embedded\Rover\Rover_slave.ASM
             _.org_1_008D   0x00008d    program     static C:\Embedded\Rover\Rover_slave.ASM
             _.org_1_008F   0x00008f    program     static C:\Embedded\Rover\Rover_slave.ASM
              RECEIVE_BIT   0x000097    program     static C:\Embedded\Rover\Rover_slave.ASM
                _DCLK_TST   0x000099    program     static C:\Embedded\Rover\Rover_slave.ASM
                _DIO_IN_P   0x0000a2    program     static C:\Embedded\Rover\Rover_slave.ASM
                _RX_ERROR   0x0000aa    program     static C:\Embedded\Rover\Rover_slave.ASM
                 _RX_CONT   0x0000ac    program     static C:\Embedded\Rover\Rover_slave.ASM
             _.org_1_00AE   0x0000ae    program     static C:\Embedded\Rover\Rover_slave.ASM
                  _NO_BOF   0x0000bb    program     static C:\Embedded\Rover\Rover_slave.ASM
               _BOF_FOUND   0x0000bd    program     static C:\Embedded\Rover\Rover_slave.ASM
               _BOF_CONT2   0x0000c0    program     static C:\Embedded\Rover\Rover_slave.ASM
                  _RX_END   0x0000cd    program     static C:\Embedded\Rover\Rover_slave.ASM
             RECEIVE_BYTE   0x0000ce    program     static C:\Embedded\Rover\Rover_slave.ASM
               _UNIQUE_ID   0x0000d2    program     static C:\Embedded\Rover\Rover_slave.ASM
                 _ADDRESS   0x0000d6    program     static C:\Embedded\Rover\Rover_slave.ASM
               _NBR_BYTES   0x0000da    program     static C:\Embedded\Rover\Rover_slave.ASM
               _RECV_DATA   0x0000de    program     static C:\Embedded\Rover\Rover_slave.ASM
                _SUMCHECK   0x0000e2    program     static C:\Embedded\Rover\Rover_slave.ASM
          _ACCEPT_COMMAND   0x0000e5    program     static C:\Embedded\Rover\Rover_slave.ASM
              _RCV_FINISH   0x0000e6    program     static C:\Embedded\Rover\Rover_slave.ASM
              TREAT_ERROR   0x0000e8    program     extern C:\Embedded\Rover\Rover_slave.ASM
                _read_all   0x0000e9    program     static C:\Embedded\Rover\Rover_slave.ASM
               BREAKPOINT   0x0000f0    program     static C:\Embedded\Rover\Rover_slave.ASM
               _SKIP_REGS   0x0000f3    program     static C:\Embedded\Rover\Rover_slave.ASM
           CHECK_PREAMBLE   0x0000f6    program     static C:\Embedded\Rover\Rover_slave.ASM
               _PREA_CONT   0x0000fd    program     static C:\Embedded\Rover\Rover_slave.ASM
               _PREA_FAIL   0x000104    program     static C:\Embedded\Rover\Rover_slave.ASM
                _PREA_FIN   0x000107    program     static C:\Embedded\Rover\Rover_slave.ASM
                 CHECK_UI   0x000108    program     static C:\Embedded\Rover\Rover_slave.ASM
                   _CODE2   0x000112    program     static C:\Embedded\Rover\Rover_slave.ASM
                 _UI_CONT   0x000113    program     static C:\Embedded\Rover\Rover_slave.ASM
                 _UI_FAIL   0x00011d    program     static C:\Embedded\Rover\Rover_slave.ASM
                 _UI_BACK   0x00011e    program     static C:\Embedded\Rover\Rover_slave.ASM
               CHECK_ADDR   0x00011f    program     static C:\Embedded\Rover\Rover_slave.ASM
               _ADDR_FAIL   0x00012e    program     static C:\Embedded\Rover\Rover_slave.ASM
               _ADDR_BACK   0x00012f    program     static C:\Embedded\Rover\Rover_slave.ASM
           NBR_BYTES_DATA   0x000130    program     static C:\Embedded\Rover\Rover_slave.ASM
              _BYTES_FAIL   0x00013b    program     static C:\Embedded\Rover\Rover_slave.ASM
              _BYTES_DONE   0x00013c    program     static C:\Embedded\Rover\Rover_slave.ASM
              ACCEPT_DATA   0x00013d    program     static C:\Embedded\Rover\Rover_slave.ASM
              _ACCEPT_END   0x000149    program     static C:\Embedded\Rover\Rover_slave.ASM
                CHECK_SUM   0x00014a    program     static C:\Embedded\Rover\Rover_slave.ASM
                 _CS_LOOP   0x00014f    program     static C:\Embedded\Rover\Rover_slave.ASM
                   _SC_OK   0x00015b    program     static C:\Embedded\Rover\Rover_slave.ASM
                  _SC_FIN   0x00015c    program     static C:\Embedded\Rover\Rover_slave.ASM
             PROCESS_DATA   0x00015d    program     static C:\Embedded\Rover\Rover_slave.ASM
         CALCULATE_PERIOD   0x000184    program     static C:\Embedded\Rover\Rover_slave.ASM
               OUTPUT_PWM   0x000195    program     static C:\Embedded\Rover\Rover_slave.ASM
             _.org_1_019E   0x00019e    program     static C:\Embedded\Rover\Rover_slave.ASM
             _.org_1_01A0   0x0001a0    program     static C:\Embedded\Rover\Rover_slave.ASM
                    _STOP   0x0001a2    program     static C:\Embedded\Rover\Rover_slave.ASM
                 _FORWARD   0x0001a5    program     static C:\Embedded\Rover\Rover_slave.ASM
                _BACKWARD   0x0001a8    program     static C:\Embedded\Rover\Rover_slave.ASM
               _WRITE_PWM   0x0001ac    program     static C:\Embedded\Rover\Rover_slave.ASM
              _OUTPUT_FIN   0x0001b7    program     static C:\Embedded\Rover\Rover_slave.ASM
    WriteToCC1000register   0x0001b8    program     extern C:\Embedded\Rover\CC1000_routines.asm
     START_OF_THE_PROGRAM   0x0001b8    program     static C:\Embedded\Rover\Rover_slave.ASM
                 _WDATA_1   0x0001ca    program     static C:\Embedded\Rover\CC1000_routines.asm
              _.code_0017   0x0001cf    program     static C:\Embedded\Rover\CC1000_routines.asm
                 _WDATA_2   0x0001d0    program     static C:\Embedded\Rover\CC1000_routines.asm
   ReadFromCC1000register   0x0001d8    program     extern C:\Embedded\Rover\CC1000_routines.asm
                 _RDATA_1   0x0001eb    program     static C:\Embedded\Rover\CC1000_routines.asm
   Send_address_to_CC1000   0x0001fb    program     static C:\Embedded\Rover\CC1000_routines.asm
                  _ADDR_0   0x000202    program     static C:\Embedded\Rover\CC1000_routines.asm
              _.code_004F   0x000207    program     static C:\Embedded\Rover\CC1000_routines.asm
                  _ADDR_1   0x000208    program     static C:\Embedded\Rover\CC1000_routines.asm
           Setup_CC1000PD   0x00020e    program     extern C:\Embedded\Rover\CC1000_routines.asm
             Reset_CC1000   0x000218    program     extern C:\Embedded\Rover\CC1000_routines.asm
          Setup_CC1000All   0x000226    program     extern C:\Embedded\Rover\CC1000_routines.asm
                   _SETUP   0x000227    program     static C:\Embedded\Rover\CC1000_routines.asm
         WakeUpCC1000toRx   0x000235    program     extern C:\Embedded\Rover\CC1000_routines.asm
         WakeUpCC1000toTx   0x000258    program     extern C:\Embedded\Rover\CC1000_routines.asm
            SetupCC1000Rx   0x00027c    program     extern C:\Embedded\Rover\CC1000_routines.asm
              _WAIT_RX_LK   0x000294    program     static C:\Embedded\Rover\CC1000_routines.asm
                 _CONT_1R   0x0002a0    program     static C:\Embedded\Rover\CC1000_routines.asm
            SetupCC1000Tx   0x0002a6    program     extern C:\Embedded\Rover\CC1000_routines.asm
              _WAIT_TX_LK   0x0002c2    program     static C:\Embedded\Rover\CC1000_routines.asm
                 _CONT_1T   0x0002ce    program     static C:\Embedded\Rover\CC1000_routines.asm
          CalibrateCC1000   0x0002d8    program     extern C:\Embedded\Rover\CC1000_routines.asm
                _WAIT_CAL   0x0002e3    program     static C:\Embedded\Rover\CC1000_routines.asm
              _WAI_CAL_LK   0x0002ea    program     static C:\Embedded\Rover\CC1000_routines.asm
                _CONT_CAL   0x0002f8    program     static C:\Embedded\Rover\CC1000_routines.asm
               _CONT_CALE   0x0002f9    program     static C:\Embedded\Rover\CC1000_routines.asm
                  DelaymS   0x000304    program     extern C:\Embedded\Rover\Timeserv.asm
                 _MILISEC   0x000305    program     static C:\Embedded\Rover\Timeserv.asm
                TIMEREXMs   0x000309    program     static C:\Embedded\Rover\Timeserv.asm
               Delay100uS   0x00030a    program     extern C:\Embedded\Rover\Timeserv.asm
                 _MIC100S   0x00030b    program     static C:\Embedded\Rover\Timeserv.asm
               TIMEREX100   0x00030f    program     static C:\Embedded\Rover\Timeserv.asm
                  DelayuS   0x000310    program     extern C:\Embedded\Rover\Timeserv.asm
               _LOOP_TIM0   0x000316    program     static C:\Embedded\Rover\Timeserv.asm
                 TIMERXuS   0x000318    program     static C:\Embedded\Rover\Timeserv.asm
                  L_Temp1   0x000020       data     static C:\Embedded\Rover\Rover_slave.ASM
                 L_TEMP_2   0x000021       data     static C:\Embedded\Rover\Rover_slave.ASM
                L_Temp_CS   0x000022       data     static C:\Embedded\Rover\Rover_slave.ASM
                   L_BITS   0x000023       data     static C:\Embedded\Rover\Rover_slave.ASM
                  L_BYTES   0x000024       data     static C:\Embedded\Rover\Rover_slave.ASM
               L_TX_COUNT   0x000025       data     static C:\Embedded\Rover\Rover_slave.ASM
            L_NEXT_FR_BYT   0x000026       data     static C:\Embedded\Rover\Rover_slave.ASM
                  L_INDEX   0x000027       data     static C:\Embedded\Rover\Rover_slave.ASM
                  L_PORTC   0x000028       data     static C:\Embedded\Rover\Rover_slave.ASM
                L_DATA_RX   0x000029       data     static C:\Embedded\Rover\Rover_slave.ASM
                L_RX_BUFF   0x00002a       data     static C:\Embedded\Rover\Rover_slave.ASM
                L_TX_BUFF   0x00003a       data     static C:\Embedded\Rover\Rover_slave.ASM
                L_PERSIST   0x00004a       data     static C:\Embedded\Rover\Rover_slave.ASM
                 G_Events   0x00004b       data     extern C:\Embedded\Rover\Rover_slave.ASM
              G_Pr_status   0x00004c       data     extern C:\Embedded\Rover\Rover_slave.ASM
                  G_State   0x00004d       data     static C:\Embedded\Rover\Rover_slave.ASM
              D_ERROR_CNT   0x00004e       data     static C:\Embedded\Rover\Rover_slave.ASM
              D_ERROR_FLG   0x00004f       data     static C:\Embedded\Rover\Rover_slave.ASM
                D_BUGGGER   0x000050       data     static C:\Embedded\Rover\Rover_slave.ASM
              STATUS_TEMP   0x000051       data     static C:\Embedded\Rover\Rover_slave.ASM
                 L_FREQ_L   0x000052       data     static C:\Embedded\Rover\Rover_slave.ASM
                 L_FREQ_H   0x000053       data     static C:\Embedded\Rover\Rover_slave.ASM
               DEBUG_BITS   0x000054       data     static C:\Embedded\Rover\Rover_slave.ASM
                   D_BUG1   0x000055       data     static C:\Embedded\Rover\Rover_slave.ASM
                   D_BUG2   0x000056       data     static C:\Embedded\Rover\Rover_slave.ASM
                 G_CC_Reg   0x000057       data     extern C:\Embedded\Rover\CC1000_routines.asm
                G_CC_Data   0x000058       data     extern C:\Embedded\Rover\CC1000_routines.asm
               L_BITCOU_W   0x000059       data     static C:\Embedded\Rover\CC1000_routines.asm
               L_BITCOU_R   0x00005a       data     static C:\Embedded\Rover\CC1000_routines.asm
               L_BITCOU_S   0x00005b       data     static C:\Embedded\Rover\CC1000_routines.asm
                L_TEMPADD   0x00005c       data     static C:\Embedded\Rover\CC1000_routines.asm
               L_TEMPDATA   0x00005d       data     static C:\Embedded\Rover\CC1000_routines.asm
                L_SUP_REG   0x00005e       data     static C:\Embedded\Rover\CC1000_routines.asm
                 L_RX_CUR   0x00005f       data     static C:\Embedded\Rover\CC1000_routines.asm
                 L_TX_CUR   0x000060       data     static C:\Embedded\Rover\CC1000_routines.asm
               L_TIMEOUT1   0x000061       data     static C:\Embedded\Rover\CC1000_routines.asm
               L_TIMEOUT2   0x000062       data     static C:\Embedded\Rover\CC1000_routines.asm
                   L_Tim1   0x000063       data     static C:\Embedded\Rover\Timeserv.asm
                   L_Tim2   0x000064       data     static C:\Embedded\Rover\Timeserv.asm
                   L_Tim3   0x000065       data     static C:\Embedded\Rover\Timeserv.asm
             L_EE_COUNT_L   0x000071       data     static C:\Embedded\Rover\Rover_slave.ASM
             L_EE_COUNT_H   0x000072       data     static C:\Embedded\Rover\Rover_slave.ASM
          L_EE_COUNT_MORE   0x000073       data     static C:\Embedded\Rover\Rover_slave.ASM
                   W_TEMP   0x000079       data     static C:\Embedded\Rover\Rover_slave.ASM


